Using device: cuda, model: crnn, augment: False, seed: 0
Feature config: {'window_s': 5.0, 'trim': True}
Waveform augmentation on, noise bank: 11 train-split clips
train: 9273 examples (train_fraction=1.0), val: 1409 examples
Slot heads on: 5229 labeled train clips, weight 0.3
Using ConfusablePairLoss (alpha=2.0, gamma=0.0, label_smoothing=0.0)
Model params: 173,869
epoch   1/80  train_loss=3.3685  val_slot_acc=0.3307  val_loss=3.1642  val_acc=0.0923  lr=1.00e-05  (22.0s)
  -> saved new best checkpoint (val_acc=0.0923) to checkpoints/exp39g_gru2_s0.pt
epoch   2/80  train_loss=3.3053  val_slot_acc=0.3686  val_loss=3.0473  val_acc=0.1462  lr=2.08e-04  (13.7s)
  -> saved new best checkpoint (val_acc=0.1462) to checkpoints/exp39g_gru2_s0.pt
epoch   3/80  train_loss=3.0152  val_slot_acc=0.4444  val_loss=2.7166  val_acc=0.2456  lr=4.06e-04  (16.2s)
  -> saved new best checkpoint (val_acc=0.2456) to checkpoints/exp39g_gru2_s0.pt
epoch   4/80  train_loss=2.6007  val_slot_acc=0.5569  val_loss=2.2299  val_acc=0.4556  lr=6.04e-04  (16.6s)
  -> saved new best checkpoint (val_acc=0.4556) to checkpoints/exp39g_gru2_s0.pt
epoch   5/80  train_loss=1.9869  val_slot_acc=0.7346  val_loss=1.6810  val_acc=0.6714  lr=8.02e-04  (16.3s)
  -> saved new best checkpoint (val_acc=0.6714) to checkpoints/exp39g_gru2_s0.pt
epoch   6/80  train_loss=1.5121  val_slot_acc=0.7961  val_loss=1.3693  val_acc=0.7388  lr=1.00e-03  (16.6s)
  -> saved new best checkpoint (val_acc=0.7388) to checkpoints/exp39g_gru2_s0.pt
epoch   7/80  train_loss=1.2170  val_slot_acc=0.8824  val_loss=1.1531  val_acc=0.7771  lr=1.00e-03  (17.3s)
  -> saved new best checkpoint (val_acc=0.7771) to checkpoints/exp39g_gru2_s0.pt
epoch   8/80  train_loss=1.0415  val_slot_acc=0.8680  val_loss=1.0782  val_acc=0.7757  lr=9.98e-04  (15.1s)
epoch   9/80  train_loss=0.8590  val_slot_acc=0.9268  val_loss=1.0372  val_acc=0.8155  lr=9.96e-04  (16.4s)
  -> saved new best checkpoint (val_acc=0.8155) to checkpoints/exp39g_gru2_s0.pt
epoch  10/80  train_loss=0.7931  val_slot_acc=0.9464  val_loss=0.9324  val_acc=0.8339  lr=9.93e-04  (13.6s)
  -> saved new best checkpoint (val_acc=0.8339) to checkpoints/exp39g_gru2_s0.pt
epoch  11/80  train_loss=0.7020  val_slot_acc=0.9503  val_loss=0.7813  val_acc=0.8545  lr=9.89e-04  (15.0s)
  -> saved new best checkpoint (val_acc=0.8545) to checkpoints/exp39g_gru2_s0.pt
epoch  12/80  train_loss=0.6295  val_slot_acc=0.9569  val_loss=0.8306  val_acc=0.8474  lr=9.84e-04  (15.6s)
epoch  13/80  train_loss=0.5776  val_slot_acc=0.9503  val_loss=0.8133  val_acc=0.8517  lr=9.79e-04  (14.9s)
epoch  14/80  train_loss=0.5525  val_slot_acc=0.9634  val_loss=0.7655  val_acc=0.8623  lr=9.72e-04  (14.3s)
  -> saved new best checkpoint (val_acc=0.8623) to checkpoints/exp39g_gru2_s0.pt
epoch  15/80  train_loss=0.4957  val_slot_acc=0.9660  val_loss=0.7640  val_acc=0.8659  lr=9.65e-04  (13.2s)
  -> saved new best checkpoint (val_acc=0.8659) to checkpoints/exp39g_gru2_s0.pt
epoch  16/80  train_loss=0.4802  val_slot_acc=0.9686  val_loss=0.7606  val_acc=0.8687  lr=9.57e-04  (12.4s)
  -> saved new best checkpoint (val_acc=0.8687) to checkpoints/exp39g_gru2_s0.pt
epoch  17/80  train_loss=0.4356  val_slot_acc=0.9673  val_loss=0.6740  val_acc=0.8793  lr=9.48e-04  (13.0s)
  -> saved new best checkpoint (val_acc=0.8793) to checkpoints/exp39g_gru2_s0.pt
epoch  18/80  train_loss=0.4209  val_slot_acc=0.9556  val_loss=0.7787  val_acc=0.8566  lr=9.38e-04  (13.6s)
epoch  19/80  train_loss=0.3772  val_slot_acc=0.9595  val_loss=0.7534  val_acc=0.8659  lr=9.28e-04  (13.0s)
epoch  20/80  train_loss=0.3532  val_slot_acc=0.9660  val_loss=0.7595  val_acc=0.8730  lr=9.16e-04  (13.0s)
epoch  21/80  train_loss=0.3416  val_slot_acc=0.9739  val_loss=0.7083  val_acc=0.8772  lr=9.05e-04  (11.8s)
epoch  22/80  train_loss=0.3234  val_slot_acc=0.9542  val_loss=0.7764  val_acc=0.8744  lr=8.92e-04  (12.1s)
epoch  23/80  train_loss=0.2993  val_slot_acc=0.9621  val_loss=0.7845  val_acc=0.8779  lr=8.78e-04  (13.3s)
epoch  24/80  train_loss=0.2953  val_slot_acc=0.9621  val_loss=0.7313  val_acc=0.8822  lr=8.64e-04  (17.7s)
  -> saved new best checkpoint (val_acc=0.8822) to checkpoints/exp39g_gru2_s0.pt
epoch  25/80  train_loss=0.2792  val_slot_acc=0.9712  val_loss=0.7501  val_acc=0.8793  lr=8.50e-04  (17.4s)
epoch  26/80  train_loss=0.2636  val_slot_acc=0.9673  val_loss=0.7908  val_acc=0.8744  lr=8.35e-04  (15.2s)
epoch  27/80  train_loss=0.2569  val_slot_acc=0.9686  val_loss=0.7279  val_acc=0.8857  lr=8.19e-04  (14.9s)
  -> saved new best checkpoint (val_acc=0.8857) to checkpoints/exp39g_gru2_s0.pt
epoch  28/80  train_loss=0.2366  val_slot_acc=0.9686  val_loss=0.7665  val_acc=0.8836  lr=8.02e-04  (14.9s)
epoch  29/80  train_loss=0.2280  val_slot_acc=0.9699  val_loss=0.7539  val_acc=0.8786  lr=7.85e-04  (14.8s)
epoch  30/80  train_loss=0.2145  val_slot_acc=0.9621  val_loss=0.7992  val_acc=0.8772  lr=7.68e-04  (14.6s)
epoch  31/80  train_loss=0.2153  val_slot_acc=0.9621  val_loss=0.7310  val_acc=0.8864  lr=7.50e-04  (14.3s)
  -> saved new best checkpoint (val_acc=0.8864) to checkpoints/exp39g_gru2_s0.pt
epoch  32/80  train_loss=0.2012  val_slot_acc=0.9660  val_loss=0.7886  val_acc=0.8772  lr=7.32e-04  (14.2s)
epoch  33/80  train_loss=0.1893  val_slot_acc=0.9699  val_loss=0.7150  val_acc=0.8836  lr=7.13e-04  (14.7s)
epoch  34/80  train_loss=0.1733  val_slot_acc=0.9686  val_loss=0.7628  val_acc=0.8886  lr=6.94e-04  (14.9s)
  -> saved new best checkpoint (val_acc=0.8886) to checkpoints/exp39g_gru2_s0.pt
epoch  35/80  train_loss=0.1672  val_slot_acc=0.9752  val_loss=0.7064  val_acc=0.8914  lr=6.74e-04  (14.3s)
  -> saved new best checkpoint (val_acc=0.8914) to checkpoints/exp39g_gru2_s0.pt
epoch  36/80  train_loss=0.1580  val_slot_acc=0.9739  val_loss=0.7251  val_acc=0.8786  lr=6.55e-04  (15.0s)
epoch  37/80  train_loss=0.1584  val_slot_acc=0.9647  val_loss=0.8800  val_acc=0.8715  lr=6.34e-04  (15.4s)
epoch  38/80  train_loss=0.1512  val_slot_acc=0.9791  val_loss=0.8228  val_acc=0.8843  lr=6.14e-04  (15.4s)
epoch  39/80  train_loss=0.1273  val_slot_acc=0.9712  val_loss=0.7938  val_acc=0.8879  lr=5.94e-04  (14.4s)
epoch  40/80  train_loss=0.1261  val_slot_acc=0.9739  val_loss=0.8055  val_acc=0.8829  lr=5.73e-04  (15.0s)
epoch  41/80  train_loss=0.1215  val_slot_acc=0.9752  val_loss=0.8269  val_acc=0.8815  lr=5.52e-04  (15.6s)
epoch  42/80  train_loss=0.1336  val_slot_acc=0.9739  val_loss=0.7414  val_acc=0.8879  lr=5.31e-04  (15.5s)
epoch  43/80  train_loss=0.1201  val_slot_acc=0.9739  val_loss=0.8196  val_acc=0.8907  lr=5.10e-04  (15.5s)
epoch  44/80  train_loss=0.1261  val_slot_acc=0.9739  val_loss=0.7897  val_acc=0.8836  lr=4.90e-04  (17.9s)
epoch  45/80  train_loss=0.1193  val_slot_acc=0.9725  val_loss=0.8166  val_acc=0.8836  lr=4.69e-04  (19.6s)
epoch  46/80  train_loss=0.1020  val_slot_acc=0.9739  val_loss=0.7938  val_acc=0.8850  lr=4.48e-04  (18.5s)
epoch  47/80  train_loss=0.0961  val_slot_acc=0.9699  val_loss=0.7712  val_acc=0.8857  lr=4.27e-04  (19.3s)
epoch  48/80  train_loss=0.0997  val_slot_acc=0.9739  val_loss=0.8182  val_acc=0.8886  lr=4.06e-04  (19.4s)
epoch  49/80  train_loss=0.0967  val_slot_acc=0.9765  val_loss=0.7949  val_acc=0.8928  lr=3.86e-04  (18.4s)
  -> saved new best checkpoint (val_acc=0.8928) to checkpoints/exp39g_gru2_s0.pt
epoch  50/80  train_loss=0.0907  val_slot_acc=0.9739  val_loss=0.8087  val_acc=0.8879  lr=3.66e-04  (19.8s)
epoch  51/80  train_loss=0.0873  val_slot_acc=0.9725  val_loss=0.8439  val_acc=0.8879  lr=3.45e-04  (19.3s)
epoch  52/80  train_loss=0.0959  val_slot_acc=0.9739  val_loss=0.7892  val_acc=0.8893  lr=3.26e-04  (18.0s)
epoch  53/80  train_loss=0.0805  val_slot_acc=0.9752  val_loss=0.7416  val_acc=0.8999  lr=3.06e-04  (19.1s)
  -> saved new best checkpoint (val_acc=0.8999) to checkpoints/exp39g_gru2_s0.pt
epoch  54/80  train_loss=0.0906  val_slot_acc=0.9765  val_loss=0.7364  val_acc=0.8950  lr=2.87e-04  (18.9s)
epoch  55/80  train_loss=0.0925  val_slot_acc=0.9765  val_loss=0.8031  val_acc=0.8943  lr=2.68e-04  (18.1s)
epoch  56/80  train_loss=0.0843  val_slot_acc=0.9739  val_loss=0.7622  val_acc=0.8992  lr=2.50e-04  (19.2s)
epoch  57/80  train_loss=0.0767  val_slot_acc=0.9752  val_loss=0.7887  val_acc=0.8928  lr=2.32e-04  (19.7s)
epoch  58/80  train_loss=0.0796  val_slot_acc=0.9712  val_loss=0.8009  val_acc=0.8935  lr=2.15e-04  (19.3s)
epoch  59/80  train_loss=0.0736  val_slot_acc=0.9712  val_loss=0.7938  val_acc=0.8907  lr=1.98e-04  (19.5s)
epoch  60/80  train_loss=0.0677  val_slot_acc=0.9765  val_loss=0.8275  val_acc=0.8864  lr=1.81e-04  (18.3s)
epoch  61/80  train_loss=0.0705  val_slot_acc=0.9725  val_loss=0.8187  val_acc=0.8879  lr=1.65e-04  (19.7s)
epoch  62/80  train_loss=0.0732  val_slot_acc=0.9739  val_loss=0.7895  val_acc=0.8914  lr=1.50e-04  (19.0s)
epoch  63/80  train_loss=0.0702  val_slot_acc=0.9778  val_loss=0.7715  val_acc=0.8928  lr=1.36e-04  (18.7s)
epoch  64/80  train_loss=0.0621  val_slot_acc=0.9752  val_loss=0.7949  val_acc=0.8921  lr=1.22e-04  (20.1s)
epoch  65/80  train_loss=0.0681  val_slot_acc=0.9725  val_loss=0.7938  val_acc=0.8921  lr=1.08e-04  (19.7s)
epoch  66/80  train_loss=0.0664  val_slot_acc=0.9739  val_loss=0.7959  val_acc=0.8893  lr=9.55e-05  (18.4s)
epoch  67/80  train_loss=0.0614  val_slot_acc=0.9765  val_loss=0.7819  val_acc=0.8943  lr=8.35e-05  (19.2s)
epoch  68/80  train_loss=0.0582  val_slot_acc=0.9752  val_loss=0.7923  val_acc=0.8935  lr=7.23e-05  (19.1s)
epoch  69/80  train_loss=0.0649  val_slot_acc=0.9725  val_loss=0.7970  val_acc=0.8943  lr=6.18e-05  (19.2s)
epoch  70/80  train_loss=0.0638  val_slot_acc=0.9765  val_loss=0.7735  val_acc=0.8935  lr=5.21e-05  (19.2s)
epoch  71/80  train_loss=0.0649  val_slot_acc=0.9725  val_loss=0.7981  val_acc=0.8907  lr=4.32e-05  (18.3s)
epoch  72/80  train_loss=0.0663  val_slot_acc=0.9739  val_loss=0.7814  val_acc=0.8943  lr=3.51e-05  (19.8s)
epoch  73/80  train_loss=0.0599  val_slot_acc=0.9739  val_loss=0.7909  val_acc=0.8921  lr=2.78e-05  (19.5s)
epoch  74/80  train_loss=0.0604  val_slot_acc=0.9725  val_loss=0.7764  val_acc=0.8935  lr=2.13e-05  (19.4s)
epoch  75/80  train_loss=0.0587  val_slot_acc=0.9725  val_loss=0.7838  val_acc=0.8907  lr=1.57e-05  (19.4s)
epoch  76/80  train_loss=0.0562  val_slot_acc=0.9739  val_loss=0.7829  val_acc=0.8935  lr=1.09e-05  (18.5s)
epoch  77/80  train_loss=0.0614  val_slot_acc=0.9739  val_loss=0.7798  val_acc=0.8928  lr=7.00e-06  (19.5s)
epoch  78/80  train_loss=0.0532  val_slot_acc=0.9739  val_loss=0.7771  val_acc=0.8957  lr=3.94e-06  (20.2s)
epoch  79/80  train_loss=0.0610  val_slot_acc=0.9725  val_loss=0.7784  val_acc=0.8964  lr=1.75e-06  (15.4s)
epoch  80/80  train_loss=0.0623  val_slot_acc=0.9725  val_loss=0.7810  val_acc=0.8950  lr=4.39e-07  (17.5s)

Done. Best val_acc=0.8999, checkpoint at checkpoints/exp39g_gru2_s0.pt
