Using device: cuda, model: crnn, augment: False, seed: 0
Feature config: {'window_s': 5.0, 'trim': True}
Waveform augmentation on, noise bank: 11 train-split clips
--extra-oos-clips: 1500 numerals clips added as OUT_OF_SCOPE
train: 10773 examples (train_fraction=1.0), val: 1409 examples
Slot heads on: 5229 labeled train clips, weight 0.3
Using ConfusablePairLoss (alpha=2.0, gamma=0.0, label_smoothing=0.0)
Model params: 99,373
epoch   1/80  train_loss=3.3660  val_slot_acc=0.3346  val_loss=3.5808  val_acc=0.0348  lr=1.00e-05  (28.5s)
  -> saved new best checkpoint (val_acc=0.0348) to checkpoints/exp39d_numoos_s0.pt
epoch   2/80  train_loss=3.3243  val_slot_acc=0.3477  val_loss=3.4854  val_acc=0.1703  lr=2.08e-04  (30.4s)
  -> saved new best checkpoint (val_acc=0.1703) to checkpoints/exp39d_numoos_s0.pt
epoch   3/80  train_loss=3.0131  val_slot_acc=0.3869  val_loss=2.9029  val_acc=0.3116  lr=4.06e-04  (28.7s)
  -> saved new best checkpoint (val_acc=0.3116) to checkpoints/exp39d_numoos_s0.pt
epoch   4/80  train_loss=2.4520  val_slot_acc=0.6157  val_loss=2.2446  val_acc=0.5735  lr=6.04e-04  (30.0s)
  -> saved new best checkpoint (val_acc=0.5735) to checkpoints/exp39d_numoos_s0.pt
epoch   5/80  train_loss=1.8538  val_slot_acc=0.7190  val_loss=2.0437  val_acc=0.6430  lr=8.02e-04  (25.1s)
  -> saved new best checkpoint (val_acc=0.6430) to checkpoints/exp39d_numoos_s0.pt
epoch   6/80  train_loss=1.4397  val_slot_acc=0.8196  val_loss=1.5356  val_acc=0.7346  lr=1.00e-03  (24.4s)
  -> saved new best checkpoint (val_acc=0.7346) to checkpoints/exp39d_numoos_s0.pt
epoch   7/80  train_loss=1.1718  val_slot_acc=0.9124  val_loss=1.3682  val_acc=0.7771  lr=1.00e-03  (22.9s)
  -> saved new best checkpoint (val_acc=0.7771) to checkpoints/exp39d_numoos_s0.pt
epoch   8/80  train_loss=1.0042  val_slot_acc=0.9268  val_loss=1.1880  val_acc=0.7991  lr=9.98e-04  (20.5s)
  -> saved new best checkpoint (val_acc=0.7991) to checkpoints/exp39d_numoos_s0.pt
epoch   9/80  train_loss=0.8798  val_slot_acc=0.9346  val_loss=1.1400  val_acc=0.8070  lr=9.96e-04  (16.8s)
  -> saved new best checkpoint (val_acc=0.8070) to checkpoints/exp39d_numoos_s0.pt
epoch  10/80  train_loss=0.7869  val_slot_acc=0.9477  val_loss=0.9878  val_acc=0.8169  lr=9.93e-04  (19.0s)
  -> saved new best checkpoint (val_acc=0.8169) to checkpoints/exp39d_numoos_s0.pt
epoch  11/80  train_loss=0.7160  val_slot_acc=0.9451  val_loss=1.1087  val_acc=0.8126  lr=9.89e-04  (17.7s)
epoch  12/80  train_loss=0.6688  val_slot_acc=0.9503  val_loss=0.8935  val_acc=0.8481  lr=9.84e-04  (18.0s)
  -> saved new best checkpoint (val_acc=0.8481) to checkpoints/exp39d_numoos_s0.pt
epoch  13/80  train_loss=0.6204  val_slot_acc=0.9542  val_loss=1.0484  val_acc=0.8247  lr=9.79e-04  (18.4s)
epoch  14/80  train_loss=0.5895  val_slot_acc=0.9569  val_loss=0.8516  val_acc=0.8524  lr=9.72e-04  (15.4s)
  -> saved new best checkpoint (val_acc=0.8524) to checkpoints/exp39d_numoos_s0.pt
epoch  15/80  train_loss=0.5410  val_slot_acc=0.9712  val_loss=0.8295  val_acc=0.8595  lr=9.65e-04  (19.2s)
  -> saved new best checkpoint (val_acc=0.8595) to checkpoints/exp39d_numoos_s0.pt
epoch  16/80  train_loss=0.5030  val_slot_acc=0.9542  val_loss=0.8210  val_acc=0.8609  lr=9.57e-04  (17.5s)
  -> saved new best checkpoint (val_acc=0.8609) to checkpoints/exp39d_numoos_s0.pt
epoch  17/80  train_loss=0.4812  val_slot_acc=0.9582  val_loss=0.7536  val_acc=0.8616  lr=9.48e-04  (17.6s)
  -> saved new best checkpoint (val_acc=0.8616) to checkpoints/exp39d_numoos_s0.pt
epoch  18/80  train_loss=0.4592  val_slot_acc=0.9542  val_loss=0.8034  val_acc=0.8588  lr=9.38e-04  (17.7s)
epoch  19/80  train_loss=0.4445  val_slot_acc=0.9595  val_loss=0.7436  val_acc=0.8673  lr=9.28e-04  (17.1s)
  -> saved new best checkpoint (val_acc=0.8673) to checkpoints/exp39d_numoos_s0.pt
epoch  20/80  train_loss=0.4129  val_slot_acc=0.9647  val_loss=0.7802  val_acc=0.8637  lr=9.16e-04  (17.7s)
epoch  21/80  train_loss=0.3942  val_slot_acc=0.9595  val_loss=0.7647  val_acc=0.8673  lr=9.05e-04  (16.8s)
epoch  22/80  train_loss=0.3895  val_slot_acc=0.9582  val_loss=0.7113  val_acc=0.8779  lr=8.92e-04  (17.9s)
  -> saved new best checkpoint (val_acc=0.8779) to checkpoints/exp39d_numoos_s0.pt
epoch  23/80  train_loss=0.3643  val_slot_acc=0.9647  val_loss=0.7276  val_acc=0.8730  lr=8.78e-04  (17.4s)
epoch  24/80  train_loss=0.3495  val_slot_acc=0.9699  val_loss=0.6904  val_acc=0.8722  lr=8.64e-04  (16.3s)
epoch  25/80  train_loss=0.3215  val_slot_acc=0.9712  val_loss=0.6751  val_acc=0.8829  lr=8.50e-04  (17.3s)
  -> saved new best checkpoint (val_acc=0.8829) to checkpoints/exp39d_numoos_s0.pt
epoch  26/80  train_loss=0.3218  val_slot_acc=0.9660  val_loss=0.7509  val_acc=0.8900  lr=8.35e-04  (18.0s)
  -> saved new best checkpoint (val_acc=0.8900) to checkpoints/exp39d_numoos_s0.pt
epoch  27/80  train_loss=0.3249  val_slot_acc=0.9634  val_loss=0.6946  val_acc=0.8864  lr=8.19e-04  (16.1s)
epoch  28/80  train_loss=0.3030  val_slot_acc=0.9778  val_loss=0.7367  val_acc=0.8822  lr=8.02e-04  (16.5s)
epoch  29/80  train_loss=0.2895  val_slot_acc=0.9673  val_loss=0.7536  val_acc=0.8758  lr=7.85e-04  (14.8s)
epoch  30/80  train_loss=0.2837  val_slot_acc=0.9765  val_loss=0.7341  val_acc=0.8758  lr=7.68e-04  (15.8s)
epoch  31/80  train_loss=0.2800  val_slot_acc=0.9725  val_loss=0.7369  val_acc=0.8786  lr=7.50e-04  (15.7s)
epoch  32/80  train_loss=0.2661  val_slot_acc=0.9699  val_loss=0.7522  val_acc=0.8758  lr=7.32e-04  (16.6s)
epoch  33/80  train_loss=0.2464  val_slot_acc=0.9765  val_loss=0.7836  val_acc=0.8765  lr=7.13e-04  (16.9s)
epoch  34/80  train_loss=0.2583  val_slot_acc=0.9739  val_loss=0.7592  val_acc=0.8737  lr=6.94e-04  (17.7s)
epoch  35/80  train_loss=0.2368  val_slot_acc=0.9739  val_loss=0.7312  val_acc=0.8751  lr=6.74e-04  (18.6s)
epoch  36/80  train_loss=0.2333  val_slot_acc=0.9647  val_loss=0.7036  val_acc=0.8808  lr=6.55e-04  (15.4s)
epoch  37/80  train_loss=0.2167  val_slot_acc=0.9660  val_loss=0.6776  val_acc=0.8935  lr=6.34e-04  (15.7s)
  -> saved new best checkpoint (val_acc=0.8935) to checkpoints/exp39d_numoos_s0.pt
epoch  38/80  train_loss=0.2226  val_slot_acc=0.9765  val_loss=0.6986  val_acc=0.8879  lr=6.14e-04  (14.7s)
epoch  39/80  train_loss=0.2156  val_slot_acc=0.9725  val_loss=0.7073  val_acc=0.8886  lr=5.94e-04  (16.7s)
epoch  40/80  train_loss=0.2125  val_slot_acc=0.9686  val_loss=0.7834  val_acc=0.8836  lr=5.73e-04  (16.0s)
epoch  41/80  train_loss=0.2073  val_slot_acc=0.9699  val_loss=0.7264  val_acc=0.8850  lr=5.52e-04  (17.6s)
epoch  42/80  train_loss=0.2006  val_slot_acc=0.9660  val_loss=0.7016  val_acc=0.8857  lr=5.31e-04  (17.8s)
epoch  43/80  train_loss=0.1991  val_slot_acc=0.9647  val_loss=0.6894  val_acc=0.8886  lr=5.10e-04  (16.0s)
epoch  44/80  train_loss=0.1992  val_slot_acc=0.9725  val_loss=0.7105  val_acc=0.8886  lr=4.90e-04  (16.7s)
epoch  45/80  train_loss=0.1826  val_slot_acc=0.9686  val_loss=0.7375  val_acc=0.8900  lr=4.69e-04  (16.4s)
epoch  46/80  train_loss=0.1757  val_slot_acc=0.9739  val_loss=0.7102  val_acc=0.8907  lr=4.48e-04  (18.4s)
epoch  47/80  train_loss=0.1728  val_slot_acc=0.9673  val_loss=0.7219  val_acc=0.8907  lr=4.27e-04  (16.1s)
epoch  48/80  train_loss=0.1715  val_slot_acc=0.9725  val_loss=0.7505  val_acc=0.8872  lr=4.06e-04  (15.8s)
epoch  49/80  train_loss=0.1745  val_slot_acc=0.9725  val_loss=0.7194  val_acc=0.8872  lr=3.86e-04  (16.5s)
epoch  50/80  train_loss=0.1565  val_slot_acc=0.9699  val_loss=0.7096  val_acc=0.8907  lr=3.66e-04  (17.2s)
epoch  51/80  train_loss=0.1449  val_slot_acc=0.9686  val_loss=0.6942  val_acc=0.8914  lr=3.45e-04  (19.3s)
epoch  52/80  train_loss=0.1503  val_slot_acc=0.9752  val_loss=0.7236  val_acc=0.8907  lr=3.26e-04  (18.1s)
epoch  53/80  train_loss=0.1540  val_slot_acc=0.9673  val_loss=0.7113  val_acc=0.8900  lr=3.06e-04  (19.5s)
epoch  54/80  train_loss=0.1513  val_slot_acc=0.9739  val_loss=0.7048  val_acc=0.8864  lr=2.87e-04  (19.3s)
epoch  55/80  train_loss=0.1487  val_slot_acc=0.9765  val_loss=0.7341  val_acc=0.8879  lr=2.68e-04  (17.3s)
epoch  56/80  train_loss=0.1491  val_slot_acc=0.9712  val_loss=0.7532  val_acc=0.8893  lr=2.50e-04  (18.9s)
epoch  57/80  train_loss=0.1313  val_slot_acc=0.9739  val_loss=0.7473  val_acc=0.8872  lr=2.32e-04  (16.6s)
epoch  58/80  train_loss=0.1455  val_slot_acc=0.9739  val_loss=0.7248  val_acc=0.8907  lr=2.15e-04  (17.9s)
epoch  59/80  train_loss=0.1371  val_slot_acc=0.9778  val_loss=0.7576  val_acc=0.8864  lr=1.98e-04  (17.5s)
epoch  60/80  train_loss=0.1396  val_slot_acc=0.9791  val_loss=0.7136  val_acc=0.8928  lr=1.81e-04  (16.1s)
epoch  61/80  train_loss=0.1244  val_slot_acc=0.9778  val_loss=0.7196  val_acc=0.8872  lr=1.65e-04  (15.6s)
epoch  62/80  train_loss=0.1315  val_slot_acc=0.9778  val_loss=0.7351  val_acc=0.8893  lr=1.50e-04  (16.2s)
epoch  63/80  train_loss=0.1257  val_slot_acc=0.9778  val_loss=0.7226  val_acc=0.8900  lr=1.36e-04  (14.6s)
epoch  64/80  train_loss=0.1234  val_slot_acc=0.9752  val_loss=0.7506  val_acc=0.8864  lr=1.22e-04  (15.3s)
epoch  65/80  train_loss=0.1189  val_slot_acc=0.9752  val_loss=0.7313  val_acc=0.8886  lr=1.08e-04  (15.1s)
epoch  66/80  train_loss=0.1197  val_slot_acc=0.9791  val_loss=0.7468  val_acc=0.8864  lr=9.55e-05  (15.5s)
epoch  67/80  train_loss=0.1135  val_slot_acc=0.9778  val_loss=0.7364  val_acc=0.8886  lr=8.35e-05  (16.0s)
epoch  68/80  train_loss=0.1095  val_slot_acc=0.9765  val_loss=0.7309  val_acc=0.8886  lr=7.23e-05  (15.2s)
epoch  69/80  train_loss=0.1223  val_slot_acc=0.9739  val_loss=0.7364  val_acc=0.8829  lr=6.18e-05  (15.0s)
epoch  70/80  train_loss=0.1232  val_slot_acc=0.9739  val_loss=0.7452  val_acc=0.8822  lr=5.21e-05  (14.7s)
epoch  71/80  train_loss=0.1128  val_slot_acc=0.9752  val_loss=0.7463  val_acc=0.8864  lr=4.32e-05  (13.8s)
epoch  72/80  train_loss=0.1141  val_slot_acc=0.9739  val_loss=0.7507  val_acc=0.8864  lr=3.51e-05  (14.3s)
epoch  73/80  train_loss=0.1129  val_slot_acc=0.9739  val_loss=0.7516  val_acc=0.8864  lr=2.78e-05  (14.8s)
epoch  74/80  train_loss=0.1121  val_slot_acc=0.9752  val_loss=0.7505  val_acc=0.8850  lr=2.13e-05  (14.7s)
epoch  75/80  train_loss=0.1130  val_slot_acc=0.9765  val_loss=0.7446  val_acc=0.8850  lr=1.57e-05  (14.1s)
epoch  76/80  train_loss=0.1105  val_slot_acc=0.9765  val_loss=0.7466  val_acc=0.8850  lr=1.09e-05  (13.8s)
epoch  77/80  train_loss=0.1138  val_slot_acc=0.9752  val_loss=0.7503  val_acc=0.8857  lr=7.00e-06  (11.2s)
epoch  78/80  train_loss=0.1132  val_slot_acc=0.9752  val_loss=0.7451  val_acc=0.8857  lr=3.94e-06  (11.7s)
epoch  79/80  train_loss=0.1175  val_slot_acc=0.9739  val_loss=0.7463  val_acc=0.8843  lr=1.75e-06  (11.2s)
epoch  80/80  train_loss=0.1129  val_slot_acc=0.9739  val_loss=0.7472  val_acc=0.8850  lr=4.39e-07  (12.2s)

Done. Best val_acc=0.8935, checkpoint at checkpoints/exp39d_numoos_s0.pt
