Using device: cuda, model: crnn, augment: False, seed: 1
Feature config: {'window_s': 5.0, 'trim': True}
Waveform augmentation on, noise bank: 11 train-split clips
--real-oversample 3: 2494 real clips repeated
train: 14261 examples (train_fraction=1.0), val: 1409 examples
Slot heads on: 6529 labeled train clips, weight 0.3
Using ConfusablePairLoss (alpha=2.0, gamma=0.0, label_smoothing=0.0)
Model params: 99,373
epoch   1/80  train_loss=3.3669  val_slot_acc=0.3425  val_loss=2.9660  val_acc=0.0291  lr=1.00e-05  (20.7s)
  -> saved new best checkpoint (val_acc=0.0291) to checkpoints/exp37c_me2_real3_s1.pt
epoch   2/80  train_loss=3.2852  val_slot_acc=0.3477  val_loss=2.7489  val_acc=0.2150  lr=2.08e-04  (19.6s)
  -> saved new best checkpoint (val_acc=0.2150) to checkpoints/exp37c_me2_real3_s1.pt
epoch   3/80  train_loss=2.9386  val_slot_acc=0.4837  val_loss=2.1816  val_acc=0.3442  lr=4.06e-04  (18.3s)
  -> saved new best checkpoint (val_acc=0.3442) to checkpoints/exp37c_me2_real3_s1.pt
epoch   4/80  train_loss=2.4374  val_slot_acc=0.6497  val_loss=1.7536  val_acc=0.5465  lr=6.04e-04  (18.4s)
  -> saved new best checkpoint (val_acc=0.5465) to checkpoints/exp37c_me2_real3_s1.pt
epoch   5/80  train_loss=1.9101  val_slot_acc=0.8314  val_loss=1.2728  val_acc=0.7147  lr=8.02e-04  (18.2s)
  -> saved new best checkpoint (val_acc=0.7147) to checkpoints/exp37c_me2_real3_s1.pt
epoch   6/80  train_loss=1.4958  val_slot_acc=0.8928  val_loss=1.0193  val_acc=0.7601  lr=1.00e-03  (18.1s)
  -> saved new best checkpoint (val_acc=0.7601) to checkpoints/exp37c_me2_real3_s1.pt
epoch   7/80  train_loss=1.2221  val_slot_acc=0.9373  val_loss=0.8753  val_acc=0.8006  lr=1.00e-03  (18.2s)
  -> saved new best checkpoint (val_acc=0.8006) to checkpoints/exp37c_me2_real3_s1.pt
epoch   8/80  train_loss=1.0253  val_slot_acc=0.9399  val_loss=0.8314  val_acc=0.8183  lr=9.98e-04  (18.3s)
  -> saved new best checkpoint (val_acc=0.8183) to checkpoints/exp37c_me2_real3_s1.pt
epoch   9/80  train_loss=0.8895  val_slot_acc=0.9373  val_loss=0.7291  val_acc=0.8353  lr=9.96e-04  (18.5s)
  -> saved new best checkpoint (val_acc=0.8353) to checkpoints/exp37c_me2_real3_s1.pt
epoch  10/80  train_loss=0.7670  val_slot_acc=0.9542  val_loss=0.7093  val_acc=0.8403  lr=9.93e-04  (19.6s)
  -> saved new best checkpoint (val_acc=0.8403) to checkpoints/exp37c_me2_real3_s1.pt
epoch  11/80  train_loss=0.6813  val_slot_acc=0.9608  val_loss=0.6906  val_acc=0.8389  lr=9.89e-04  (19.0s)
epoch  12/80  train_loss=0.6059  val_slot_acc=0.9712  val_loss=0.6246  val_acc=0.8552  lr=9.84e-04  (20.7s)
  -> saved new best checkpoint (val_acc=0.8552) to checkpoints/exp37c_me2_real3_s1.pt
epoch  13/80  train_loss=0.5430  val_slot_acc=0.9647  val_loss=0.7195  val_acc=0.8467  lr=9.79e-04  (19.7s)
epoch  14/80  train_loss=0.4983  val_slot_acc=0.9739  val_loss=0.5977  val_acc=0.8652  lr=9.72e-04  (19.6s)
  -> saved new best checkpoint (val_acc=0.8652) to checkpoints/exp37c_me2_real3_s1.pt
epoch  15/80  train_loss=0.4670  val_slot_acc=0.9660  val_loss=0.5725  val_acc=0.8808  lr=9.65e-04  (20.7s)
  -> saved new best checkpoint (val_acc=0.8808) to checkpoints/exp37c_me2_real3_s1.pt
epoch  16/80  train_loss=0.4181  val_slot_acc=0.9634  val_loss=0.6007  val_acc=0.8630  lr=9.57e-04  (18.5s)
epoch  17/80  train_loss=0.3907  val_slot_acc=0.9699  val_loss=0.5763  val_acc=0.8708  lr=9.48e-04  (17.9s)
epoch  18/80  train_loss=0.3594  val_slot_acc=0.9699  val_loss=0.6085  val_acc=0.8673  lr=9.38e-04  (19.7s)
epoch  19/80  train_loss=0.3420  val_slot_acc=0.9673  val_loss=0.6189  val_acc=0.8673  lr=9.28e-04  (20.3s)
epoch  20/80  train_loss=0.3288  val_slot_acc=0.9686  val_loss=0.6330  val_acc=0.8644  lr=9.16e-04  (19.0s)
epoch  21/80  train_loss=0.3045  val_slot_acc=0.9634  val_loss=0.5676  val_acc=0.8772  lr=9.05e-04  (20.5s)
epoch  22/80  train_loss=0.2942  val_slot_acc=0.9712  val_loss=0.5803  val_acc=0.8815  lr=8.92e-04  (18.5s)
  -> saved new best checkpoint (val_acc=0.8815) to checkpoints/exp37c_me2_real3_s1.pt
epoch  23/80  train_loss=0.2594  val_slot_acc=0.9752  val_loss=0.5992  val_acc=0.8737  lr=8.78e-04  (19.5s)
epoch  24/80  train_loss=0.2520  val_slot_acc=0.9712  val_loss=0.5864  val_acc=0.8822  lr=8.64e-04  (18.8s)
  -> saved new best checkpoint (val_acc=0.8822) to checkpoints/exp37c_me2_real3_s1.pt
epoch  25/80  train_loss=0.2265  val_slot_acc=0.9739  val_loss=0.6182  val_acc=0.8765  lr=8.50e-04  (18.2s)
epoch  26/80  train_loss=0.2346  val_slot_acc=0.9752  val_loss=0.6103  val_acc=0.8793  lr=8.35e-04  (19.1s)
epoch  27/80  train_loss=0.2223  val_slot_acc=0.9739  val_loss=0.5995  val_acc=0.8843  lr=8.19e-04  (19.8s)
  -> saved new best checkpoint (val_acc=0.8843) to checkpoints/exp37c_me2_real3_s1.pt
epoch  28/80  train_loss=0.2022  val_slot_acc=0.9673  val_loss=0.6389  val_acc=0.8801  lr=8.02e-04  (19.2s)
epoch  29/80  train_loss=0.2000  val_slot_acc=0.9699  val_loss=0.6427  val_acc=0.8801  lr=7.85e-04  (18.7s)
epoch  30/80  train_loss=0.1974  val_slot_acc=0.9686  val_loss=0.5700  val_acc=0.8843  lr=7.68e-04  (18.3s)
epoch  31/80  train_loss=0.1944  val_slot_acc=0.9712  val_loss=0.6096  val_acc=0.8822  lr=7.50e-04  (18.4s)
epoch  32/80  train_loss=0.1818  val_slot_acc=0.9725  val_loss=0.5693  val_acc=0.8872  lr=7.32e-04  (18.6s)
  -> saved new best checkpoint (val_acc=0.8872) to checkpoints/exp37c_me2_real3_s1.pt
epoch  33/80  train_loss=0.1667  val_slot_acc=0.9712  val_loss=0.5921  val_acc=0.8801  lr=7.13e-04  (18.2s)
epoch  34/80  train_loss=0.1541  val_slot_acc=0.9686  val_loss=0.5865  val_acc=0.8872  lr=6.94e-04  (18.3s)
epoch  35/80  train_loss=0.1580  val_slot_acc=0.9712  val_loss=0.5920  val_acc=0.8857  lr=6.74e-04  (19.3s)
epoch  36/80  train_loss=0.1540  val_slot_acc=0.9752  val_loss=0.6338  val_acc=0.8850  lr=6.55e-04  (19.6s)
epoch  37/80  train_loss=0.1528  val_slot_acc=0.9778  val_loss=0.5680  val_acc=0.8829  lr=6.34e-04  (20.3s)
epoch  38/80  train_loss=0.1397  val_slot_acc=0.9804  val_loss=0.6294  val_acc=0.8857  lr=6.14e-04  (19.4s)
epoch  39/80  train_loss=0.1324  val_slot_acc=0.9778  val_loss=0.6303  val_acc=0.8793  lr=5.94e-04  (18.2s)
epoch  40/80  train_loss=0.1392  val_slot_acc=0.9778  val_loss=0.6324  val_acc=0.8829  lr=5.73e-04  (19.6s)
epoch  41/80  train_loss=0.1269  val_slot_acc=0.9804  val_loss=0.6346  val_acc=0.8836  lr=5.52e-04  (17.7s)
epoch  42/80  train_loss=0.1259  val_slot_acc=0.9725  val_loss=0.6126  val_acc=0.8850  lr=5.31e-04  (18.2s)
epoch  43/80  train_loss=0.1107  val_slot_acc=0.9765  val_loss=0.6599  val_acc=0.8822  lr=5.10e-04  (19.2s)
epoch  44/80  train_loss=0.1140  val_slot_acc=0.9791  val_loss=0.6246  val_acc=0.8872  lr=4.90e-04  (18.1s)
epoch  45/80  train_loss=0.1114  val_slot_acc=0.9712  val_loss=0.6084  val_acc=0.8900  lr=4.69e-04  (14.7s)
  -> saved new best checkpoint (val_acc=0.8900) to checkpoints/exp37c_me2_real3_s1.pt
epoch  46/80  train_loss=0.1059  val_slot_acc=0.9791  val_loss=0.6100  val_acc=0.8957  lr=4.48e-04  (13.1s)
  -> saved new best checkpoint (val_acc=0.8957) to checkpoints/exp37c_me2_real3_s1.pt
epoch  47/80  train_loss=0.1117  val_slot_acc=0.9765  val_loss=0.6719  val_acc=0.8793  lr=4.27e-04  (13.1s)
epoch  48/80  train_loss=0.0970  val_slot_acc=0.9778  val_loss=0.6112  val_acc=0.8900  lr=4.06e-04  (13.0s)
epoch  49/80  train_loss=0.1020  val_slot_acc=0.9804  val_loss=0.6387  val_acc=0.8850  lr=3.86e-04  (13.6s)
epoch  50/80  train_loss=0.0999  val_slot_acc=0.9778  val_loss=0.6152  val_acc=0.8928  lr=3.66e-04  (12.9s)
epoch  51/80  train_loss=0.1024  val_slot_acc=0.9739  val_loss=0.6263  val_acc=0.8935  lr=3.45e-04  (13.1s)
epoch  52/80  train_loss=0.0913  val_slot_acc=0.9739  val_loss=0.6260  val_acc=0.8872  lr=3.26e-04  (13.5s)
epoch  53/80  train_loss=0.0850  val_slot_acc=0.9778  val_loss=0.6073  val_acc=0.8921  lr=3.06e-04  (12.8s)
epoch  54/80  train_loss=0.0831  val_slot_acc=0.9752  val_loss=0.6312  val_acc=0.8829  lr=2.87e-04  (12.3s)
epoch  55/80  train_loss=0.0857  val_slot_acc=0.9739  val_loss=0.6339  val_acc=0.8914  lr=2.68e-04  (12.5s)
epoch  56/80  train_loss=0.0857  val_slot_acc=0.9725  val_loss=0.6327  val_acc=0.8921  lr=2.50e-04  (12.7s)
epoch  57/80  train_loss=0.0820  val_slot_acc=0.9699  val_loss=0.6251  val_acc=0.8886  lr=2.32e-04  (13.3s)
epoch  58/80  train_loss=0.0831  val_slot_acc=0.9739  val_loss=0.6213  val_acc=0.8950  lr=2.15e-04  (13.4s)
epoch  59/80  train_loss=0.0779  val_slot_acc=0.9765  val_loss=0.6009  val_acc=0.8943  lr=1.98e-04  (13.4s)
epoch  60/80  train_loss=0.0780  val_slot_acc=0.9739  val_loss=0.6290  val_acc=0.8914  lr=1.81e-04  (13.9s)
epoch  61/80  train_loss=0.0731  val_slot_acc=0.9791  val_loss=0.6031  val_acc=0.8985  lr=1.65e-04  (13.0s)
  -> saved new best checkpoint (val_acc=0.8985) to checkpoints/exp37c_me2_real3_s1.pt
epoch  62/80  train_loss=0.0775  val_slot_acc=0.9739  val_loss=0.6128  val_acc=0.8921  lr=1.50e-04  (13.1s)
epoch  63/80  train_loss=0.0734  val_slot_acc=0.9752  val_loss=0.6237  val_acc=0.8900  lr=1.36e-04  (12.9s)
epoch  64/80  train_loss=0.0663  val_slot_acc=0.9739  val_loss=0.6024  val_acc=0.8985  lr=1.22e-04  (12.2s)
epoch  65/80  train_loss=0.0728  val_slot_acc=0.9765  val_loss=0.6213  val_acc=0.8907  lr=1.08e-04  (13.3s)
epoch  66/80  train_loss=0.0672  val_slot_acc=0.9791  val_loss=0.6202  val_acc=0.8900  lr=9.55e-05  (13.2s)
epoch  67/80  train_loss=0.0665  val_slot_acc=0.9791  val_loss=0.6265  val_acc=0.8928  lr=8.35e-05  (13.4s)
epoch  68/80  train_loss=0.0687  val_slot_acc=0.9765  val_loss=0.6253  val_acc=0.8964  lr=7.23e-05  (13.1s)
epoch  69/80  train_loss=0.0702  val_slot_acc=0.9778  val_loss=0.6183  val_acc=0.8957  lr=6.18e-05  (13.2s)
epoch  70/80  train_loss=0.0677  val_slot_acc=0.9765  val_loss=0.6243  val_acc=0.8921  lr=5.21e-05  (12.5s)
epoch  71/80  train_loss=0.0662  val_slot_acc=0.9778  val_loss=0.6167  val_acc=0.8928  lr=4.32e-05  (12.7s)
epoch  72/80  train_loss=0.0647  val_slot_acc=0.9765  val_loss=0.6144  val_acc=0.8935  lr=3.51e-05  (12.9s)
epoch  73/80  train_loss=0.0647  val_slot_acc=0.9765  val_loss=0.6096  val_acc=0.8943  lr=2.78e-05  (13.5s)
epoch  74/80  train_loss=0.0648  val_slot_acc=0.9765  val_loss=0.6127  val_acc=0.8950  lr=2.13e-05  (13.3s)
epoch  75/80  train_loss=0.0612  val_slot_acc=0.9765  val_loss=0.6141  val_acc=0.8928  lr=1.57e-05  (13.2s)
epoch  76/80  train_loss=0.0634  val_slot_acc=0.9765  val_loss=0.6074  val_acc=0.8943  lr=1.09e-05  (12.8s)
epoch  77/80  train_loss=0.0612  val_slot_acc=0.9765  val_loss=0.6122  val_acc=0.8921  lr=7.00e-06  (13.3s)
epoch  78/80  train_loss=0.0597  val_slot_acc=0.9765  val_loss=0.6135  val_acc=0.8943  lr=3.94e-06  (14.2s)
epoch  79/80  train_loss=0.0617  val_slot_acc=0.9765  val_loss=0.6149  val_acc=0.8914  lr=1.75e-06  (12.8s)
epoch  80/80  train_loss=0.0618  val_slot_acc=0.9765  val_loss=0.6105  val_acc=0.8943  lr=4.39e-07  (12.9s)

Done. Best val_acc=0.8985, checkpoint at checkpoints/exp37c_me2_real3_s1.pt
