Using device: cuda, model: crnn, augment: False, seed: 1
Feature config: {'window_s': 5.0, 'trim': True}
Waveform augmentation on, noise bank: 11 train-split clips
--extra-oos-clips: 1500 numerals clips added as OUT_OF_SCOPE
train: 10773 examples (train_fraction=1.0), val: 1409 examples
Slot heads on: 5229 labeled train clips, weight 0.3
Using ConfusablePairLoss (alpha=2.0, gamma=0.0, label_smoothing=0.0)
Model params: 99,373
epoch   1/80  train_loss=3.3649  val_slot_acc=0.3647  val_loss=3.5882  val_acc=0.0291  lr=1.00e-05  (28.5s)
  -> saved new best checkpoint (val_acc=0.0291) to checkpoints/exp39d_numoos_s1.pt
epoch   2/80  train_loss=3.3084  val_slot_acc=0.3503  val_loss=3.4389  val_acc=0.1966  lr=2.08e-04  (29.0s)
  -> saved new best checkpoint (val_acc=0.1966) to checkpoints/exp39d_numoos_s1.pt
epoch   3/80  train_loss=2.9801  val_slot_acc=0.4327  val_loss=2.9190  val_acc=0.3045  lr=4.06e-04  (30.0s)
  -> saved new best checkpoint (val_acc=0.3045) to checkpoints/exp39d_numoos_s1.pt
epoch   4/80  train_loss=2.4998  val_slot_acc=0.6418  val_loss=2.2898  val_acc=0.5422  lr=6.04e-04  (30.1s)
  -> saved new best checkpoint (val_acc=0.5422) to checkpoints/exp39d_numoos_s1.pt
epoch   5/80  train_loss=1.9178  val_slot_acc=0.7621  val_loss=1.8711  val_acc=0.6338  lr=8.02e-04  (25.8s)
  -> saved new best checkpoint (val_acc=0.6338) to checkpoints/exp39d_numoos_s1.pt
epoch   6/80  train_loss=1.5128  val_slot_acc=0.8523  val_loss=1.5627  val_acc=0.7154  lr=1.00e-03  (25.6s)
  -> saved new best checkpoint (val_acc=0.7154) to checkpoints/exp39d_numoos_s1.pt
epoch   7/80  train_loss=1.2411  val_slot_acc=0.8797  val_loss=1.3779  val_acc=0.7686  lr=1.00e-03  (19.6s)
  -> saved new best checkpoint (val_acc=0.7686) to checkpoints/exp39d_numoos_s1.pt
epoch   8/80  train_loss=1.0659  val_slot_acc=0.9229  val_loss=1.1570  val_acc=0.8148  lr=9.98e-04  (17.8s)
  -> saved new best checkpoint (val_acc=0.8148) to checkpoints/exp39d_numoos_s1.pt
epoch   9/80  train_loss=0.8974  val_slot_acc=0.9150  val_loss=1.1075  val_acc=0.8091  lr=9.96e-04  (17.0s)
epoch  10/80  train_loss=0.8232  val_slot_acc=0.9425  val_loss=0.9909  val_acc=0.8389  lr=9.93e-04  (16.5s)
  -> saved new best checkpoint (val_acc=0.8389) to checkpoints/exp39d_numoos_s1.pt
epoch  11/80  train_loss=0.7397  val_slot_acc=0.9516  val_loss=0.9489  val_acc=0.8417  lr=9.89e-04  (15.6s)
  -> saved new best checkpoint (val_acc=0.8417) to checkpoints/exp39d_numoos_s1.pt
epoch  12/80  train_loss=0.6832  val_slot_acc=0.9451  val_loss=0.9369  val_acc=0.8339  lr=9.84e-04  (14.4s)
epoch  13/80  train_loss=0.6421  val_slot_acc=0.9608  val_loss=0.8598  val_acc=0.8517  lr=9.79e-04  (14.4s)
  -> saved new best checkpoint (val_acc=0.8517) to checkpoints/exp39d_numoos_s1.pt
epoch  14/80  train_loss=0.6034  val_slot_acc=0.9608  val_loss=0.8588  val_acc=0.8545  lr=9.72e-04  (15.8s)
  -> saved new best checkpoint (val_acc=0.8545) to checkpoints/exp39d_numoos_s1.pt
epoch  15/80  train_loss=0.5612  val_slot_acc=0.9673  val_loss=0.8417  val_acc=0.8652  lr=9.65e-04  (15.5s)
  -> saved new best checkpoint (val_acc=0.8652) to checkpoints/exp39d_numoos_s1.pt
epoch  16/80  train_loss=0.5344  val_slot_acc=0.9699  val_loss=0.8161  val_acc=0.8559  lr=9.57e-04  (14.8s)
epoch  17/80  train_loss=0.5161  val_slot_acc=0.9608  val_loss=0.8316  val_acc=0.8694  lr=9.48e-04  (15.3s)
  -> saved new best checkpoint (val_acc=0.8694) to checkpoints/exp39d_numoos_s1.pt
epoch  18/80  train_loss=0.4651  val_slot_acc=0.9660  val_loss=0.8074  val_acc=0.8680  lr=9.38e-04  (14.7s)
epoch  19/80  train_loss=0.4692  val_slot_acc=0.9673  val_loss=0.8802  val_acc=0.8573  lr=9.28e-04  (15.1s)
epoch  20/80  train_loss=0.4248  val_slot_acc=0.9634  val_loss=0.8406  val_acc=0.8630  lr=9.16e-04  (15.9s)
epoch  21/80  train_loss=0.4079  val_slot_acc=0.9739  val_loss=0.7433  val_acc=0.8765  lr=9.05e-04  (17.0s)
  -> saved new best checkpoint (val_acc=0.8765) to checkpoints/exp39d_numoos_s1.pt
epoch  22/80  train_loss=0.3949  val_slot_acc=0.9686  val_loss=0.8381  val_acc=0.8673  lr=8.92e-04  (14.3s)
epoch  23/80  train_loss=0.3737  val_slot_acc=0.9699  val_loss=0.7962  val_acc=0.8609  lr=8.78e-04  (16.6s)
epoch  24/80  train_loss=0.3513  val_slot_acc=0.9699  val_loss=0.8118  val_acc=0.8637  lr=8.64e-04  (18.0s)
epoch  25/80  train_loss=0.3483  val_slot_acc=0.9686  val_loss=0.8118  val_acc=0.8630  lr=8.50e-04  (16.2s)
epoch  26/80  train_loss=0.3515  val_slot_acc=0.9699  val_loss=0.7755  val_acc=0.8737  lr=8.35e-04  (15.7s)
epoch  27/80  train_loss=0.3196  val_slot_acc=0.9765  val_loss=0.8488  val_acc=0.8652  lr=8.19e-04  (16.9s)
epoch  28/80  train_loss=0.3131  val_slot_acc=0.9804  val_loss=0.8051  val_acc=0.8751  lr=8.02e-04  (16.5s)
epoch  29/80  train_loss=0.3076  val_slot_acc=0.9739  val_loss=0.7940  val_acc=0.8786  lr=7.85e-04  (16.0s)
  -> saved new best checkpoint (val_acc=0.8786) to checkpoints/exp39d_numoos_s1.pt
epoch  30/80  train_loss=0.2922  val_slot_acc=0.9752  val_loss=0.8171  val_acc=0.8659  lr=7.68e-04  (15.8s)
epoch  31/80  train_loss=0.2796  val_slot_acc=0.9791  val_loss=0.7916  val_acc=0.8722  lr=7.50e-04  (16.5s)
epoch  32/80  train_loss=0.2740  val_slot_acc=0.9804  val_loss=0.7654  val_acc=0.8751  lr=7.32e-04  (16.6s)
epoch  33/80  train_loss=0.2692  val_slot_acc=0.9739  val_loss=0.7805  val_acc=0.8822  lr=7.13e-04  (17.9s)
  -> saved new best checkpoint (val_acc=0.8822) to checkpoints/exp39d_numoos_s1.pt
epoch  34/80  train_loss=0.2586  val_slot_acc=0.9752  val_loss=0.8295  val_acc=0.8730  lr=6.94e-04  (16.5s)
epoch  35/80  train_loss=0.2398  val_slot_acc=0.9804  val_loss=0.7587  val_acc=0.8872  lr=6.74e-04  (16.9s)
  -> saved new best checkpoint (val_acc=0.8872) to checkpoints/exp39d_numoos_s1.pt
epoch  36/80  train_loss=0.2518  val_slot_acc=0.9804  val_loss=0.7762  val_acc=0.8751  lr=6.55e-04  (18.1s)
epoch  37/80  train_loss=0.2373  val_slot_acc=0.9752  val_loss=0.7855  val_acc=0.8822  lr=6.34e-04  (17.4s)
epoch  38/80  train_loss=0.2266  val_slot_acc=0.9699  val_loss=0.7855  val_acc=0.8801  lr=6.14e-04  (15.4s)
epoch  39/80  train_loss=0.2157  val_slot_acc=0.9725  val_loss=0.8001  val_acc=0.8765  lr=5.94e-04  (16.2s)
epoch  40/80  train_loss=0.2187  val_slot_acc=0.9765  val_loss=0.7882  val_acc=0.8765  lr=5.73e-04  (16.4s)
epoch  41/80  train_loss=0.2076  val_slot_acc=0.9791  val_loss=0.8282  val_acc=0.8793  lr=5.52e-04  (17.1s)
epoch  42/80  train_loss=0.2190  val_slot_acc=0.9804  val_loss=0.7940  val_acc=0.8808  lr=5.31e-04  (16.8s)
epoch  43/80  train_loss=0.2050  val_slot_acc=0.9765  val_loss=0.7824  val_acc=0.8857  lr=5.10e-04  (17.0s)
epoch  44/80  train_loss=0.1950  val_slot_acc=0.9804  val_loss=0.7710  val_acc=0.8836  lr=4.90e-04  (15.7s)
epoch  45/80  train_loss=0.1890  val_slot_acc=0.9778  val_loss=0.7873  val_acc=0.8843  lr=4.69e-04  (15.8s)
epoch  46/80  train_loss=0.1899  val_slot_acc=0.9817  val_loss=0.8128  val_acc=0.8829  lr=4.48e-04  (16.7s)
epoch  47/80  train_loss=0.1877  val_slot_acc=0.9830  val_loss=0.7999  val_acc=0.8779  lr=4.27e-04  (16.5s)
epoch  48/80  train_loss=0.1766  val_slot_acc=0.9843  val_loss=0.8465  val_acc=0.8765  lr=4.06e-04  (18.5s)
epoch  49/80  train_loss=0.1761  val_slot_acc=0.9804  val_loss=0.7933  val_acc=0.8815  lr=3.86e-04  (16.1s)
epoch  50/80  train_loss=0.1794  val_slot_acc=0.9830  val_loss=0.8108  val_acc=0.8801  lr=3.66e-04  (15.9s)
epoch  51/80  train_loss=0.1599  val_slot_acc=0.9843  val_loss=0.7936  val_acc=0.8822  lr=3.45e-04  (18.3s)
epoch  52/80  train_loss=0.1614  val_slot_acc=0.9791  val_loss=0.7863  val_acc=0.8808  lr=3.26e-04  (18.0s)
epoch  53/80  train_loss=0.1513  val_slot_acc=0.9882  val_loss=0.7839  val_acc=0.8843  lr=3.06e-04  (20.8s)
epoch  54/80  train_loss=0.1564  val_slot_acc=0.9817  val_loss=0.8308  val_acc=0.8808  lr=2.87e-04  (19.5s)
epoch  55/80  train_loss=0.1564  val_slot_acc=0.9843  val_loss=0.8206  val_acc=0.8857  lr=2.68e-04  (19.8s)
epoch  56/80  train_loss=0.1414  val_slot_acc=0.9817  val_loss=0.7813  val_acc=0.8843  lr=2.50e-04  (21.9s)
epoch  57/80  train_loss=0.1498  val_slot_acc=0.9817  val_loss=0.8089  val_acc=0.8857  lr=2.32e-04  (17.2s)
epoch  58/80  train_loss=0.1496  val_slot_acc=0.9843  val_loss=0.8100  val_acc=0.8815  lr=2.15e-04  (17.7s)
epoch  59/80  train_loss=0.1361  val_slot_acc=0.9869  val_loss=0.8288  val_acc=0.8793  lr=1.98e-04  (16.8s)
epoch  60/80  train_loss=0.1392  val_slot_acc=0.9843  val_loss=0.8412  val_acc=0.8758  lr=1.81e-04  (18.0s)
epoch  61/80  train_loss=0.1433  val_slot_acc=0.9843  val_loss=0.8149  val_acc=0.8829  lr=1.65e-04  (19.0s)
epoch  62/80  train_loss=0.1306  val_slot_acc=0.9817  val_loss=0.8239  val_acc=0.8843  lr=1.50e-04  (18.0s)
epoch  63/80  train_loss=0.1287  val_slot_acc=0.9882  val_loss=0.8203  val_acc=0.8850  lr=1.36e-04  (16.2s)
epoch  64/80  train_loss=0.1327  val_slot_acc=0.9843  val_loss=0.8062  val_acc=0.8843  lr=1.22e-04  (16.0s)
epoch  65/80  train_loss=0.1367  val_slot_acc=0.9843  val_loss=0.8232  val_acc=0.8822  lr=1.08e-04  (15.4s)
epoch  66/80  train_loss=0.1287  val_slot_acc=0.9856  val_loss=0.8231  val_acc=0.8793  lr=9.55e-05  (15.3s)
epoch  67/80  train_loss=0.1364  val_slot_acc=0.9856  val_loss=0.8265  val_acc=0.8836  lr=8.35e-05  (16.6s)
epoch  68/80  train_loss=0.1315  val_slot_acc=0.9882  val_loss=0.8331  val_acc=0.8815  lr=7.23e-05  (15.2s)
epoch  69/80  train_loss=0.1222  val_slot_acc=0.9856  val_loss=0.8172  val_acc=0.8822  lr=6.18e-05  (14.9s)
epoch  70/80  train_loss=0.1177  val_slot_acc=0.9843  val_loss=0.8251  val_acc=0.8772  lr=5.21e-05  (15.8s)
epoch  71/80  train_loss=0.1252  val_slot_acc=0.9843  val_loss=0.8282  val_acc=0.8793  lr=4.32e-05  (14.8s)
epoch  72/80  train_loss=0.1216  val_slot_acc=0.9843  val_loss=0.8257  val_acc=0.8801  lr=3.51e-05  (15.2s)
epoch  73/80  train_loss=0.1207  val_slot_acc=0.9843  val_loss=0.8175  val_acc=0.8808  lr=2.78e-05  (14.0s)
epoch  74/80  train_loss=0.1203  val_slot_acc=0.9843  val_loss=0.8150  val_acc=0.8808  lr=2.13e-05  (14.9s)
epoch  75/80  train_loss=0.1234  val_slot_acc=0.9843  val_loss=0.8252  val_acc=0.8793  lr=1.57e-05  (14.9s)
epoch  76/80  train_loss=0.1212  val_slot_acc=0.9843  val_loss=0.8236  val_acc=0.8822  lr=1.09e-05  (13.5s)
epoch  77/80  train_loss=0.1288  val_slot_acc=0.9843  val_loss=0.8192  val_acc=0.8822  lr=7.00e-06  (13.9s)
epoch  78/80  train_loss=0.1177  val_slot_acc=0.9843  val_loss=0.8258  val_acc=0.8779  lr=3.94e-06  (11.5s)
epoch  79/80  train_loss=0.1274  val_slot_acc=0.9843  val_loss=0.8250  val_acc=0.8786  lr=1.75e-06  (11.2s)
epoch  80/80  train_loss=0.1270  val_slot_acc=0.9843  val_loss=0.8177  val_acc=0.8815  lr=4.39e-07  (11.2s)

Done. Best val_acc=0.8872, checkpoint at checkpoints/exp39d_numoos_s1.pt
