Using device: cuda, model: crnn, augment: False, seed: 0
Feature config: {'window_s': 5.0, 'trim': True}
Waveform augmentation on, noise bank: 11 train-split clips
train: 9273 examples (train_fraction=1.0), val: 1409 examples
Slot heads on: 5229 labeled train clips, weight 0.3
Using ConfusablePairLoss (alpha=2.0, gamma=0.0, label_smoothing=0.0)
Model params: 99,244
epoch   1/80  train_loss=3.3645  val_slot_acc=0.3268  val_loss=3.1498  val_acc=0.0490  lr=1.00e-05  (18.3s)
  -> saved new best checkpoint (val_acc=0.0490) to checkpoints/exp39h_meanpool_s0.pt
epoch   2/80  train_loss=3.3223  val_slot_acc=0.3438  val_loss=3.0933  val_acc=0.0752  lr=2.08e-04  (14.7s)
  -> saved new best checkpoint (val_acc=0.0752) to checkpoints/exp39h_meanpool_s0.pt
epoch   3/80  train_loss=3.2236  val_slot_acc=0.3961  val_loss=2.9204  val_acc=0.2463  lr=4.06e-04  (15.8s)
  -> saved new best checkpoint (val_acc=0.2463) to checkpoints/exp39h_meanpool_s0.pt
epoch   4/80  train_loss=2.9328  val_slot_acc=0.4601  val_loss=2.6979  val_acc=0.2512  lr=6.04e-04  (17.2s)
  -> saved new best checkpoint (val_acc=0.2512) to checkpoints/exp39h_meanpool_s0.pt
epoch   5/80  train_loss=2.6725  val_slot_acc=0.5935  val_loss=2.3122  val_acc=0.4053  lr=8.02e-04  (16.9s)
  -> saved new best checkpoint (val_acc=0.4053) to checkpoints/exp39h_meanpool_s0.pt
epoch   6/80  train_loss=2.3208  val_slot_acc=0.7255  val_loss=1.9874  val_acc=0.5415  lr=1.00e-03  (16.1s)
  -> saved new best checkpoint (val_acc=0.5415) to checkpoints/exp39h_meanpool_s0.pt
epoch   7/80  train_loss=1.9500  val_slot_acc=0.8026  val_loss=1.7162  val_acc=0.6359  lr=1.00e-03  (17.5s)
  -> saved new best checkpoint (val_acc=0.6359) to checkpoints/exp39h_meanpool_s0.pt
epoch   8/80  train_loss=1.6526  val_slot_acc=0.8340  val_loss=1.5991  val_acc=0.7197  lr=9.98e-04  (15.8s)
  -> saved new best checkpoint (val_acc=0.7197) to checkpoints/exp39h_meanpool_s0.pt
epoch   9/80  train_loss=1.4500  val_slot_acc=0.8706  val_loss=1.4204  val_acc=0.7495  lr=9.96e-04  (16.6s)
  -> saved new best checkpoint (val_acc=0.7495) to checkpoints/exp39h_meanpool_s0.pt
epoch  10/80  train_loss=1.2915  val_slot_acc=0.8941  val_loss=1.2766  val_acc=0.7679  lr=9.93e-04  (14.2s)
  -> saved new best checkpoint (val_acc=0.7679) to checkpoints/exp39h_meanpool_s0.pt
epoch  11/80  train_loss=1.1378  val_slot_acc=0.9124  val_loss=1.2044  val_acc=0.7771  lr=9.89e-04  (15.7s)
  -> saved new best checkpoint (val_acc=0.7771) to checkpoints/exp39h_meanpool_s0.pt
epoch  12/80  train_loss=1.0629  val_slot_acc=0.9229  val_loss=1.1431  val_acc=0.7686  lr=9.84e-04  (15.7s)
epoch  13/80  train_loss=0.9840  val_slot_acc=0.9255  val_loss=1.0470  val_acc=0.8148  lr=9.79e-04  (15.2s)
  -> saved new best checkpoint (val_acc=0.8148) to checkpoints/exp39h_meanpool_s0.pt
epoch  14/80  train_loss=0.9302  val_slot_acc=0.9307  val_loss=1.0439  val_acc=0.8119  lr=9.72e-04  (14.2s)
epoch  15/80  train_loss=0.8599  val_slot_acc=0.9399  val_loss=1.0396  val_acc=0.8176  lr=9.65e-04  (14.2s)
  -> saved new best checkpoint (val_acc=0.8176) to checkpoints/exp39h_meanpool_s0.pt
epoch  16/80  train_loss=0.8157  val_slot_acc=0.9464  val_loss=0.9601  val_acc=0.8162  lr=9.57e-04  (14.6s)
epoch  17/80  train_loss=0.7712  val_slot_acc=0.9477  val_loss=0.9444  val_acc=0.8304  lr=9.48e-04  (14.4s)
  -> saved new best checkpoint (val_acc=0.8304) to checkpoints/exp39h_meanpool_s0.pt
epoch  18/80  train_loss=0.7223  val_slot_acc=0.9451  val_loss=0.9179  val_acc=0.8297  lr=9.38e-04  (12.5s)
epoch  19/80  train_loss=0.6985  val_slot_acc=0.9569  val_loss=0.9402  val_acc=0.8155  lr=9.28e-04  (14.0s)
epoch  20/80  train_loss=0.6773  val_slot_acc=0.9542  val_loss=0.8559  val_acc=0.8382  lr=9.16e-04  (14.4s)
  -> saved new best checkpoint (val_acc=0.8382) to checkpoints/exp39h_meanpool_s0.pt
epoch  21/80  train_loss=0.6274  val_slot_acc=0.9634  val_loss=0.9185  val_acc=0.8460  lr=9.05e-04  (14.8s)
  -> saved new best checkpoint (val_acc=0.8460) to checkpoints/exp39h_meanpool_s0.pt
epoch  22/80  train_loss=0.6350  val_slot_acc=0.9608  val_loss=0.9056  val_acc=0.8211  lr=8.92e-04  (14.6s)
epoch  23/80  train_loss=0.5907  val_slot_acc=0.9542  val_loss=0.8431  val_acc=0.8495  lr=8.78e-04  (19.5s)
  -> saved new best checkpoint (val_acc=0.8495) to checkpoints/exp39h_meanpool_s0.pt
epoch  24/80  train_loss=0.5530  val_slot_acc=0.9608  val_loss=0.8504  val_acc=0.8488  lr=8.64e-04  (17.3s)
epoch  25/80  train_loss=0.5570  val_slot_acc=0.9556  val_loss=0.8468  val_acc=0.8446  lr=8.50e-04  (16.4s)
epoch  26/80  train_loss=0.5304  val_slot_acc=0.9686  val_loss=0.8242  val_acc=0.8524  lr=8.35e-04  (14.8s)
  -> saved new best checkpoint (val_acc=0.8524) to checkpoints/exp39h_meanpool_s0.pt
epoch  27/80  train_loss=0.5352  val_slot_acc=0.9647  val_loss=0.7975  val_acc=0.8474  lr=8.19e-04  (14.8s)
epoch  28/80  train_loss=0.5130  val_slot_acc=0.9621  val_loss=0.7666  val_acc=0.8637  lr=8.02e-04  (15.3s)
  -> saved new best checkpoint (val_acc=0.8637) to checkpoints/exp39h_meanpool_s0.pt
epoch  29/80  train_loss=0.4866  val_slot_acc=0.9569  val_loss=0.7886  val_acc=0.8524  lr=7.85e-04  (14.3s)
epoch  30/80  train_loss=0.4796  val_slot_acc=0.9660  val_loss=0.8224  val_acc=0.8581  lr=7.68e-04  (14.0s)
epoch  31/80  train_loss=0.4560  val_slot_acc=0.9582  val_loss=0.8822  val_acc=0.8467  lr=7.50e-04  (14.3s)
epoch  32/80  train_loss=0.4542  val_slot_acc=0.9673  val_loss=0.7936  val_acc=0.8637  lr=7.32e-04  (14.2s)
epoch  33/80  train_loss=0.4409  val_slot_acc=0.9686  val_loss=0.7964  val_acc=0.8616  lr=7.13e-04  (15.3s)
epoch  34/80  train_loss=0.4300  val_slot_acc=0.9660  val_loss=0.8702  val_acc=0.8545  lr=6.94e-04  (15.1s)
epoch  35/80  train_loss=0.4079  val_slot_acc=0.9647  val_loss=0.8053  val_acc=0.8581  lr=6.74e-04  (14.4s)
epoch  36/80  train_loss=0.4136  val_slot_acc=0.9647  val_loss=0.8157  val_acc=0.8701  lr=6.55e-04  (15.1s)
  -> saved new best checkpoint (val_acc=0.8701) to checkpoints/exp39h_meanpool_s0.pt
epoch  37/80  train_loss=0.4032  val_slot_acc=0.9582  val_loss=0.7976  val_acc=0.8652  lr=6.34e-04  (14.8s)
epoch  38/80  train_loss=0.3836  val_slot_acc=0.9660  val_loss=0.7870  val_acc=0.8616  lr=6.14e-04  (15.1s)
epoch  39/80  train_loss=0.3577  val_slot_acc=0.9595  val_loss=0.8330  val_acc=0.8595  lr=5.94e-04  (14.6s)
epoch  40/80  train_loss=0.3702  val_slot_acc=0.9647  val_loss=0.7630  val_acc=0.8609  lr=5.73e-04  (15.5s)
epoch  41/80  train_loss=0.3421  val_slot_acc=0.9699  val_loss=0.7730  val_acc=0.8666  lr=5.52e-04  (15.2s)
epoch  42/80  train_loss=0.3304  val_slot_acc=0.9686  val_loss=0.8061  val_acc=0.8630  lr=5.31e-04  (15.5s)
epoch  43/80  train_loss=0.3370  val_slot_acc=0.9673  val_loss=0.7407  val_acc=0.8722  lr=5.10e-04  (17.6s)
  -> saved new best checkpoint (val_acc=0.8722) to checkpoints/exp39h_meanpool_s0.pt
epoch  44/80  train_loss=0.3271  val_slot_acc=0.9712  val_loss=0.7989  val_acc=0.8744  lr=4.90e-04  (18.8s)
  -> saved new best checkpoint (val_acc=0.8744) to checkpoints/exp39h_meanpool_s0.pt
epoch  45/80  train_loss=0.3231  val_slot_acc=0.9699  val_loss=0.7401  val_acc=0.8808  lr=4.69e-04  (17.9s)
  -> saved new best checkpoint (val_acc=0.8808) to checkpoints/exp39h_meanpool_s0.pt
epoch  46/80  train_loss=0.3046  val_slot_acc=0.9739  val_loss=0.7928  val_acc=0.8744  lr=4.48e-04  (18.2s)
epoch  47/80  train_loss=0.3164  val_slot_acc=0.9673  val_loss=0.8138  val_acc=0.8694  lr=4.27e-04  (19.0s)
epoch  48/80  train_loss=0.2935  val_slot_acc=0.9725  val_loss=0.8113  val_acc=0.8687  lr=4.06e-04  (18.3s)
epoch  49/80  train_loss=0.2817  val_slot_acc=0.9673  val_loss=0.7570  val_acc=0.8744  lr=3.86e-04  (18.4s)
epoch  50/80  train_loss=0.2938  val_slot_acc=0.9725  val_loss=0.7885  val_acc=0.8701  lr=3.66e-04  (18.2s)
epoch  51/80  train_loss=0.2751  val_slot_acc=0.9699  val_loss=0.7756  val_acc=0.8751  lr=3.45e-04  (17.6s)
epoch  52/80  train_loss=0.2840  val_slot_acc=0.9621  val_loss=0.7705  val_acc=0.8730  lr=3.26e-04  (17.2s)
epoch  53/80  train_loss=0.2766  val_slot_acc=0.9647  val_loss=0.7693  val_acc=0.8737  lr=3.06e-04  (17.8s)
epoch  54/80  train_loss=0.2604  val_slot_acc=0.9673  val_loss=0.7639  val_acc=0.8822  lr=2.87e-04  (17.6s)
  -> saved new best checkpoint (val_acc=0.8822) to checkpoints/exp39h_meanpool_s0.pt
epoch  55/80  train_loss=0.2531  val_slot_acc=0.9634  val_loss=0.7888  val_acc=0.8772  lr=2.68e-04  (21.6s)
epoch  56/80  train_loss=0.2573  val_slot_acc=0.9647  val_loss=0.7655  val_acc=0.8765  lr=2.50e-04  (23.4s)
epoch  57/80  train_loss=0.2459  val_slot_acc=0.9660  val_loss=0.7852  val_acc=0.8751  lr=2.32e-04  (18.4s)
epoch  58/80  train_loss=0.2432  val_slot_acc=0.9725  val_loss=0.8075  val_acc=0.8779  lr=2.15e-04  (18.8s)
epoch  59/80  train_loss=0.2412  val_slot_acc=0.9712  val_loss=0.7974  val_acc=0.8779  lr=1.98e-04  (19.0s)
epoch  60/80  train_loss=0.2268  val_slot_acc=0.9739  val_loss=0.7881  val_acc=0.8751  lr=1.81e-04  (18.7s)
epoch  61/80  train_loss=0.2307  val_slot_acc=0.9739  val_loss=0.8102  val_acc=0.8751  lr=1.65e-04  (18.2s)
epoch  62/80  train_loss=0.2241  val_slot_acc=0.9725  val_loss=0.8163  val_acc=0.8786  lr=1.50e-04  (17.2s)
epoch  63/80  train_loss=0.2320  val_slot_acc=0.9686  val_loss=0.7965  val_acc=0.8779  lr=1.36e-04  (17.4s)
epoch  64/80  train_loss=0.2228  val_slot_acc=0.9673  val_loss=0.7846  val_acc=0.8765  lr=1.22e-04  (16.4s)
epoch  65/80  train_loss=0.2162  val_slot_acc=0.9699  val_loss=0.8004  val_acc=0.8772  lr=1.08e-04  (17.4s)
epoch  66/80  train_loss=0.2214  val_slot_acc=0.9712  val_loss=0.7661  val_acc=0.8786  lr=9.55e-05  (17.8s)
epoch  67/80  train_loss=0.2214  val_slot_acc=0.9752  val_loss=0.7820  val_acc=0.8751  lr=8.35e-05  (17.9s)
epoch  68/80  train_loss=0.2070  val_slot_acc=0.9686  val_loss=0.7756  val_acc=0.8786  lr=7.23e-05  (17.6s)
epoch  69/80  train_loss=0.2170  val_slot_acc=0.9699  val_loss=0.7783  val_acc=0.8765  lr=6.18e-05  (18.8s)
epoch  70/80  train_loss=0.2182  val_slot_acc=0.9686  val_loss=0.7857  val_acc=0.8801  lr=5.21e-05  (18.9s)
epoch  71/80  train_loss=0.2051  val_slot_acc=0.9660  val_loss=0.7894  val_acc=0.8801  lr=4.32e-05  (18.1s)
epoch  72/80  train_loss=0.2142  val_slot_acc=0.9673  val_loss=0.7843  val_acc=0.8822  lr=3.51e-05  (19.6s)
epoch  73/80  train_loss=0.1969  val_slot_acc=0.9712  val_loss=0.7766  val_acc=0.8829  lr=2.78e-05  (19.1s)
  -> saved new best checkpoint (val_acc=0.8829) to checkpoints/exp39h_meanpool_s0.pt
epoch  74/80  train_loss=0.2158  val_slot_acc=0.9699  val_loss=0.7720  val_acc=0.8808  lr=2.13e-05  (18.4s)
epoch  75/80  train_loss=0.2095  val_slot_acc=0.9673  val_loss=0.7758  val_acc=0.8815  lr=1.57e-05  (19.0s)
epoch  76/80  train_loss=0.2049  val_slot_acc=0.9712  val_loss=0.7771  val_acc=0.8801  lr=1.09e-05  (18.7s)
epoch  77/80  train_loss=0.2015  val_slot_acc=0.9712  val_loss=0.7792  val_acc=0.8815  lr=7.00e-06  (19.1s)
epoch  78/80  train_loss=0.2078  val_slot_acc=0.9712  val_loss=0.7790  val_acc=0.8815  lr=3.94e-06  (19.1s)
epoch  79/80  train_loss=0.2134  val_slot_acc=0.9699  val_loss=0.7793  val_acc=0.8815  lr=1.75e-06  (17.6s)
epoch  80/80  train_loss=0.2008  val_slot_acc=0.9712  val_loss=0.7791  val_acc=0.8822  lr=4.39e-07  (18.7s)

Done. Best val_acc=0.8829, checkpoint at checkpoints/exp39h_meanpool_s0.pt
