Using device: cuda, model: crnn, augment: False, seed: 1
Feature config: {'window_s': 5.0, 'trim': True}
Waveform augmentation on, noise bank: 11 train-split clips
train: 9273 examples (train_fraction=1.0), val: 1409 examples
Slot heads on: 5229 labeled train clips, weight 0.3
Using ConfusablePairLoss (alpha=2.0, gamma=0.0, label_smoothing=0.0)
Model params: 99,373
epoch   1/150  train_loss=3.3676  val_slot_acc=0.3412  val_loss=3.1550  val_acc=0.0291  lr=1.00e-05  (20.8s)
  -> saved new best checkpoint (val_acc=0.0291) to checkpoints/exp37b_me2_e150_s1.pt
epoch   2/150  train_loss=3.3149  val_slot_acc=0.3425  val_loss=3.0691  val_acc=0.1767  lr=2.08e-04  (15.3s)
  -> saved new best checkpoint (val_acc=0.1767) to checkpoints/exp37b_me2_e150_s1.pt
epoch   3/150  train_loss=3.0689  val_slot_acc=0.4183  val_loss=2.6494  val_acc=0.3137  lr=4.06e-04  (15.1s)
  -> saved new best checkpoint (val_acc=0.3137) to checkpoints/exp37b_me2_e150_s1.pt
epoch   4/150  train_loss=2.6621  val_slot_acc=0.5333  val_loss=2.2746  val_acc=0.4847  lr=6.04e-04  (14.7s)
  -> saved new best checkpoint (val_acc=0.4847) to checkpoints/exp37b_me2_e150_s1.pt
epoch   5/150  train_loss=2.1101  val_slot_acc=0.7124  val_loss=1.7904  val_acc=0.6480  lr=8.02e-04  (15.1s)
  -> saved new best checkpoint (val_acc=0.6480) to checkpoints/exp37b_me2_e150_s1.pt
epoch   6/150  train_loss=1.6450  val_slot_acc=0.8353  val_loss=1.5043  val_acc=0.6913  lr=1.00e-03  (14.7s)
  -> saved new best checkpoint (val_acc=0.6913) to checkpoints/exp37b_me2_e150_s1.pt
epoch   7/150  train_loss=1.3693  val_slot_acc=0.8680  val_loss=1.3589  val_acc=0.7452  lr=1.00e-03  (14.8s)
  -> saved new best checkpoint (val_acc=0.7452) to checkpoints/exp37b_me2_e150_s1.pt
epoch   8/150  train_loss=1.1843  val_slot_acc=0.9163  val_loss=1.2077  val_acc=0.7807  lr=1.00e-03  (14.6s)
  -> saved new best checkpoint (val_acc=0.7807) to checkpoints/exp37b_me2_e150_s1.pt
epoch   9/150  train_loss=1.0283  val_slot_acc=0.9399  val_loss=1.1011  val_acc=0.8013  lr=9.99e-04  (14.7s)
  -> saved new best checkpoint (val_acc=0.8013) to checkpoints/exp37b_me2_e150_s1.pt
epoch  10/150  train_loss=0.9184  val_slot_acc=0.9438  val_loss=1.0903  val_acc=0.7970  lr=9.98e-04  (14.8s)
epoch  11/150  train_loss=0.8382  val_slot_acc=0.9373  val_loss=0.9566  val_acc=0.8176  lr=9.97e-04  (15.0s)
  -> saved new best checkpoint (val_acc=0.8176) to checkpoints/exp37b_me2_e150_s1.pt
epoch  12/150  train_loss=0.7838  val_slot_acc=0.9516  val_loss=0.9676  val_acc=0.8275  lr=9.96e-04  (14.8s)
  -> saved new best checkpoint (val_acc=0.8275) to checkpoints/exp37b_me2_e150_s1.pt
epoch  13/150  train_loss=0.7341  val_slot_acc=0.9490  val_loss=0.8866  val_acc=0.8282  lr=9.94e-04  (15.3s)
  -> saved new best checkpoint (val_acc=0.8282) to checkpoints/exp37b_me2_e150_s1.pt
epoch  14/150  train_loss=0.6707  val_slot_acc=0.9582  val_loss=0.8327  val_acc=0.8339  lr=9.93e-04  (15.4s)
  -> saved new best checkpoint (val_acc=0.8339) to checkpoints/exp37b_me2_e150_s1.pt
epoch  15/150  train_loss=0.6430  val_slot_acc=0.9529  val_loss=0.8728  val_acc=0.8282  lr=9.91e-04  (15.2s)
epoch  16/150  train_loss=0.6076  val_slot_acc=0.9556  val_loss=0.8230  val_acc=0.8495  lr=9.88e-04  (15.2s)
  -> saved new best checkpoint (val_acc=0.8495) to checkpoints/exp37b_me2_e150_s1.pt
epoch  17/150  train_loss=0.5635  val_slot_acc=0.9569  val_loss=0.8005  val_acc=0.8545  lr=9.86e-04  (15.4s)
  -> saved new best checkpoint (val_acc=0.8545) to checkpoints/exp37b_me2_e150_s1.pt
epoch  18/150  train_loss=0.5437  val_slot_acc=0.9739  val_loss=0.7834  val_acc=0.8609  lr=9.83e-04  (15.0s)
  -> saved new best checkpoint (val_acc=0.8609) to checkpoints/exp37b_me2_e150_s1.pt
epoch  19/150  train_loss=0.5159  val_slot_acc=0.9660  val_loss=0.7555  val_acc=0.8581  lr=9.80e-04  (15.0s)
epoch  20/150  train_loss=0.4928  val_slot_acc=0.9660  val_loss=0.7618  val_acc=0.8545  lr=9.77e-04  (14.8s)
epoch  21/150  train_loss=0.4771  val_slot_acc=0.9699  val_loss=0.7485  val_acc=0.8488  lr=9.74e-04  (14.8s)
epoch  22/150  train_loss=0.4472  val_slot_acc=0.9686  val_loss=0.7631  val_acc=0.8581  lr=9.70e-04  (15.3s)
epoch  23/150  train_loss=0.4281  val_slot_acc=0.9712  val_loss=0.7232  val_acc=0.8687  lr=9.66e-04  (15.5s)
  -> saved new best checkpoint (val_acc=0.8687) to checkpoints/exp37b_me2_e150_s1.pt
epoch  24/150  train_loss=0.4184  val_slot_acc=0.9712  val_loss=0.7226  val_acc=0.8524  lr=9.62e-04  (15.2s)
epoch  25/150  train_loss=0.4083  val_slot_acc=0.9660  val_loss=0.7296  val_acc=0.8573  lr=9.58e-04  (15.1s)
epoch  26/150  train_loss=0.3848  val_slot_acc=0.9752  val_loss=0.7443  val_acc=0.8588  lr=9.54e-04  (14.8s)
epoch  27/150  train_loss=0.3534  val_slot_acc=0.9686  val_loss=0.7028  val_acc=0.8602  lr=9.49e-04  (14.9s)
epoch  28/150  train_loss=0.3758  val_slot_acc=0.9804  val_loss=0.7254  val_acc=0.8637  lr=9.44e-04  (14.5s)
epoch  29/150  train_loss=0.3593  val_slot_acc=0.9752  val_loss=0.7071  val_acc=0.8737  lr=9.39e-04  (14.9s)
  -> saved new best checkpoint (val_acc=0.8737) to checkpoints/exp37b_me2_e150_s1.pt
epoch  30/150  train_loss=0.3532  val_slot_acc=0.9699  val_loss=0.6725  val_acc=0.8737  lr=9.34e-04  (14.6s)
epoch  31/150  train_loss=0.3259  val_slot_acc=0.9778  val_loss=0.6925  val_acc=0.8737  lr=9.28e-04  (14.3s)
epoch  32/150  train_loss=0.3180  val_slot_acc=0.9686  val_loss=0.7517  val_acc=0.8652  lr=9.23e-04  (14.6s)
epoch  33/150  train_loss=0.3063  val_slot_acc=0.9752  val_loss=0.6924  val_acc=0.8737  lr=9.17e-04  (14.6s)
epoch  34/150  train_loss=0.2959  val_slot_acc=0.9765  val_loss=0.7809  val_acc=0.8659  lr=9.11e-04  (14.9s)
epoch  35/150  train_loss=0.2926  val_slot_acc=0.9673  val_loss=0.8274  val_acc=0.8595  lr=9.05e-04  (15.0s)
epoch  36/150  train_loss=0.2877  val_slot_acc=0.9791  val_loss=0.6968  val_acc=0.8758  lr=8.98e-04  (15.0s)
  -> saved new best checkpoint (val_acc=0.8758) to checkpoints/exp37b_me2_e150_s1.pt
epoch  37/150  train_loss=0.2686  val_slot_acc=0.9647  val_loss=0.7164  val_acc=0.8701  lr=8.91e-04  (14.8s)
epoch  38/150  train_loss=0.2575  val_slot_acc=0.9778  val_loss=0.7058  val_acc=0.8765  lr=8.85e-04  (14.8s)
  -> saved new best checkpoint (val_acc=0.8765) to checkpoints/exp37b_me2_e150_s1.pt
epoch  39/150  train_loss=0.2667  val_slot_acc=0.9739  val_loss=0.7063  val_acc=0.8730  lr=8.78e-04  (15.0s)
epoch  40/150  train_loss=0.2636  val_slot_acc=0.9791  val_loss=0.7049  val_acc=0.8751  lr=8.70e-04  (14.6s)
epoch  41/150  train_loss=0.2278  val_slot_acc=0.9778  val_loss=0.7169  val_acc=0.8715  lr=8.63e-04  (14.9s)
epoch  42/150  train_loss=0.2315  val_slot_acc=0.9765  val_loss=0.7315  val_acc=0.8687  lr=8.55e-04  (14.6s)
epoch  43/150  train_loss=0.2299  val_slot_acc=0.9725  val_loss=0.7451  val_acc=0.8701  lr=8.48e-04  (14.9s)
epoch  44/150  train_loss=0.2271  val_slot_acc=0.9686  val_loss=0.7583  val_acc=0.8765  lr=8.40e-04  (14.9s)
epoch  45/150  train_loss=0.2253  val_slot_acc=0.9778  val_loss=0.7040  val_acc=0.8815  lr=8.32e-04  (16.0s)
  -> saved new best checkpoint (val_acc=0.8815) to checkpoints/exp37b_me2_e150_s1.pt
epoch  46/150  train_loss=0.2086  val_slot_acc=0.9765  val_loss=0.7140  val_acc=0.8815  lr=8.24e-04  (15.3s)
epoch  47/150  train_loss=0.2138  val_slot_acc=0.9778  val_loss=0.7784  val_acc=0.8708  lr=8.15e-04  (14.6s)
epoch  48/150  train_loss=0.2009  val_slot_acc=0.9725  val_loss=0.7983  val_acc=0.8666  lr=8.07e-04  (14.9s)
epoch  49/150  train_loss=0.2033  val_slot_acc=0.9778  val_loss=0.7394  val_acc=0.8737  lr=7.98e-04  (14.6s)
epoch  50/150  train_loss=0.1875  val_slot_acc=0.9752  val_loss=0.7338  val_acc=0.8737  lr=7.89e-04  (14.7s)
epoch  51/150  train_loss=0.1780  val_slot_acc=0.9752  val_loss=0.7297  val_acc=0.8687  lr=7.81e-04  (14.4s)
epoch  52/150  train_loss=0.1792  val_slot_acc=0.9830  val_loss=0.7791  val_acc=0.8722  lr=7.72e-04  (14.7s)
epoch  53/150  train_loss=0.1846  val_slot_acc=0.9752  val_loss=0.7724  val_acc=0.8772  lr=7.62e-04  (14.9s)
epoch  54/150  train_loss=0.1646  val_slot_acc=0.9791  val_loss=0.7407  val_acc=0.8864  lr=7.53e-04  (15.0s)
  -> saved new best checkpoint (val_acc=0.8864) to checkpoints/exp37b_me2_e150_s1.pt
epoch  55/150  train_loss=0.1756  val_slot_acc=0.9765  val_loss=0.7791  val_acc=0.8779  lr=7.44e-04  (15.4s)
epoch  56/150  train_loss=0.1760  val_slot_acc=0.9725  val_loss=0.7923  val_acc=0.8765  lr=7.34e-04  (14.9s)
epoch  57/150  train_loss=0.1731  val_slot_acc=0.9752  val_loss=0.7496  val_acc=0.8758  lr=7.25e-04  (15.3s)
epoch  58/150  train_loss=0.1642  val_slot_acc=0.9739  val_loss=0.7418  val_acc=0.8836  lr=7.15e-04  (14.9s)
epoch  59/150  train_loss=0.1550  val_slot_acc=0.9804  val_loss=0.7651  val_acc=0.8793  lr=7.05e-04  (14.8s)
epoch  60/150  train_loss=0.1587  val_slot_acc=0.9778  val_loss=0.7778  val_acc=0.8779  lr=6.95e-04  (14.9s)
epoch  61/150  train_loss=0.1486  val_slot_acc=0.9765  val_loss=0.7956  val_acc=0.8765  lr=6.85e-04  (15.0s)
epoch  62/150  train_loss=0.1469  val_slot_acc=0.9778  val_loss=0.7973  val_acc=0.8758  lr=6.75e-04  (14.8s)
epoch  63/150  train_loss=0.1422  val_slot_acc=0.9817  val_loss=0.7696  val_acc=0.8864  lr=6.65e-04  (14.5s)
epoch  64/150  train_loss=0.1614  val_slot_acc=0.9791  val_loss=0.7436  val_acc=0.8815  lr=6.55e-04  (14.7s)
epoch  65/150  train_loss=0.1490  val_slot_acc=0.9778  val_loss=0.7302  val_acc=0.8815  lr=6.44e-04  (15.0s)
epoch  66/150  train_loss=0.1358  val_slot_acc=0.9791  val_loss=0.7303  val_acc=0.8829  lr=6.34e-04  (15.7s)
epoch  67/150  train_loss=0.1326  val_slot_acc=0.9830  val_loss=0.8252  val_acc=0.8730  lr=6.23e-04  (15.3s)
epoch  68/150  train_loss=0.1211  val_slot_acc=0.9843  val_loss=0.7882  val_acc=0.8808  lr=6.13e-04  (15.4s)
epoch  69/150  train_loss=0.1193  val_slot_acc=0.9765  val_loss=0.8349  val_acc=0.8751  lr=6.02e-04  (15.4s)
epoch  70/150  train_loss=0.1315  val_slot_acc=0.9778  val_loss=0.7874  val_acc=0.8779  lr=5.92e-04  (14.8s)
epoch  71/150  train_loss=0.1223  val_slot_acc=0.9752  val_loss=0.8192  val_acc=0.8801  lr=5.81e-04  (14.6s)
epoch  72/150  train_loss=0.1179  val_slot_acc=0.9739  val_loss=0.8200  val_acc=0.8808  lr=5.70e-04  (15.1s)
epoch  73/150  train_loss=0.1214  val_slot_acc=0.9752  val_loss=0.7654  val_acc=0.8772  lr=5.59e-04  (15.3s)
epoch  74/150  train_loss=0.1158  val_slot_acc=0.9765  val_loss=0.7925  val_acc=0.8822  lr=5.49e-04  (15.1s)
epoch  75/150  train_loss=0.1298  val_slot_acc=0.9765  val_loss=0.7614  val_acc=0.8815  lr=5.38e-04  (14.7s)
epoch  76/150  train_loss=0.1273  val_slot_acc=0.9765  val_loss=0.8223  val_acc=0.8793  lr=5.27e-04  (14.5s)
epoch  77/150  train_loss=0.1229  val_slot_acc=0.9765  val_loss=0.8133  val_acc=0.8765  lr=5.16e-04  (14.7s)
epoch  78/150  train_loss=0.1208  val_slot_acc=0.9817  val_loss=0.8099  val_acc=0.8864  lr=5.05e-04  (14.5s)
epoch  79/150  train_loss=0.1121  val_slot_acc=0.9804  val_loss=0.8009  val_acc=0.8808  lr=4.95e-04  (14.6s)
epoch  80/150  train_loss=0.0973  val_slot_acc=0.9804  val_loss=0.8055  val_acc=0.8886  lr=4.84e-04  (15.0s)
  -> saved new best checkpoint (val_acc=0.8886) to checkpoints/exp37b_me2_e150_s1.pt
epoch  81/150  train_loss=0.1044  val_slot_acc=0.9843  val_loss=0.7953  val_acc=0.8815  lr=4.73e-04  (9.4s)
epoch  82/150  train_loss=0.1024  val_slot_acc=0.9830  val_loss=0.8153  val_acc=0.8829  lr=4.62e-04  (9.6s)
epoch  83/150  train_loss=0.0907  val_slot_acc=0.9843  val_loss=0.8159  val_acc=0.8879  lr=4.51e-04  (9.8s)
epoch  84/150  train_loss=0.0972  val_slot_acc=0.9791  val_loss=0.7996  val_acc=0.8829  lr=4.41e-04  (10.5s)
epoch  85/150  train_loss=0.0958  val_slot_acc=0.9778  val_loss=0.7781  val_acc=0.8765  lr=4.30e-04  (9.9s)
epoch  86/150  train_loss=0.0997  val_slot_acc=0.9856  val_loss=0.8206  val_acc=0.8836  lr=4.19e-04  (9.4s)
epoch  87/150  train_loss=0.0983  val_slot_acc=0.9882  val_loss=0.7929  val_acc=0.8857  lr=4.08e-04  (9.5s)
epoch  88/150  train_loss=0.0935  val_slot_acc=0.9791  val_loss=0.8159  val_acc=0.8815  lr=3.98e-04  (9.4s)
epoch  89/150  train_loss=0.0851  val_slot_acc=0.9843  val_loss=0.8147  val_acc=0.8857  lr=3.87e-04  (9.7s)
epoch  90/150  train_loss=0.0943  val_slot_acc=0.9804  val_loss=0.8237  val_acc=0.8864  lr=3.77e-04  (10.5s)
epoch  91/150  train_loss=0.0938  val_slot_acc=0.9830  val_loss=0.7908  val_acc=0.8907  lr=3.66e-04  (15.9s)
  -> saved new best checkpoint (val_acc=0.8907) to checkpoints/exp37b_me2_e150_s1.pt
epoch  92/150  train_loss=0.0894  val_slot_acc=0.9765  val_loss=0.8528  val_acc=0.8758  lr=3.56e-04  (15.0s)
epoch  93/150  train_loss=0.0891  val_slot_acc=0.9804  val_loss=0.8166  val_acc=0.8850  lr=3.45e-04  (13.6s)
epoch  94/150  train_loss=0.0846  val_slot_acc=0.9804  val_loss=0.7980  val_acc=0.8900  lr=3.35e-04  (14.1s)
epoch  95/150  train_loss=0.0952  val_slot_acc=0.9765  val_loss=0.8078  val_acc=0.8864  lr=3.25e-04  (14.4s)
epoch  96/150  train_loss=0.0904  val_slot_acc=0.9791  val_loss=0.8036  val_acc=0.8879  lr=3.15e-04  (15.8s)
epoch  97/150  train_loss=0.0811  val_slot_acc=0.9765  val_loss=0.8645  val_acc=0.8786  lr=3.05e-04  (13.7s)
epoch  98/150  train_loss=0.0781  val_slot_acc=0.9765  val_loss=0.8621  val_acc=0.8857  lr=2.95e-04  (14.3s)
epoch  99/150  train_loss=0.0810  val_slot_acc=0.9765  val_loss=0.8519  val_acc=0.8815  lr=2.85e-04  (14.5s)
epoch 100/150  train_loss=0.0758  val_slot_acc=0.9791  val_loss=0.8295  val_acc=0.8793  lr=2.75e-04  (15.1s)
epoch 101/150  train_loss=0.0720  val_slot_acc=0.9843  val_loss=0.8351  val_acc=0.8836  lr=2.66e-04  (15.9s)
epoch 102/150  train_loss=0.0752  val_slot_acc=0.9791  val_loss=0.8326  val_acc=0.8822  lr=2.56e-04  (14.6s)
epoch 103/150  train_loss=0.0730  val_slot_acc=0.9778  val_loss=0.8172  val_acc=0.8836  lr=2.47e-04  (13.1s)
epoch 104/150  train_loss=0.0696  val_slot_acc=0.9752  val_loss=0.8058  val_acc=0.8843  lr=2.38e-04  (14.4s)
epoch 105/150  train_loss=0.0689  val_slot_acc=0.9778  val_loss=0.8030  val_acc=0.8850  lr=2.28e-04  (15.4s)
epoch 106/150  train_loss=0.0705  val_slot_acc=0.9778  val_loss=0.8392  val_acc=0.8829  lr=2.19e-04  (15.4s)
epoch 107/150  train_loss=0.0742  val_slot_acc=0.9804  val_loss=0.8173  val_acc=0.8900  lr=2.11e-04  (12.9s)
epoch 108/150  train_loss=0.0796  val_slot_acc=0.9791  val_loss=0.8362  val_acc=0.8850  lr=2.02e-04  (14.3s)
epoch 109/150  train_loss=0.0724  val_slot_acc=0.9817  val_loss=0.8175  val_acc=0.8836  lr=1.93e-04  (14.1s)
epoch 110/150  train_loss=0.0735  val_slot_acc=0.9791  val_loss=0.8367  val_acc=0.8850  lr=1.85e-04  (15.0s)
epoch 111/150  train_loss=0.0675  val_slot_acc=0.9752  val_loss=0.8380  val_acc=0.8893  lr=1.76e-04  (14.2s)
epoch 112/150  train_loss=0.0710  val_slot_acc=0.9752  val_loss=0.8199  val_acc=0.8857  lr=1.68e-04  (15.0s)
epoch 113/150  train_loss=0.0702  val_slot_acc=0.9752  val_loss=0.8473  val_acc=0.8850  lr=1.60e-04  (13.7s)
epoch 114/150  train_loss=0.0625  val_slot_acc=0.9752  val_loss=0.8568  val_acc=0.8864  lr=1.52e-04  (13.7s)
epoch 115/150  train_loss=0.0746  val_slot_acc=0.9739  val_loss=0.8532  val_acc=0.8850  lr=1.45e-04  (14.7s)
epoch 116/150  train_loss=0.0614  val_slot_acc=0.9739  val_loss=0.8418  val_acc=0.8836  lr=1.37e-04  (15.3s)
epoch 117/150  train_loss=0.0662  val_slot_acc=0.9765  val_loss=0.8284  val_acc=0.8879  lr=1.30e-04  (13.3s)
epoch 118/150  train_loss=0.0623  val_slot_acc=0.9765  val_loss=0.8151  val_acc=0.8857  lr=1.22e-04  (13.3s)
epoch 119/150  train_loss=0.0654  val_slot_acc=0.9778  val_loss=0.8332  val_acc=0.8872  lr=1.15e-04  (14.8s)
epoch 120/150  train_loss=0.0651  val_slot_acc=0.9765  val_loss=0.8302  val_acc=0.8872  lr=1.09e-04  (14.4s)
epoch 121/150  train_loss=0.0613  val_slot_acc=0.9791  val_loss=0.8335  val_acc=0.8886  lr=1.02e-04  (12.6s)
epoch 122/150  train_loss=0.0687  val_slot_acc=0.9791  val_loss=0.8280  val_acc=0.8907  lr=9.55e-05  (13.7s)
epoch 123/150  train_loss=0.0597  val_slot_acc=0.9791  val_loss=0.8450  val_acc=0.8857  lr=8.92e-05  (15.1s)
epoch 124/150  train_loss=0.0598  val_slot_acc=0.9778  val_loss=0.8318  val_acc=0.8900  lr=8.31e-05  (15.1s)
epoch 125/150  train_loss=0.0617  val_slot_acc=0.9765  val_loss=0.8287  val_acc=0.8900  lr=7.73e-05  (13.3s)
epoch 126/150  train_loss=0.0594  val_slot_acc=0.9765  val_loss=0.8301  val_acc=0.8872  lr=7.16e-05  (12.8s)
epoch 127/150  train_loss=0.0588  val_slot_acc=0.9778  val_loss=0.8273  val_acc=0.8843  lr=6.61e-05  (15.0s)
epoch 128/150  train_loss=0.0591  val_slot_acc=0.9778  val_loss=0.8309  val_acc=0.8857  lr=6.08e-05  (15.3s)
epoch 129/150  train_loss=0.0617  val_slot_acc=0.9804  val_loss=0.8280  val_acc=0.8886  lr=5.57e-05  (13.4s)
epoch 130/150  train_loss=0.0610  val_slot_acc=0.9804  val_loss=0.8307  val_acc=0.8886  lr=5.09e-05  (13.2s)
epoch 131/150  train_loss=0.0583  val_slot_acc=0.9804  val_loss=0.8284  val_acc=0.8893  lr=4.62e-05  (15.0s)
epoch 132/150  train_loss=0.0556  val_slot_acc=0.9804  val_loss=0.8268  val_acc=0.8879  lr=4.18e-05  (14.8s)
epoch 133/150  train_loss=0.0619  val_slot_acc=0.9765  val_loss=0.8183  val_acc=0.8872  lr=3.75e-05  (13.6s)
epoch 134/150  train_loss=0.0504  val_slot_acc=0.9765  val_loss=0.8241  val_acc=0.8872  lr=3.35e-05  (12.1s)
epoch 135/150  train_loss=0.0544  val_slot_acc=0.9778  val_loss=0.8333  val_acc=0.8864  lr=2.97e-05  (14.7s)
epoch 136/150  train_loss=0.0613  val_slot_acc=0.9778  val_loss=0.8274  val_acc=0.8864  lr=2.62e-05  (15.4s)
epoch 137/150  train_loss=0.0581  val_slot_acc=0.9791  val_loss=0.8170  val_acc=0.8864  lr=2.28e-05  (12.4s)
epoch 138/150  train_loss=0.0546  val_slot_acc=0.9765  val_loss=0.8177  val_acc=0.8864  lr=1.97e-05  (13.1s)
epoch 139/150  train_loss=0.0596  val_slot_acc=0.9765  val_loss=0.8170  val_acc=0.8850  lr=1.68e-05  (14.3s)
epoch 140/150  train_loss=0.0592  val_slot_acc=0.9765  val_loss=0.8157  val_acc=0.8872  lr=1.41e-05  (13.3s)
epoch 141/150  train_loss=0.0523  val_slot_acc=0.9765  val_loss=0.8238  val_acc=0.8893  lr=1.17e-05  (13.2s)
epoch 142/150  train_loss=0.0621  val_slot_acc=0.9778  val_loss=0.8263  val_acc=0.8879  lr=9.48e-06  (14.2s)
epoch 143/150  train_loss=0.0560  val_slot_acc=0.9778  val_loss=0.8265  val_acc=0.8843  lr=7.49e-06  (14.4s)
epoch 144/150  train_loss=0.0574  val_slot_acc=0.9804  val_loss=0.8261  val_acc=0.8872  lr=5.74e-06  (13.3s)
epoch 145/150  train_loss=0.0513  val_slot_acc=0.9791  val_loss=0.8233  val_acc=0.8886  lr=4.22e-06  (13.7s)
epoch 146/150  train_loss=0.0574  val_slot_acc=0.9791  val_loss=0.8272  val_acc=0.8864  lr=2.93e-06  (14.1s)
epoch 147/150  train_loss=0.0561  val_slot_acc=0.9791  val_loss=0.8234  val_acc=0.8907  lr=1.88e-06  (13.8s)
epoch 148/150  train_loss=0.0612  val_slot_acc=0.9778  val_loss=0.8278  val_acc=0.8850  lr=1.06e-06  (13.8s)
epoch 149/150  train_loss=0.0591  val_slot_acc=0.9791  val_loss=0.8240  val_acc=0.8893  lr=4.69e-07  (13.4s)
epoch 150/150  train_loss=0.0584  val_slot_acc=0.9804  val_loss=0.8244  val_acc=0.8879  lr=1.17e-07  (12.0s)

Done. Best val_acc=0.8907, checkpoint at checkpoints/exp37b_me2_e150_s1.pt
