Using device: cuda, model: crnn, augment: False, seed: 0
Feature config: {'window_s': 5.0, 'trim': True}
Waveform augmentation on, noise bank: 11 train-split clips
train: 9273 examples (train_fraction=1.0), val: 1409 examples
Slot heads on: 5229 labeled train clips, weight 0.3
Using ConfusablePairLoss (alpha=2.0, gamma=0.0, label_smoothing=0.0)
Model params: 107,440
epoch   1/80  train_loss=3.3673  val_slot_acc=0.3373  val_loss=3.1586  val_acc=0.0568  lr=1.00e-05  (19.9s)
  -> saved new best checkpoint (val_acc=0.0568) to checkpoints/exp39f_heads4_s0.pt
epoch   2/80  train_loss=3.3045  val_slot_acc=0.3438  val_loss=3.0617  val_acc=0.1774  lr=2.08e-04  (17.2s)
  -> saved new best checkpoint (val_acc=0.1774) to checkpoints/exp39f_heads4_s0.pt
epoch   3/80  train_loss=2.9716  val_slot_acc=0.4667  val_loss=2.5318  val_acc=0.3591  lr=4.06e-04  (15.1s)
  -> saved new best checkpoint (val_acc=0.3591) to checkpoints/exp39f_heads4_s0.pt
epoch   4/80  train_loss=2.3863  val_slot_acc=0.6052  val_loss=1.9821  val_acc=0.5337  lr=6.04e-04  (15.3s)
  -> saved new best checkpoint (val_acc=0.5337) to checkpoints/exp39f_heads4_s0.pt
epoch   5/80  train_loss=1.7842  val_slot_acc=0.7072  val_loss=1.6131  val_acc=0.6941  lr=8.02e-04  (16.2s)
  -> saved new best checkpoint (val_acc=0.6941) to checkpoints/exp39f_heads4_s0.pt
epoch   6/80  train_loss=1.3741  val_slot_acc=0.8601  val_loss=1.2404  val_acc=0.7509  lr=1.00e-03  (12.5s)
  -> saved new best checkpoint (val_acc=0.7509) to checkpoints/exp39f_heads4_s0.pt
epoch   7/80  train_loss=1.0997  val_slot_acc=0.8732  val_loss=1.1309  val_acc=0.7956  lr=1.00e-03  (13.7s)
  -> saved new best checkpoint (val_acc=0.7956) to checkpoints/exp39f_heads4_s0.pt
epoch   8/80  train_loss=0.9239  val_slot_acc=0.9046  val_loss=1.0036  val_acc=0.8155  lr=9.98e-04  (13.6s)
  -> saved new best checkpoint (val_acc=0.8155) to checkpoints/exp39f_heads4_s0.pt
epoch   9/80  train_loss=0.8251  val_slot_acc=0.9098  val_loss=0.9400  val_acc=0.8417  lr=9.96e-04  (11.8s)
  -> saved new best checkpoint (val_acc=0.8417) to checkpoints/exp39f_heads4_s0.pt
epoch  10/80  train_loss=0.7367  val_slot_acc=0.9176  val_loss=0.9053  val_acc=0.8353  lr=9.93e-04  (12.2s)
epoch  11/80  train_loss=0.6855  val_slot_acc=0.9346  val_loss=0.8293  val_acc=0.8346  lr=9.89e-04  (13.2s)
epoch  12/80  train_loss=0.6045  val_slot_acc=0.9399  val_loss=0.7870  val_acc=0.8453  lr=9.84e-04  (13.9s)
  -> saved new best checkpoint (val_acc=0.8453) to checkpoints/exp39f_heads4_s0.pt
epoch  13/80  train_loss=0.5704  val_slot_acc=0.9425  val_loss=0.7599  val_acc=0.8552  lr=9.79e-04  (15.2s)
  -> saved new best checkpoint (val_acc=0.8552) to checkpoints/exp39f_heads4_s0.pt
epoch  14/80  train_loss=0.5340  val_slot_acc=0.9503  val_loss=0.6805  val_acc=0.8680  lr=9.72e-04  (14.5s)
  -> saved new best checkpoint (val_acc=0.8680) to checkpoints/exp39f_heads4_s0.pt
epoch  15/80  train_loss=0.4932  val_slot_acc=0.9582  val_loss=0.7045  val_acc=0.8765  lr=9.65e-04  (12.5s)
  -> saved new best checkpoint (val_acc=0.8765) to checkpoints/exp39f_heads4_s0.pt
epoch  16/80  train_loss=0.4602  val_slot_acc=0.9569  val_loss=0.7137  val_acc=0.8644  lr=9.57e-04  (13.7s)
epoch  17/80  train_loss=0.4590  val_slot_acc=0.9556  val_loss=0.6993  val_acc=0.8737  lr=9.48e-04  (13.7s)
epoch  18/80  train_loss=0.4207  val_slot_acc=0.9634  val_loss=0.6775  val_acc=0.8779  lr=9.38e-04  (14.3s)
  -> saved new best checkpoint (val_acc=0.8779) to checkpoints/exp39f_heads4_s0.pt
epoch  19/80  train_loss=0.3928  val_slot_acc=0.9673  val_loss=0.6844  val_acc=0.8644  lr=9.28e-04  (14.6s)
epoch  20/80  train_loss=0.3732  val_slot_acc=0.9595  val_loss=0.6814  val_acc=0.8701  lr=9.16e-04  (14.2s)
epoch  21/80  train_loss=0.3613  val_slot_acc=0.9516  val_loss=0.7526  val_acc=0.8708  lr=9.05e-04  (14.6s)
epoch  22/80  train_loss=0.3288  val_slot_acc=0.9686  val_loss=0.6874  val_acc=0.8758  lr=8.92e-04  (15.4s)
epoch  23/80  train_loss=0.3123  val_slot_acc=0.9647  val_loss=0.6734  val_acc=0.8758  lr=8.78e-04  (16.2s)
epoch  24/80  train_loss=0.3068  val_slot_acc=0.9634  val_loss=0.7273  val_acc=0.8673  lr=8.64e-04  (15.0s)
epoch  25/80  train_loss=0.2995  val_slot_acc=0.9516  val_loss=0.6758  val_acc=0.8786  lr=8.50e-04  (13.3s)
  -> saved new best checkpoint (val_acc=0.8786) to checkpoints/exp39f_heads4_s0.pt
epoch  26/80  train_loss=0.2898  val_slot_acc=0.9556  val_loss=0.7040  val_acc=0.8673  lr=8.35e-04  (12.9s)
epoch  27/80  train_loss=0.2742  val_slot_acc=0.9608  val_loss=0.6783  val_acc=0.8758  lr=8.19e-04  (13.9s)
epoch  28/80  train_loss=0.2626  val_slot_acc=0.9686  val_loss=0.7329  val_acc=0.8715  lr=8.02e-04  (16.3s)
epoch  29/80  train_loss=0.2393  val_slot_acc=0.9712  val_loss=0.6913  val_acc=0.8708  lr=7.85e-04  (17.7s)
epoch  30/80  train_loss=0.2355  val_slot_acc=0.9647  val_loss=0.7436  val_acc=0.8744  lr=7.68e-04  (17.9s)
epoch  31/80  train_loss=0.2287  val_slot_acc=0.9699  val_loss=0.7386  val_acc=0.8715  lr=7.50e-04  (14.0s)
epoch  32/80  train_loss=0.2051  val_slot_acc=0.9595  val_loss=0.7291  val_acc=0.8694  lr=7.32e-04  (13.5s)
epoch  33/80  train_loss=0.2020  val_slot_acc=0.9660  val_loss=0.6516  val_acc=0.8793  lr=7.13e-04  (12.6s)
  -> saved new best checkpoint (val_acc=0.8793) to checkpoints/exp39f_heads4_s0.pt
epoch  34/80  train_loss=0.1924  val_slot_acc=0.9582  val_loss=0.7510  val_acc=0.8765  lr=6.94e-04  (12.8s)
epoch  35/80  train_loss=0.1910  val_slot_acc=0.9647  val_loss=0.6858  val_acc=0.8765  lr=6.74e-04  (14.6s)
epoch  36/80  train_loss=0.1736  val_slot_acc=0.9686  val_loss=0.7059  val_acc=0.8815  lr=6.55e-04  (14.9s)
  -> saved new best checkpoint (val_acc=0.8815) to checkpoints/exp39f_heads4_s0.pt
epoch  37/80  train_loss=0.1795  val_slot_acc=0.9765  val_loss=0.6841  val_acc=0.8872  lr=6.34e-04  (14.8s)
  -> saved new best checkpoint (val_acc=0.8872) to checkpoints/exp39f_heads4_s0.pt
epoch  38/80  train_loss=0.1900  val_slot_acc=0.9660  val_loss=0.7365  val_acc=0.8715  lr=6.14e-04  (15.4s)
epoch  39/80  train_loss=0.1561  val_slot_acc=0.9660  val_loss=0.7660  val_acc=0.8801  lr=5.94e-04  (15.7s)
epoch  40/80  train_loss=0.1764  val_slot_acc=0.9686  val_loss=0.6856  val_acc=0.8808  lr=5.73e-04  (15.8s)
epoch  41/80  train_loss=0.1664  val_slot_acc=0.9608  val_loss=0.7622  val_acc=0.8786  lr=5.52e-04  (16.3s)
epoch  42/80  train_loss=0.1463  val_slot_acc=0.9699  val_loss=0.7230  val_acc=0.8815  lr=5.31e-04  (14.5s)
epoch  43/80  train_loss=0.1492  val_slot_acc=0.9621  val_loss=0.7373  val_acc=0.8808  lr=5.10e-04  (14.3s)
epoch  44/80  train_loss=0.1441  val_slot_acc=0.9699  val_loss=0.7597  val_acc=0.8779  lr=4.90e-04  (15.3s)
epoch  45/80  train_loss=0.1376  val_slot_acc=0.9699  val_loss=0.7356  val_acc=0.8801  lr=4.69e-04  (15.4s)
epoch  46/80  train_loss=0.1236  val_slot_acc=0.9673  val_loss=0.7386  val_acc=0.8850  lr=4.48e-04  (16.0s)
epoch  47/80  train_loss=0.1342  val_slot_acc=0.9621  val_loss=0.7550  val_acc=0.8843  lr=4.27e-04  (16.1s)
epoch  48/80  train_loss=0.1155  val_slot_acc=0.9647  val_loss=0.7411  val_acc=0.8801  lr=4.06e-04  (15.7s)
epoch  49/80  train_loss=0.1107  val_slot_acc=0.9699  val_loss=0.7632  val_acc=0.8829  lr=3.86e-04  (15.9s)
epoch  50/80  train_loss=0.1035  val_slot_acc=0.9686  val_loss=0.7368  val_acc=0.8815  lr=3.66e-04  (15.8s)
epoch  51/80  train_loss=0.1074  val_slot_acc=0.9634  val_loss=0.7932  val_acc=0.8793  lr=3.45e-04  (15.5s)
epoch  52/80  train_loss=0.1035  val_slot_acc=0.9686  val_loss=0.7641  val_acc=0.8801  lr=3.26e-04  (15.7s)
epoch  53/80  train_loss=0.1095  val_slot_acc=0.9686  val_loss=0.7433  val_acc=0.8801  lr=3.06e-04  (15.4s)
epoch  54/80  train_loss=0.0971  val_slot_acc=0.9686  val_loss=0.7588  val_acc=0.8829  lr=2.87e-04  (15.4s)
epoch  55/80  train_loss=0.1086  val_slot_acc=0.9673  val_loss=0.7555  val_acc=0.8815  lr=2.68e-04  (15.5s)
epoch  56/80  train_loss=0.1019  val_slot_acc=0.9686  val_loss=0.7240  val_acc=0.8829  lr=2.50e-04  (13.4s)
epoch  57/80  train_loss=0.0959  val_slot_acc=0.9673  val_loss=0.7701  val_acc=0.8779  lr=2.32e-04  (13.1s)
epoch  58/80  train_loss=0.0857  val_slot_acc=0.9634  val_loss=0.7604  val_acc=0.8779  lr=2.15e-04  (12.5s)
epoch  59/80  train_loss=0.0967  val_slot_acc=0.9699  val_loss=0.7434  val_acc=0.8808  lr=1.98e-04  (13.6s)
epoch  60/80  train_loss=0.0966  val_slot_acc=0.9647  val_loss=0.7435  val_acc=0.8829  lr=1.81e-04  (13.8s)
epoch  61/80  train_loss=0.0925  val_slot_acc=0.9699  val_loss=0.7387  val_acc=0.8822  lr=1.65e-04  (13.7s)
epoch  62/80  train_loss=0.0929  val_slot_acc=0.9673  val_loss=0.7459  val_acc=0.8836  lr=1.50e-04  (11.9s)
epoch  63/80  train_loss=0.0863  val_slot_acc=0.9673  val_loss=0.7472  val_acc=0.8843  lr=1.36e-04  (13.4s)
epoch  64/80  train_loss=0.0843  val_slot_acc=0.9660  val_loss=0.7492  val_acc=0.8864  lr=1.22e-04  (14.4s)
epoch  65/80  train_loss=0.0807  val_slot_acc=0.9673  val_loss=0.7703  val_acc=0.8836  lr=1.08e-04  (14.7s)
epoch  66/80  train_loss=0.0832  val_slot_acc=0.9673  val_loss=0.7431  val_acc=0.8879  lr=9.55e-05  (14.9s)
  -> saved new best checkpoint (val_acc=0.8879) to checkpoints/exp39f_heads4_s0.pt
epoch  67/80  train_loss=0.0854  val_slot_acc=0.9647  val_loss=0.7534  val_acc=0.8822  lr=8.35e-05  (14.9s)
epoch  68/80  train_loss=0.0803  val_slot_acc=0.9647  val_loss=0.7458  val_acc=0.8843  lr=7.23e-05  (15.1s)
epoch  69/80  train_loss=0.0831  val_slot_acc=0.9647  val_loss=0.7529  val_acc=0.8829  lr=6.18e-05  (15.3s)
epoch  70/80  train_loss=0.0771  val_slot_acc=0.9686  val_loss=0.7296  val_acc=0.8872  lr=5.21e-05  (15.0s)
epoch  71/80  train_loss=0.0753  val_slot_acc=0.9686  val_loss=0.7390  val_acc=0.8857  lr=4.32e-05  (14.8s)
epoch  72/80  train_loss=0.0792  val_slot_acc=0.9660  val_loss=0.7373  val_acc=0.8843  lr=3.51e-05  (14.2s)
epoch  73/80  train_loss=0.0796  val_slot_acc=0.9673  val_loss=0.7442  val_acc=0.8822  lr=2.78e-05  (12.9s)
epoch  74/80  train_loss=0.0813  val_slot_acc=0.9660  val_loss=0.7413  val_acc=0.8822  lr=2.13e-05  (13.8s)
epoch  75/80  train_loss=0.0748  val_slot_acc=0.9660  val_loss=0.7434  val_acc=0.8843  lr=1.57e-05  (15.2s)
epoch  76/80  train_loss=0.0818  val_slot_acc=0.9660  val_loss=0.7442  val_acc=0.8836  lr=1.09e-05  (15.2s)
epoch  77/80  train_loss=0.0732  val_slot_acc=0.9660  val_loss=0.7438  val_acc=0.8843  lr=7.00e-06  (15.6s)
epoch  78/80  train_loss=0.0804  val_slot_acc=0.9660  val_loss=0.7449  val_acc=0.8850  lr=3.94e-06  (15.0s)
epoch  79/80  train_loss=0.0771  val_slot_acc=0.9647  val_loss=0.7427  val_acc=0.8836  lr=1.75e-06  (14.4s)
epoch  80/80  train_loss=0.0714  val_slot_acc=0.9660  val_loss=0.7486  val_acc=0.8836  lr=4.39e-07  (15.1s)

Done. Best val_acc=0.8879, checkpoint at checkpoints/exp39f_heads4_s0.pt
