Using device: cuda, model: crnn, augment: False, seed: 1
Feature config: {'window_s': 5.0, 'trim': True}
Waveform augmentation on, noise bank: 11 train-split clips
train: 9273 examples (train_fraction=1.0), val: 1409 examples
Slot heads on: 5229 labeled train clips, weight 0.3
Using ConfusablePairLoss (alpha=2.0, gamma=0.0, label_smoothing=0.0)
Model params: 99,244
epoch   1/80  train_loss=3.3644  val_slot_acc=0.3294  val_loss=3.1562  val_acc=0.0284  lr=1.00e-05  (17.2s)
  -> saved new best checkpoint (val_acc=0.0284) to checkpoints/exp39h_meanpool_s1.pt
epoch   2/80  train_loss=3.3221  val_slot_acc=0.3569  val_loss=3.0877  val_acc=0.1242  lr=2.08e-04  (14.4s)
  -> saved new best checkpoint (val_acc=0.1242) to checkpoints/exp39h_meanpool_s1.pt
epoch   3/80  train_loss=3.1930  val_slot_acc=0.3843  val_loss=2.8805  val_acc=0.1930  lr=4.06e-04  (17.5s)
  -> saved new best checkpoint (val_acc=0.1930) to checkpoints/exp39h_meanpool_s1.pt
epoch   4/80  train_loss=2.9291  val_slot_acc=0.5124  val_loss=2.5175  val_acc=0.3229  lr=6.04e-04  (18.1s)
  -> saved new best checkpoint (val_acc=0.3229) to checkpoints/exp39h_meanpool_s1.pt
epoch   5/80  train_loss=2.5957  val_slot_acc=0.6261  val_loss=2.2612  val_acc=0.4627  lr=8.02e-04  (13.8s)
  -> saved new best checkpoint (val_acc=0.4627) to checkpoints/exp39h_meanpool_s1.pt
epoch   6/80  train_loss=2.2272  val_slot_acc=0.7203  val_loss=2.0375  val_acc=0.5011  lr=1.00e-03  (14.0s)
  -> saved new best checkpoint (val_acc=0.5011) to checkpoints/exp39h_meanpool_s1.pt
epoch   7/80  train_loss=1.8850  val_slot_acc=0.8353  val_loss=1.6460  val_acc=0.6778  lr=1.00e-03  (14.2s)
  -> saved new best checkpoint (val_acc=0.6778) to checkpoints/exp39h_meanpool_s1.pt
epoch   8/80  train_loss=1.5813  val_slot_acc=0.8993  val_loss=1.4996  val_acc=0.7147  lr=9.98e-04  (17.2s)
  -> saved new best checkpoint (val_acc=0.7147) to checkpoints/exp39h_meanpool_s1.pt
epoch   9/80  train_loss=1.4029  val_slot_acc=0.9268  val_loss=1.3643  val_acc=0.7466  lr=9.96e-04  (16.9s)
  -> saved new best checkpoint (val_acc=0.7466) to checkpoints/exp39h_meanpool_s1.pt
epoch  10/80  train_loss=1.2730  val_slot_acc=0.9216  val_loss=1.2980  val_acc=0.7722  lr=9.93e-04  (18.4s)
  -> saved new best checkpoint (val_acc=0.7722) to checkpoints/exp39h_meanpool_s1.pt
epoch  11/80  train_loss=1.1469  val_slot_acc=0.9451  val_loss=1.2242  val_acc=0.7686  lr=9.89e-04  (16.9s)
epoch  12/80  train_loss=1.0596  val_slot_acc=0.9556  val_loss=1.1476  val_acc=0.7871  lr=9.84e-04  (16.4s)
  -> saved new best checkpoint (val_acc=0.7871) to checkpoints/exp39h_meanpool_s1.pt
epoch  13/80  train_loss=0.9853  val_slot_acc=0.9582  val_loss=1.1530  val_acc=0.8034  lr=9.79e-04  (15.8s)
  -> saved new best checkpoint (val_acc=0.8034) to checkpoints/exp39h_meanpool_s1.pt
epoch  14/80  train_loss=0.9221  val_slot_acc=0.9595  val_loss=1.0969  val_acc=0.8176  lr=9.72e-04  (16.2s)
  -> saved new best checkpoint (val_acc=0.8176) to checkpoints/exp39h_meanpool_s1.pt
epoch  15/80  train_loss=0.8493  val_slot_acc=0.9477  val_loss=1.0312  val_acc=0.7984  lr=9.65e-04  (18.2s)
epoch  16/80  train_loss=0.8139  val_slot_acc=0.9569  val_loss=0.9608  val_acc=0.8226  lr=9.57e-04  (16.9s)
  -> saved new best checkpoint (val_acc=0.8226) to checkpoints/exp39h_meanpool_s1.pt
epoch  17/80  train_loss=0.7701  val_slot_acc=0.9712  val_loss=0.9530  val_acc=0.8353  lr=9.48e-04  (16.7s)
  -> saved new best checkpoint (val_acc=0.8353) to checkpoints/exp39h_meanpool_s1.pt
epoch  18/80  train_loss=0.7023  val_slot_acc=0.9608  val_loss=1.0116  val_acc=0.8247  lr=9.38e-04  (16.8s)
epoch  19/80  train_loss=0.6816  val_slot_acc=0.9529  val_loss=0.9535  val_acc=0.8197  lr=9.28e-04  (13.4s)
epoch  20/80  train_loss=0.6557  val_slot_acc=0.9647  val_loss=0.9056  val_acc=0.8353  lr=9.16e-04  (15.5s)
epoch  21/80  train_loss=0.6168  val_slot_acc=0.9621  val_loss=0.9491  val_acc=0.8410  lr=9.05e-04  (17.0s)
  -> saved new best checkpoint (val_acc=0.8410) to checkpoints/exp39h_meanpool_s1.pt
epoch  22/80  train_loss=0.6104  val_slot_acc=0.9634  val_loss=0.8840  val_acc=0.8417  lr=8.92e-04  (15.1s)
  -> saved new best checkpoint (val_acc=0.8417) to checkpoints/exp39h_meanpool_s1.pt
epoch  23/80  train_loss=0.5701  val_slot_acc=0.9634  val_loss=0.8632  val_acc=0.8495  lr=8.78e-04  (17.4s)
  -> saved new best checkpoint (val_acc=0.8495) to checkpoints/exp39h_meanpool_s1.pt
epoch  24/80  train_loss=0.5647  val_slot_acc=0.9725  val_loss=0.8610  val_acc=0.8439  lr=8.64e-04  (15.2s)
epoch  25/80  train_loss=0.5491  val_slot_acc=0.9725  val_loss=0.8548  val_acc=0.8432  lr=8.50e-04  (14.9s)
epoch  26/80  train_loss=0.5225  val_slot_acc=0.9673  val_loss=0.8651  val_acc=0.8510  lr=8.35e-04  (14.9s)
  -> saved new best checkpoint (val_acc=0.8510) to checkpoints/exp39h_meanpool_s1.pt
epoch  27/80  train_loss=0.5047  val_slot_acc=0.9686  val_loss=0.9019  val_acc=0.8389  lr=8.19e-04  (14.8s)
epoch  28/80  train_loss=0.4899  val_slot_acc=0.9647  val_loss=0.9185  val_acc=0.8424  lr=8.02e-04  (14.5s)
epoch  29/80  train_loss=0.4821  val_slot_acc=0.9647  val_loss=0.8473  val_acc=0.8424  lr=7.85e-04  (14.3s)
epoch  30/80  train_loss=0.4571  val_slot_acc=0.9739  val_loss=0.8326  val_acc=0.8460  lr=7.68e-04  (14.3s)
epoch  31/80  train_loss=0.4606  val_slot_acc=0.9647  val_loss=0.8293  val_acc=0.8545  lr=7.50e-04  (14.7s)
  -> saved new best checkpoint (val_acc=0.8545) to checkpoints/exp39h_meanpool_s1.pt
epoch  32/80  train_loss=0.4260  val_slot_acc=0.9686  val_loss=0.8122  val_acc=0.8488  lr=7.32e-04  (14.9s)
epoch  33/80  train_loss=0.4149  val_slot_acc=0.9712  val_loss=0.8309  val_acc=0.8588  lr=7.13e-04  (15.7s)
  -> saved new best checkpoint (val_acc=0.8588) to checkpoints/exp39h_meanpool_s1.pt
epoch  34/80  train_loss=0.4047  val_slot_acc=0.9712  val_loss=0.8139  val_acc=0.8552  lr=6.94e-04  (14.5s)
epoch  35/80  train_loss=0.4069  val_slot_acc=0.9660  val_loss=0.8737  val_acc=0.8502  lr=6.74e-04  (15.3s)
epoch  36/80  train_loss=0.3982  val_slot_acc=0.9699  val_loss=0.7963  val_acc=0.8531  lr=6.55e-04  (14.9s)
epoch  37/80  train_loss=0.3660  val_slot_acc=0.9686  val_loss=0.8425  val_acc=0.8502  lr=6.34e-04  (14.4s)
epoch  38/80  train_loss=0.3860  val_slot_acc=0.9647  val_loss=0.7711  val_acc=0.8559  lr=6.14e-04  (14.7s)
epoch  39/80  train_loss=0.3631  val_slot_acc=0.9699  val_loss=0.7758  val_acc=0.8595  lr=5.94e-04  (15.3s)
  -> saved new best checkpoint (val_acc=0.8595) to checkpoints/exp39h_meanpool_s1.pt
epoch  40/80  train_loss=0.3549  val_slot_acc=0.9660  val_loss=0.8707  val_acc=0.8517  lr=5.73e-04  (15.6s)
epoch  41/80  train_loss=0.3486  val_slot_acc=0.9686  val_loss=0.7906  val_acc=0.8581  lr=5.52e-04  (15.5s)
epoch  42/80  train_loss=0.3337  val_slot_acc=0.9699  val_loss=0.8331  val_acc=0.8538  lr=5.31e-04  (16.2s)
epoch  43/80  train_loss=0.3317  val_slot_acc=0.9712  val_loss=0.8540  val_acc=0.8623  lr=5.10e-04  (18.4s)
  -> saved new best checkpoint (val_acc=0.8623) to checkpoints/exp39h_meanpool_s1.pt
epoch  44/80  train_loss=0.3328  val_slot_acc=0.9647  val_loss=0.8057  val_acc=0.8531  lr=4.90e-04  (18.9s)
epoch  45/80  train_loss=0.3066  val_slot_acc=0.9699  val_loss=0.8372  val_acc=0.8545  lr=4.69e-04  (18.5s)
epoch  46/80  train_loss=0.3071  val_slot_acc=0.9752  val_loss=0.8386  val_acc=0.8609  lr=4.48e-04  (18.4s)
epoch  47/80  train_loss=0.3013  val_slot_acc=0.9673  val_loss=0.8465  val_acc=0.8602  lr=4.27e-04  (17.8s)
epoch  48/80  train_loss=0.2949  val_slot_acc=0.9712  val_loss=0.8418  val_acc=0.8602  lr=4.06e-04  (16.4s)
epoch  49/80  train_loss=0.2948  val_slot_acc=0.9673  val_loss=0.8374  val_acc=0.8659  lr=3.86e-04  (17.4s)
  -> saved new best checkpoint (val_acc=0.8659) to checkpoints/exp39h_meanpool_s1.pt
epoch  50/80  train_loss=0.2797  val_slot_acc=0.9765  val_loss=0.7947  val_acc=0.8616  lr=3.66e-04  (17.7s)
epoch  51/80  train_loss=0.2674  val_slot_acc=0.9752  val_loss=0.8151  val_acc=0.8659  lr=3.45e-04  (17.2s)
epoch  52/80  train_loss=0.2620  val_slot_acc=0.9686  val_loss=0.8401  val_acc=0.8637  lr=3.26e-04  (18.1s)
epoch  53/80  train_loss=0.2621  val_slot_acc=0.9686  val_loss=0.7541  val_acc=0.8722  lr=3.06e-04  (18.0s)
  -> saved new best checkpoint (val_acc=0.8722) to checkpoints/exp39h_meanpool_s1.pt
epoch  54/80  train_loss=0.2516  val_slot_acc=0.9673  val_loss=0.7925  val_acc=0.8666  lr=2.87e-04  (15.8s)
epoch  55/80  train_loss=0.2393  val_slot_acc=0.9673  val_loss=0.7992  val_acc=0.8644  lr=2.68e-04  (17.4s)
epoch  56/80  train_loss=0.2449  val_slot_acc=0.9647  val_loss=0.8168  val_acc=0.8616  lr=2.50e-04  (18.7s)
epoch  57/80  train_loss=0.2285  val_slot_acc=0.9752  val_loss=0.7843  val_acc=0.8666  lr=2.32e-04  (18.6s)
epoch  58/80  train_loss=0.2373  val_slot_acc=0.9660  val_loss=0.8229  val_acc=0.8694  lr=2.15e-04  (18.4s)
epoch  59/80  train_loss=0.2232  val_slot_acc=0.9712  val_loss=0.8366  val_acc=0.8666  lr=1.98e-04  (17.8s)
epoch  60/80  train_loss=0.2188  val_slot_acc=0.9712  val_loss=0.8330  val_acc=0.8666  lr=1.81e-04  (19.2s)
epoch  61/80  train_loss=0.2285  val_slot_acc=0.9712  val_loss=0.7945  val_acc=0.8673  lr=1.65e-04  (19.1s)
epoch  62/80  train_loss=0.2156  val_slot_acc=0.9699  val_loss=0.8068  val_acc=0.8715  lr=1.50e-04  (18.2s)
epoch  63/80  train_loss=0.2099  val_slot_acc=0.9712  val_loss=0.8427  val_acc=0.8694  lr=1.36e-04  (19.2s)
epoch  64/80  train_loss=0.2144  val_slot_acc=0.9686  val_loss=0.8351  val_acc=0.8680  lr=1.22e-04  (18.4s)
epoch  65/80  train_loss=0.2036  val_slot_acc=0.9673  val_loss=0.8298  val_acc=0.8680  lr=1.08e-04  (16.9s)
epoch  66/80  train_loss=0.2097  val_slot_acc=0.9739  val_loss=0.8376  val_acc=0.8701  lr=9.55e-05  (17.6s)
epoch  67/80  train_loss=0.2131  val_slot_acc=0.9725  val_loss=0.8202  val_acc=0.8673  lr=8.35e-05  (17.4s)
epoch  68/80  train_loss=0.2231  val_slot_acc=0.9712  val_loss=0.7930  val_acc=0.8694  lr=7.23e-05  (16.5s)
epoch  69/80  train_loss=0.2034  val_slot_acc=0.9712  val_loss=0.8124  val_acc=0.8666  lr=6.18e-05  (18.4s)
epoch  70/80  train_loss=0.1975  val_slot_acc=0.9712  val_loss=0.8312  val_acc=0.8701  lr=5.21e-05  (18.3s)
epoch  71/80  train_loss=0.2113  val_slot_acc=0.9699  val_loss=0.8131  val_acc=0.8701  lr=4.32e-05  (18.1s)
epoch  72/80  train_loss=0.1933  val_slot_acc=0.9739  val_loss=0.8073  val_acc=0.8694  lr=3.51e-05  (18.2s)
epoch  73/80  train_loss=0.2038  val_slot_acc=0.9712  val_loss=0.8029  val_acc=0.8687  lr=2.78e-05  (18.2s)
epoch  74/80  train_loss=0.2021  val_slot_acc=0.9712  val_loss=0.7975  val_acc=0.8715  lr=2.13e-05  (18.6s)
epoch  75/80  train_loss=0.2078  val_slot_acc=0.9699  val_loss=0.8103  val_acc=0.8708  lr=1.57e-05  (19.2s)
epoch  76/80  train_loss=0.2118  val_slot_acc=0.9699  val_loss=0.8113  val_acc=0.8715  lr=1.09e-05  (17.9s)
epoch  77/80  train_loss=0.1940  val_slot_acc=0.9699  val_loss=0.8077  val_acc=0.8737  lr=7.00e-06  (18.1s)
  -> saved new best checkpoint (val_acc=0.8737) to checkpoints/exp39h_meanpool_s1.pt
epoch  78/80  train_loss=0.1934  val_slot_acc=0.9712  val_loss=0.8093  val_acc=0.8708  lr=3.94e-06  (18.9s)
epoch  79/80  train_loss=0.1880  val_slot_acc=0.9699  val_loss=0.8000  val_acc=0.8722  lr=1.75e-06  (17.2s)
epoch  80/80  train_loss=0.1960  val_slot_acc=0.9699  val_loss=0.8054  val_acc=0.8722  lr=4.39e-07  (18.6s)

Done. Best val_acc=0.8737, checkpoint at checkpoints/exp39h_meanpool_s1.pt
