Using device: cuda, model: crnn, augment: True, seed: 1
Feature config: {'window_s': 5.0, 'trim': True}
Waveform augmentation on, noise bank: 11 train-split clips
--extra-oos-clips: 4000 numerals clips added as OUT_OF_SCOPE
train: 13273 examples (train_fraction=1.0), val: 1409 examples
Using knowledge distillation (weight=1.0, temperature=3.0) from data/me2/ensemble37_labels.csv
Slot heads on: 5229 labeled train clips, weight 0.3
Using ConfusablePairLoss (alpha=2.0, gamma=0.0, label_smoothing=0.0)
Model params: 181,936
epoch   1/80  train_loss=17.2390  val_slot_acc=0.3242  val_loss=4.4101  val_acc=0.0965  lr=1.00e-05  (27.9s)
  -> saved new best checkpoint (val_acc=0.0965) to checkpoints/exp41c_combo_distill_oos4k_s1.pt
epoch   2/80  train_loss=16.3412  val_slot_acc=0.3621  val_loss=4.3166  val_acc=0.1859  lr=2.08e-04  (25.8s)
  -> saved new best checkpoint (val_acc=0.1859) to checkpoints/exp41c_combo_distill_oos4k_s1.pt
epoch   3/80  train_loss=14.7383  val_slot_acc=0.3699  val_loss=4.4919  val_acc=0.1923  lr=4.06e-04  (26.8s)
  -> saved new best checkpoint (val_acc=0.1923) to checkpoints/exp41c_combo_distill_oos4k_s1.pt
epoch   4/80  train_loss=13.2659  val_slot_acc=0.4523  val_loss=4.1058  val_acc=0.4131  lr=6.04e-04  (25.2s)
  -> saved new best checkpoint (val_acc=0.4131) to checkpoints/exp41c_combo_distill_oos4k_s1.pt
epoch   5/80  train_loss=10.1017  val_slot_acc=0.4954  val_loss=3.2966  val_acc=0.6203  lr=8.02e-04  (26.4s)
  -> saved new best checkpoint (val_acc=0.6203) to checkpoints/exp41c_combo_distill_oos4k_s1.pt
epoch   6/80  train_loss=7.0847  val_slot_acc=0.6758  val_loss=2.3577  val_acc=0.7133  lr=1.00e-03  (26.2s)
  -> saved new best checkpoint (val_acc=0.7133) to checkpoints/exp41c_combo_distill_oos4k_s1.pt
epoch   7/80  train_loss=5.0703  val_slot_acc=0.7281  val_loss=1.9769  val_acc=0.7708  lr=1.00e-03  (26.8s)
  -> saved new best checkpoint (val_acc=0.7708) to checkpoints/exp41c_combo_distill_oos4k_s1.pt
epoch   8/80  train_loss=4.1187  val_slot_acc=0.7595  val_loss=1.7597  val_acc=0.7991  lr=9.98e-04  (25.1s)
  -> saved new best checkpoint (val_acc=0.7991) to checkpoints/exp41c_combo_distill_oos4k_s1.pt
epoch   9/80  train_loss=3.4554  val_slot_acc=0.8353  val_loss=1.4504  val_acc=0.8226  lr=9.96e-04  (26.5s)
  -> saved new best checkpoint (val_acc=0.8226) to checkpoints/exp41c_combo_distill_oos4k_s1.pt
epoch  10/80  train_loss=3.0265  val_slot_acc=0.8889  val_loss=1.3187  val_acc=0.8474  lr=9.93e-04  (25.7s)
  -> saved new best checkpoint (val_acc=0.8474) to checkpoints/exp41c_combo_distill_oos4k_s1.pt
epoch  11/80  train_loss=2.7626  val_slot_acc=0.8993  val_loss=1.3195  val_acc=0.8375  lr=9.89e-04  (25.9s)
epoch  12/80  train_loss=2.4767  val_slot_acc=0.9098  val_loss=1.1826  val_acc=0.8531  lr=9.84e-04  (26.3s)
  -> saved new best checkpoint (val_acc=0.8531) to checkpoints/exp41c_combo_distill_oos4k_s1.pt
epoch  13/80  train_loss=2.3252  val_slot_acc=0.9281  val_loss=1.1093  val_acc=0.8573  lr=9.79e-04  (25.4s)
  -> saved new best checkpoint (val_acc=0.8573) to checkpoints/exp41c_combo_distill_oos4k_s1.pt
epoch  14/80  train_loss=2.1562  val_slot_acc=0.9294  val_loss=1.0762  val_acc=0.8566  lr=9.72e-04  (26.0s)
epoch  15/80  train_loss=2.0434  val_slot_acc=0.9412  val_loss=1.1123  val_acc=0.8609  lr=9.65e-04  (25.4s)
  -> saved new best checkpoint (val_acc=0.8609) to checkpoints/exp41c_combo_distill_oos4k_s1.pt
epoch  16/80  train_loss=1.9276  val_slot_acc=0.9464  val_loss=0.9813  val_acc=0.8680  lr=9.57e-04  (26.4s)
  -> saved new best checkpoint (val_acc=0.8680) to checkpoints/exp41c_combo_distill_oos4k_s1.pt
epoch  17/80  train_loss=1.8587  val_slot_acc=0.9582  val_loss=1.0713  val_acc=0.8616  lr=9.48e-04  (25.4s)
epoch  18/80  train_loss=1.7764  val_slot_acc=0.9477  val_loss=1.0613  val_acc=0.8666  lr=9.38e-04  (25.9s)
epoch  19/80  train_loss=1.6911  val_slot_acc=0.9529  val_loss=0.9007  val_acc=0.8744  lr=9.28e-04  (25.2s)
  -> saved new best checkpoint (val_acc=0.8744) to checkpoints/exp41c_combo_distill_oos4k_s1.pt
epoch  20/80  train_loss=1.6312  val_slot_acc=0.9634  val_loss=0.9503  val_acc=0.8765  lr=9.16e-04  (26.2s)
  -> saved new best checkpoint (val_acc=0.8765) to checkpoints/exp41c_combo_distill_oos4k_s1.pt
epoch  21/80  train_loss=1.5610  val_slot_acc=0.9634  val_loss=0.9128  val_acc=0.8801  lr=9.05e-04  (25.9s)
  -> saved new best checkpoint (val_acc=0.8801) to checkpoints/exp41c_combo_distill_oos4k_s1.pt
epoch  22/80  train_loss=1.5341  val_slot_acc=0.9712  val_loss=0.8249  val_acc=0.8836  lr=8.92e-04  (25.9s)
  -> saved new best checkpoint (val_acc=0.8836) to checkpoints/exp41c_combo_distill_oos4k_s1.pt
epoch  23/80  train_loss=1.5309  val_slot_acc=0.9595  val_loss=0.9243  val_acc=0.8850  lr=8.78e-04  (25.6s)
  -> saved new best checkpoint (val_acc=0.8850) to checkpoints/exp41c_combo_distill_oos4k_s1.pt
epoch  24/80  train_loss=1.4557  val_slot_acc=0.9647  val_loss=0.8617  val_acc=0.8822  lr=8.64e-04  (26.1s)
epoch  25/80  train_loss=1.4389  val_slot_acc=0.9660  val_loss=0.8495  val_acc=0.8850  lr=8.50e-04  (26.1s)
epoch  26/80  train_loss=1.3944  val_slot_acc=0.9647  val_loss=0.8473  val_acc=0.8822  lr=8.35e-04  (25.0s)
epoch  27/80  train_loss=1.3577  val_slot_acc=0.9725  val_loss=0.7712  val_acc=0.8914  lr=8.19e-04  (26.4s)
  -> saved new best checkpoint (val_acc=0.8914) to checkpoints/exp41c_combo_distill_oos4k_s1.pt
epoch  28/80  train_loss=1.3385  val_slot_acc=0.9739  val_loss=0.8380  val_acc=0.8914  lr=8.02e-04  (25.2s)
epoch  29/80  train_loss=1.3101  val_slot_acc=0.9673  val_loss=0.8286  val_acc=0.8971  lr=7.85e-04  (25.8s)
  -> saved new best checkpoint (val_acc=0.8971) to checkpoints/exp41c_combo_distill_oos4k_s1.pt
epoch  30/80  train_loss=1.2879  val_slot_acc=0.9660  val_loss=0.8182  val_acc=0.8943  lr=7.68e-04  (24.5s)
epoch  31/80  train_loss=1.2504  val_slot_acc=0.9686  val_loss=0.7816  val_acc=0.8935  lr=7.50e-04  (25.8s)
epoch  32/80  train_loss=1.2409  val_slot_acc=0.9673  val_loss=0.7789  val_acc=0.8943  lr=7.32e-04  (25.0s)
epoch  33/80  train_loss=1.2192  val_slot_acc=0.9778  val_loss=0.8047  val_acc=0.8935  lr=7.13e-04  (26.0s)
epoch  34/80  train_loss=1.1871  val_slot_acc=0.9791  val_loss=0.7548  val_acc=0.8999  lr=6.94e-04  (25.5s)
  -> saved new best checkpoint (val_acc=0.8999) to checkpoints/exp41c_combo_distill_oos4k_s1.pt
epoch  35/80  train_loss=1.1817  val_slot_acc=0.9686  val_loss=0.7792  val_acc=0.8914  lr=6.74e-04  (26.1s)
epoch  36/80  train_loss=1.1469  val_slot_acc=0.9725  val_loss=0.7978  val_acc=0.8964  lr=6.55e-04  (25.6s)
epoch  37/80  train_loss=1.1129  val_slot_acc=0.9752  val_loss=0.7854  val_acc=0.8886  lr=6.34e-04  (25.7s)
epoch  38/80  train_loss=1.1188  val_slot_acc=0.9765  val_loss=0.6818  val_acc=0.9035  lr=6.14e-04  (26.1s)
  -> saved new best checkpoint (val_acc=0.9035) to checkpoints/exp41c_combo_distill_oos4k_s1.pt
epoch  39/80  train_loss=1.0819  val_slot_acc=0.9791  val_loss=0.7553  val_acc=0.8971  lr=5.94e-04  (24.9s)
epoch  40/80  train_loss=1.1168  val_slot_acc=0.9778  val_loss=0.7012  val_acc=0.8999  lr=5.73e-04  (26.0s)
epoch  41/80  train_loss=1.0883  val_slot_acc=0.9752  val_loss=0.7337  val_acc=0.9070  lr=5.52e-04  (25.3s)
  -> saved new best checkpoint (val_acc=0.9070) to checkpoints/exp41c_combo_distill_oos4k_s1.pt
epoch  42/80  train_loss=1.0532  val_slot_acc=0.9752  val_loss=0.7078  val_acc=0.8964  lr=5.31e-04  (26.0s)
epoch  43/80  train_loss=1.0379  val_slot_acc=0.9699  val_loss=0.7262  val_acc=0.9021  lr=5.10e-04  (25.4s)
epoch  44/80  train_loss=1.0244  val_slot_acc=0.9752  val_loss=0.7003  val_acc=0.9035  lr=4.90e-04  (26.3s)
epoch  45/80  train_loss=1.0272  val_slot_acc=0.9765  val_loss=0.7445  val_acc=0.9006  lr=4.69e-04  (25.2s)
epoch  46/80  train_loss=1.0024  val_slot_acc=0.9791  val_loss=0.7058  val_acc=0.9042  lr=4.48e-04  (26.1s)
epoch  47/80  train_loss=0.9940  val_slot_acc=0.9765  val_loss=0.7006  val_acc=0.9006  lr=4.27e-04  (25.4s)
epoch  48/80  train_loss=0.9690  val_slot_acc=0.9778  val_loss=0.6962  val_acc=0.9006  lr=4.06e-04  (25.8s)
epoch  49/80  train_loss=0.9726  val_slot_acc=0.9739  val_loss=0.7490  val_acc=0.8985  lr=3.86e-04  (25.5s)
epoch  50/80  train_loss=0.9582  val_slot_acc=0.9778  val_loss=0.7242  val_acc=0.8999  lr=3.66e-04  (26.1s)
epoch  51/80  train_loss=0.9491  val_slot_acc=0.9739  val_loss=0.7216  val_acc=0.8992  lr=3.45e-04  (26.3s)
epoch  52/80  train_loss=0.9200  val_slot_acc=0.9791  val_loss=0.7408  val_acc=0.8978  lr=3.26e-04  (25.8s)
epoch  53/80  train_loss=0.9121  val_slot_acc=0.9778  val_loss=0.6800  val_acc=0.9042  lr=3.06e-04  (26.6s)
epoch  54/80  train_loss=0.9131  val_slot_acc=0.9817  val_loss=0.7006  val_acc=0.9056  lr=2.87e-04  (25.6s)
epoch  55/80  train_loss=0.9114  val_slot_acc=0.9778  val_loss=0.6870  val_acc=0.9084  lr=2.68e-04  (26.3s)
  -> saved new best checkpoint (val_acc=0.9084) to checkpoints/exp41c_combo_distill_oos4k_s1.pt
epoch  56/80  train_loss=0.9086  val_slot_acc=0.9778  val_loss=0.7149  val_acc=0.9070  lr=2.50e-04  (26.2s)
epoch  57/80  train_loss=0.9222  val_slot_acc=0.9778  val_loss=0.7050  val_acc=0.9063  lr=2.32e-04  (26.7s)
epoch  58/80  train_loss=0.8844  val_slot_acc=0.9843  val_loss=0.6879  val_acc=0.9070  lr=2.15e-04  (25.2s)
epoch  59/80  train_loss=0.8757  val_slot_acc=0.9817  val_loss=0.7041  val_acc=0.9042  lr=1.98e-04  (25.1s)
epoch  60/80  train_loss=0.8653  val_slot_acc=0.9856  val_loss=0.6828  val_acc=0.9049  lr=1.81e-04  (25.2s)
epoch  61/80  train_loss=0.8747  val_slot_acc=0.9843  val_loss=0.6806  val_acc=0.9084  lr=1.65e-04  (26.6s)
epoch  62/80  train_loss=0.8465  val_slot_acc=0.9817  val_loss=0.6815  val_acc=0.9070  lr=1.50e-04  (25.7s)
epoch  63/80  train_loss=0.8713  val_slot_acc=0.9778  val_loss=0.6828  val_acc=0.9070  lr=1.36e-04  (26.2s)
epoch  64/80  train_loss=0.8809  val_slot_acc=0.9791  val_loss=0.6755  val_acc=0.9063  lr=1.22e-04  (25.4s)
epoch  65/80  train_loss=0.8495  val_slot_acc=0.9791  val_loss=0.6986  val_acc=0.9084  lr=1.08e-04  (26.3s)
epoch  66/80  train_loss=0.8357  val_slot_acc=0.9791  val_loss=0.6782  val_acc=0.9106  lr=9.55e-05  (25.4s)
  -> saved new best checkpoint (val_acc=0.9106) to checkpoints/exp41c_combo_distill_oos4k_s1.pt
epoch  67/80  train_loss=0.8330  val_slot_acc=0.9817  val_loss=0.6785  val_acc=0.9099  lr=8.35e-05  (26.3s)
epoch  68/80  train_loss=0.8255  val_slot_acc=0.9804  val_loss=0.6662  val_acc=0.9099  lr=7.23e-05  (25.8s)
epoch  69/80  train_loss=0.8281  val_slot_acc=0.9817  val_loss=0.6649  val_acc=0.9120  lr=6.18e-05  (26.3s)
  -> saved new best checkpoint (val_acc=0.9120) to checkpoints/exp41c_combo_distill_oos4k_s1.pt
epoch  70/80  train_loss=0.8359  val_slot_acc=0.9830  val_loss=0.6725  val_acc=0.9077  lr=5.21e-05  (25.4s)
epoch  71/80  train_loss=0.8284  val_slot_acc=0.9817  val_loss=0.6778  val_acc=0.9092  lr=4.32e-05  (26.2s)
epoch  72/80  train_loss=0.8433  val_slot_acc=0.9804  val_loss=0.6699  val_acc=0.9084  lr=3.51e-05  (25.6s)
epoch  73/80  train_loss=0.8196  val_slot_acc=0.9778  val_loss=0.6780  val_acc=0.9092  lr=2.78e-05  (26.6s)
epoch  74/80  train_loss=0.8115  val_slot_acc=0.9791  val_loss=0.6760  val_acc=0.9070  lr=2.13e-05  (25.4s)
epoch  75/80  train_loss=0.8271  val_slot_acc=0.9778  val_loss=0.6757  val_acc=0.9084  lr=1.57e-05  (26.4s)
epoch  76/80  train_loss=0.8314  val_slot_acc=0.9804  val_loss=0.6739  val_acc=0.9084  lr=1.09e-05  (25.2s)
epoch  77/80  train_loss=0.8196  val_slot_acc=0.9804  val_loss=0.6753  val_acc=0.9084  lr=7.00e-06  (21.1s)
epoch  78/80  train_loss=0.8036  val_slot_acc=0.9804  val_loss=0.6762  val_acc=0.9077  lr=3.94e-06  (18.6s)
epoch  79/80  train_loss=0.8242  val_slot_acc=0.9817  val_loss=0.6766  val_acc=0.9070  lr=1.75e-06  (18.8s)
epoch  80/80  train_loss=0.8021  val_slot_acc=0.9804  val_loss=0.6757  val_acc=0.9084  lr=4.39e-07  (13.4s)

Done. Best val_acc=0.9120, checkpoint at checkpoints/exp41c_combo_distill_oos4k_s1.pt
