Using device: cuda, model: crnn, augment: False, seed: 1
Feature config: {'window_s': 5.0, 'trim': True}
Waveform augmentation on, noise bank: 11 train-split clips
train: 9285 examples (train_fraction=1.0), val: 1448 examples
Slot heads on: 5196 labeled train clips, weight 0.3
Using ConfusablePairLoss (alpha=2.0, gamma=0.0, label_smoothing=0.0)
Model params: 99,373
epoch   1/150  train_loss=3.3664  val_slot_acc=0.3571  val_loss=3.1324  val_acc=0.0228  lr=1.00e-05  (52.7s)
  -> saved new best checkpoint (val_acc=0.0228) to checkpoints/exp43t_e150_s1.pt
epoch   2/150  train_loss=3.2999  val_slot_acc=0.3271  val_loss=2.9838  val_acc=0.1872  lr=2.08e-04  (23.8s)
  -> saved new best checkpoint (val_acc=0.1872) to checkpoints/exp43t_e150_s1.pt
epoch   3/150  train_loss=3.0025  val_slot_acc=0.4323  val_loss=2.5218  val_acc=0.3108  lr=4.06e-04  (22.3s)
  -> saved new best checkpoint (val_acc=0.3108) to checkpoints/exp43t_e150_s1.pt
epoch   4/150  train_loss=2.5271  val_slot_acc=0.5702  val_loss=1.8797  val_acc=0.5753  lr=6.04e-04  (24.9s)
  -> saved new best checkpoint (val_acc=0.5753) to checkpoints/exp43t_e150_s1.pt
epoch   5/150  train_loss=1.9256  val_slot_acc=0.6880  val_loss=1.4084  val_acc=0.7099  lr=8.02e-04  (26.1s)
  -> saved new best checkpoint (val_acc=0.7099) to checkpoints/exp43t_e150_s1.pt
epoch   6/150  train_loss=1.4760  val_slot_acc=0.8070  val_loss=1.1035  val_acc=0.7831  lr=1.00e-03  (25.5s)
  -> saved new best checkpoint (val_acc=0.7831) to checkpoints/exp43t_e150_s1.pt
epoch   7/150  train_loss=1.1909  val_slot_acc=0.8672  val_loss=0.9862  val_acc=0.8232  lr=1.00e-03  (21.6s)
  -> saved new best checkpoint (val_acc=0.8232) to checkpoints/exp43t_e150_s1.pt
epoch   8/150  train_loss=1.0136  val_slot_acc=0.9085  val_loss=0.9029  val_acc=0.8287  lr=1.00e-03  (25.1s)
  -> saved new best checkpoint (val_acc=0.8287) to checkpoints/exp43t_e150_s1.pt
epoch   9/150  train_loss=0.8849  val_slot_acc=0.9298  val_loss=0.8039  val_acc=0.8591  lr=9.99e-04  (24.8s)
  -> saved new best checkpoint (val_acc=0.8591) to checkpoints/exp43t_e150_s1.pt
epoch  10/150  train_loss=0.7776  val_slot_acc=0.9311  val_loss=0.7756  val_acc=0.8467  lr=9.98e-04  (23.8s)
epoch  11/150  train_loss=0.7029  val_slot_acc=0.9411  val_loss=0.7216  val_acc=0.8598  lr=9.97e-04  (21.1s)
  -> saved new best checkpoint (val_acc=0.8598) to checkpoints/exp43t_e150_s1.pt
epoch  12/150  train_loss=0.6425  val_slot_acc=0.9424  val_loss=0.6338  val_acc=0.8812  lr=9.96e-04  (25.8s)
  -> saved new best checkpoint (val_acc=0.8812) to checkpoints/exp43t_e150_s1.pt
epoch  13/150  train_loss=0.5933  val_slot_acc=0.9411  val_loss=0.6177  val_acc=0.8833  lr=9.94e-04  (26.1s)
  -> saved new best checkpoint (val_acc=0.8833) to checkpoints/exp43t_e150_s1.pt
epoch  14/150  train_loss=0.5502  val_slot_acc=0.9536  val_loss=0.5863  val_acc=0.8895  lr=9.93e-04  (24.1s)
  -> saved new best checkpoint (val_acc=0.8895) to checkpoints/exp43t_e150_s1.pt
epoch  15/150  train_loss=0.5226  val_slot_acc=0.9549  val_loss=0.5723  val_acc=0.8840  lr=9.91e-04  (23.4s)
epoch  16/150  train_loss=0.5046  val_slot_acc=0.9499  val_loss=0.5797  val_acc=0.8916  lr=9.88e-04  (25.7s)
  -> saved new best checkpoint (val_acc=0.8916) to checkpoints/exp43t_e150_s1.pt
epoch  17/150  train_loss=0.4604  val_slot_acc=0.9536  val_loss=0.5540  val_acc=0.8826  lr=9.86e-04  (22.9s)
epoch  18/150  train_loss=0.4330  val_slot_acc=0.9524  val_loss=0.5452  val_acc=0.8798  lr=9.83e-04  (24.7s)
epoch  19/150  train_loss=0.4184  val_slot_acc=0.9612  val_loss=0.5607  val_acc=0.8902  lr=9.80e-04  (23.5s)
epoch  20/150  train_loss=0.3934  val_slot_acc=0.9637  val_loss=0.4661  val_acc=0.9088  lr=9.77e-04  (25.4s)
  -> saved new best checkpoint (val_acc=0.9088) to checkpoints/exp43t_e150_s1.pt
epoch  21/150  train_loss=0.3695  val_slot_acc=0.9586  val_loss=0.5052  val_acc=0.8978  lr=9.74e-04  (24.8s)
epoch  22/150  train_loss=0.3613  val_slot_acc=0.9411  val_loss=0.5448  val_acc=0.8826  lr=9.70e-04  (22.9s)
epoch  23/150  train_loss=0.3588  val_slot_acc=0.9524  val_loss=0.4999  val_acc=0.8964  lr=9.66e-04  (23.7s)
epoch  24/150  train_loss=0.3348  val_slot_acc=0.9536  val_loss=0.4640  val_acc=0.8971  lr=9.62e-04  (23.9s)
epoch  25/150  train_loss=0.3231  val_slot_acc=0.9561  val_loss=0.4667  val_acc=0.9095  lr=9.58e-04  (23.7s)
  -> saved new best checkpoint (val_acc=0.9095) to checkpoints/exp43t_e150_s1.pt
epoch  26/150  train_loss=0.3006  val_slot_acc=0.9612  val_loss=0.4964  val_acc=0.8985  lr=9.54e-04  (23.9s)
epoch  27/150  train_loss=0.3044  val_slot_acc=0.9674  val_loss=0.4532  val_acc=0.9144  lr=9.49e-04  (23.5s)
  -> saved new best checkpoint (val_acc=0.9144) to checkpoints/exp43t_e150_s1.pt
epoch  28/150  train_loss=0.2820  val_slot_acc=0.9574  val_loss=0.4853  val_acc=0.8985  lr=9.44e-04  (24.4s)
epoch  29/150  train_loss=0.2775  val_slot_acc=0.9536  val_loss=0.4567  val_acc=0.9095  lr=9.39e-04  (23.1s)
epoch  30/150  train_loss=0.2731  val_slot_acc=0.9624  val_loss=0.4750  val_acc=0.9081  lr=9.34e-04  (20.7s)
epoch  31/150  train_loss=0.2509  val_slot_acc=0.9699  val_loss=0.4826  val_acc=0.9040  lr=9.28e-04  (20.6s)
epoch  32/150  train_loss=0.2504  val_slot_acc=0.9674  val_loss=0.4532  val_acc=0.9068  lr=9.23e-04  (18.8s)
epoch  33/150  train_loss=0.2425  val_slot_acc=0.9624  val_loss=0.4545  val_acc=0.8999  lr=9.17e-04  (18.2s)
epoch  34/150  train_loss=0.2380  val_slot_acc=0.9749  val_loss=0.4277  val_acc=0.9123  lr=9.11e-04  (19.4s)
epoch  35/150  train_loss=0.2295  val_slot_acc=0.9599  val_loss=0.4424  val_acc=0.9068  lr=9.05e-04  (20.7s)
epoch  36/150  train_loss=0.2255  val_slot_acc=0.9637  val_loss=0.4384  val_acc=0.9213  lr=8.98e-04  (20.6s)
  -> saved new best checkpoint (val_acc=0.9213) to checkpoints/exp43t_e150_s1.pt
epoch  37/150  train_loss=0.2219  val_slot_acc=0.9799  val_loss=0.4163  val_acc=0.9185  lr=8.91e-04  (18.4s)
epoch  38/150  train_loss=0.1959  val_slot_acc=0.9699  val_loss=0.4255  val_acc=0.9185  lr=8.85e-04  (20.8s)
epoch  39/150  train_loss=0.2033  val_slot_acc=0.9699  val_loss=0.4054  val_acc=0.9220  lr=8.78e-04  (18.6s)
  -> saved new best checkpoint (val_acc=0.9220) to checkpoints/exp43t_e150_s1.pt
epoch  40/150  train_loss=0.1940  val_slot_acc=0.9637  val_loss=0.4232  val_acc=0.9144  lr=8.70e-04  (17.4s)
epoch  41/150  train_loss=0.1861  val_slot_acc=0.9724  val_loss=0.4435  val_acc=0.9109  lr=8.63e-04  (21.2s)
epoch  42/150  train_loss=0.1801  val_slot_acc=0.9749  val_loss=0.4323  val_acc=0.9178  lr=8.55e-04  (18.8s)
epoch  43/150  train_loss=0.1751  val_slot_acc=0.9812  val_loss=0.4491  val_acc=0.9040  lr=8.48e-04  (19.7s)
epoch  44/150  train_loss=0.1773  val_slot_acc=0.9749  val_loss=0.4023  val_acc=0.9199  lr=8.40e-04  (21.5s)
epoch  45/150  train_loss=0.1680  val_slot_acc=0.9699  val_loss=0.3842  val_acc=0.9240  lr=8.32e-04  (21.1s)
  -> saved new best checkpoint (val_acc=0.9240) to checkpoints/exp43t_e150_s1.pt
epoch  46/150  train_loss=0.1679  val_slot_acc=0.9749  val_loss=0.3769  val_acc=0.9268  lr=8.24e-04  (20.2s)
  -> saved new best checkpoint (val_acc=0.9268) to checkpoints/exp43t_e150_s1.pt
epoch  47/150  train_loss=0.1599  val_slot_acc=0.9687  val_loss=0.4044  val_acc=0.9227  lr=8.15e-04  (21.1s)
epoch  48/150  train_loss=0.1679  val_slot_acc=0.9699  val_loss=0.3892  val_acc=0.9144  lr=8.07e-04  (20.3s)
epoch  49/150  train_loss=0.1501  val_slot_acc=0.9774  val_loss=0.4119  val_acc=0.9247  lr=7.98e-04  (20.8s)
epoch  50/150  train_loss=0.1601  val_slot_acc=0.9699  val_loss=0.4255  val_acc=0.9185  lr=7.89e-04  (20.5s)
epoch  51/150  train_loss=0.1509  val_slot_acc=0.9674  val_loss=0.3995  val_acc=0.9206  lr=7.81e-04  (21.6s)
epoch  52/150  train_loss=0.1501  val_slot_acc=0.9624  val_loss=0.4280  val_acc=0.9102  lr=7.72e-04  (22.2s)
epoch  53/150  train_loss=0.1443  val_slot_acc=0.9737  val_loss=0.4183  val_acc=0.9102  lr=7.62e-04  (20.3s)
epoch  54/150  train_loss=0.1393  val_slot_acc=0.9712  val_loss=0.4123  val_acc=0.9316  lr=7.53e-04  (21.1s)
  -> saved new best checkpoint (val_acc=0.9316) to checkpoints/exp43t_e150_s1.pt
epoch  55/150  train_loss=0.1517  val_slot_acc=0.9799  val_loss=0.4253  val_acc=0.9233  lr=7.44e-04  (21.2s)
epoch  56/150  train_loss=0.1381  val_slot_acc=0.9712  val_loss=0.4302  val_acc=0.9171  lr=7.34e-04  (21.0s)
epoch  57/150  train_loss=0.1290  val_slot_acc=0.9749  val_loss=0.3853  val_acc=0.9296  lr=7.25e-04  (20.1s)
epoch  58/150  train_loss=0.1195  val_slot_acc=0.9699  val_loss=0.4245  val_acc=0.9220  lr=7.15e-04  (20.8s)
epoch  59/150  train_loss=0.1229  val_slot_acc=0.9662  val_loss=0.3796  val_acc=0.9323  lr=7.05e-04  (21.9s)
  -> saved new best checkpoint (val_acc=0.9323) to checkpoints/exp43t_e150_s1.pt
epoch  60/150  train_loss=0.1204  val_slot_acc=0.9599  val_loss=0.4186  val_acc=0.9213  lr=6.95e-04  (20.4s)
epoch  61/150  train_loss=0.1206  val_slot_acc=0.9712  val_loss=0.4105  val_acc=0.9185  lr=6.85e-04  (20.1s)
epoch  62/150  train_loss=0.1046  val_slot_acc=0.9737  val_loss=0.4160  val_acc=0.9157  lr=6.75e-04  (20.6s)
epoch  63/150  train_loss=0.1128  val_slot_acc=0.9687  val_loss=0.4263  val_acc=0.9247  lr=6.65e-04  (21.4s)
epoch  64/150  train_loss=0.1156  val_slot_acc=0.9737  val_loss=0.4227  val_acc=0.9220  lr=6.55e-04  (18.6s)
epoch  65/150  train_loss=0.1103  val_slot_acc=0.9749  val_loss=0.4180  val_acc=0.9144  lr=6.44e-04  (19.7s)
epoch  66/150  train_loss=0.1079  val_slot_acc=0.9699  val_loss=0.4085  val_acc=0.9220  lr=6.34e-04  (20.4s)
epoch  67/150  train_loss=0.1038  val_slot_acc=0.9724  val_loss=0.4004  val_acc=0.9268  lr=6.23e-04  (19.5s)
epoch  68/150  train_loss=0.1072  val_slot_acc=0.9674  val_loss=0.4227  val_acc=0.9254  lr=6.13e-04  (18.3s)
epoch  69/150  train_loss=0.1039  val_slot_acc=0.9637  val_loss=0.3858  val_acc=0.9233  lr=6.02e-04  (20.4s)
epoch  70/150  train_loss=0.0986  val_slot_acc=0.9774  val_loss=0.3868  val_acc=0.9247  lr=5.92e-04  (20.0s)
epoch  71/150  train_loss=0.1015  val_slot_acc=0.9737  val_loss=0.3892  val_acc=0.9261  lr=5.81e-04  (19.6s)
epoch  72/150  train_loss=0.0965  val_slot_acc=0.9712  val_loss=0.3889  val_acc=0.9213  lr=5.70e-04  (21.6s)
epoch  73/150  train_loss=0.0959  val_slot_acc=0.9774  val_loss=0.4001  val_acc=0.9178  lr=5.59e-04  (20.4s)
epoch  74/150  train_loss=0.0888  val_slot_acc=0.9699  val_loss=0.4093  val_acc=0.9261  lr=5.49e-04  (19.8s)
epoch  75/150  train_loss=0.0920  val_slot_acc=0.9724  val_loss=0.4349  val_acc=0.9206  lr=5.38e-04  (19.1s)
epoch  76/150  train_loss=0.0764  val_slot_acc=0.9674  val_loss=0.4168  val_acc=0.9151  lr=5.27e-04  (21.7s)
epoch  77/150  train_loss=0.0825  val_slot_acc=0.9762  val_loss=0.4142  val_acc=0.9282  lr=5.16e-04  (22.5s)
epoch  78/150  train_loss=0.0771  val_slot_acc=0.9662  val_loss=0.4163  val_acc=0.9240  lr=5.05e-04  (21.4s)
epoch  79/150  train_loss=0.0749  val_slot_acc=0.9699  val_loss=0.4288  val_acc=0.9213  lr=4.95e-04  (20.7s)
epoch  80/150  train_loss=0.0784  val_slot_acc=0.9837  val_loss=0.4217  val_acc=0.9206  lr=4.84e-04  (19.4s)
epoch  81/150  train_loss=0.0809  val_slot_acc=0.9724  val_loss=0.4353  val_acc=0.9178  lr=4.73e-04  (21.0s)
epoch  82/150  train_loss=0.0921  val_slot_acc=0.9724  val_loss=0.4024  val_acc=0.9247  lr=4.62e-04  (17.4s)
epoch  83/150  train_loss=0.0803  val_slot_acc=0.9762  val_loss=0.4121  val_acc=0.9227  lr=4.51e-04  (14.1s)
epoch  84/150  train_loss=0.0810  val_slot_acc=0.9774  val_loss=0.4238  val_acc=0.9192  lr=4.41e-04  (14.4s)
epoch  85/150  train_loss=0.0781  val_slot_acc=0.9724  val_loss=0.4101  val_acc=0.9282  lr=4.30e-04  (16.3s)
epoch  86/150  train_loss=0.0697  val_slot_acc=0.9774  val_loss=0.4223  val_acc=0.9254  lr=4.19e-04  (15.3s)
epoch  87/150  train_loss=0.0706  val_slot_acc=0.9825  val_loss=0.4384  val_acc=0.9275  lr=4.08e-04  (14.0s)
epoch  88/150  train_loss=0.0728  val_slot_acc=0.9774  val_loss=0.4182  val_acc=0.9268  lr=3.98e-04  (14.4s)
epoch  89/150  train_loss=0.0706  val_slot_acc=0.9787  val_loss=0.4313  val_acc=0.9206  lr=3.87e-04  (14.3s)
epoch  90/150  train_loss=0.0728  val_slot_acc=0.9787  val_loss=0.3986  val_acc=0.9282  lr=3.77e-04  (13.1s)
epoch  91/150  train_loss=0.0713  val_slot_acc=0.9812  val_loss=0.4327  val_acc=0.9282  lr=3.66e-04  (13.4s)
epoch  92/150  train_loss=0.0599  val_slot_acc=0.9737  val_loss=0.4474  val_acc=0.9185  lr=3.56e-04  (15.3s)
epoch  93/150  train_loss=0.0715  val_slot_acc=0.9674  val_loss=0.4194  val_acc=0.9247  lr=3.45e-04  (13.4s)
epoch  94/150  train_loss=0.0662  val_slot_acc=0.9737  val_loss=0.4484  val_acc=0.9261  lr=3.35e-04  (15.5s)
epoch  95/150  train_loss=0.0575  val_slot_acc=0.9712  val_loss=0.4340  val_acc=0.9185  lr=3.25e-04  (15.4s)
epoch  96/150  train_loss=0.0615  val_slot_acc=0.9749  val_loss=0.4066  val_acc=0.9233  lr=3.15e-04  (14.0s)
epoch  97/150  train_loss=0.0621  val_slot_acc=0.9799  val_loss=0.4082  val_acc=0.9289  lr=3.05e-04  (19.7s)
epoch  98/150  train_loss=0.0510  val_slot_acc=0.9737  val_loss=0.4218  val_acc=0.9337  lr=2.95e-04  (15.8s)
  -> saved new best checkpoint (val_acc=0.9337) to checkpoints/exp43t_e150_s1.pt
epoch  99/150  train_loss=0.0662  val_slot_acc=0.9724  val_loss=0.4214  val_acc=0.9275  lr=2.85e-04  (15.1s)
epoch 100/150  train_loss=0.0601  val_slot_acc=0.9799  val_loss=0.4186  val_acc=0.9289  lr=2.75e-04  (13.7s)
epoch 101/150  train_loss=0.0500  val_slot_acc=0.9737  val_loss=0.4035  val_acc=0.9261  lr=2.66e-04  (14.0s)
epoch 102/150  train_loss=0.0640  val_slot_acc=0.9712  val_loss=0.4100  val_acc=0.9254  lr=2.56e-04  (15.1s)
epoch 103/150  train_loss=0.0628  val_slot_acc=0.9749  val_loss=0.4073  val_acc=0.9282  lr=2.47e-04  (23.6s)
epoch 104/150  train_loss=0.0510  val_slot_acc=0.9687  val_loss=0.4230  val_acc=0.9296  lr=2.38e-04  (16.3s)
epoch 105/150  train_loss=0.0571  val_slot_acc=0.9699  val_loss=0.3938  val_acc=0.9282  lr=2.28e-04  (14.5s)
epoch 106/150  train_loss=0.0613  val_slot_acc=0.9724  val_loss=0.3888  val_acc=0.9289  lr=2.19e-04  (15.2s)
epoch 107/150  train_loss=0.0560  val_slot_acc=0.9774  val_loss=0.4018  val_acc=0.9323  lr=2.11e-04  (15.2s)
epoch 108/150  train_loss=0.0469  val_slot_acc=0.9749  val_loss=0.3951  val_acc=0.9282  lr=2.02e-04  (14.5s)
epoch 109/150  train_loss=0.0581  val_slot_acc=0.9724  val_loss=0.4178  val_acc=0.9289  lr=1.93e-04  (14.6s)
epoch 110/150  train_loss=0.0529  val_slot_acc=0.9737  val_loss=0.4185  val_acc=0.9289  lr=1.85e-04  (13.7s)
epoch 111/150  train_loss=0.0583  val_slot_acc=0.9749  val_loss=0.4092  val_acc=0.9254  lr=1.76e-04  (13.8s)
epoch 112/150  train_loss=0.0513  val_slot_acc=0.9774  val_loss=0.4044  val_acc=0.9296  lr=1.68e-04  (12.6s)
epoch 113/150  train_loss=0.0535  val_slot_acc=0.9762  val_loss=0.3952  val_acc=0.9309  lr=1.60e-04  (12.9s)
epoch 114/150  train_loss=0.0509  val_slot_acc=0.9737  val_loss=0.4009  val_acc=0.9289  lr=1.52e-04  (14.2s)
epoch 115/150  train_loss=0.0556  val_slot_acc=0.9762  val_loss=0.3934  val_acc=0.9309  lr=1.45e-04  (12.4s)
epoch 116/150  train_loss=0.0487  val_slot_acc=0.9749  val_loss=0.4049  val_acc=0.9247  lr=1.37e-04  (13.1s)
epoch 117/150  train_loss=0.0443  val_slot_acc=0.9762  val_loss=0.4036  val_acc=0.9296  lr=1.30e-04  (14.2s)
epoch 118/150  train_loss=0.0450  val_slot_acc=0.9712  val_loss=0.3985  val_acc=0.9289  lr=1.22e-04  (14.2s)
epoch 119/150  train_loss=0.0506  val_slot_acc=0.9737  val_loss=0.3996  val_acc=0.9302  lr=1.15e-04  (11.8s)
epoch 120/150  train_loss=0.0487  val_slot_acc=0.9737  val_loss=0.3991  val_acc=0.9296  lr=1.09e-04  (13.6s)
epoch 121/150  train_loss=0.0504  val_slot_acc=0.9762  val_loss=0.4113  val_acc=0.9296  lr=1.02e-04  (12.8s)
epoch 122/150  train_loss=0.0447  val_slot_acc=0.9749  val_loss=0.4074  val_acc=0.9296  lr=9.55e-05  (13.8s)
epoch 123/150  train_loss=0.0453  val_slot_acc=0.9724  val_loss=0.4106  val_acc=0.9282  lr=8.92e-05  (13.1s)
epoch 124/150  train_loss=0.0427  val_slot_acc=0.9724  val_loss=0.4188  val_acc=0.9268  lr=8.31e-05  (12.8s)
epoch 125/150  train_loss=0.0419  val_slot_acc=0.9712  val_loss=0.4085  val_acc=0.9275  lr=7.73e-05  (13.3s)
epoch 126/150  train_loss=0.0457  val_slot_acc=0.9749  val_loss=0.4038  val_acc=0.9289  lr=7.16e-05  (13.8s)
epoch 127/150  train_loss=0.0450  val_slot_acc=0.9737  val_loss=0.4019  val_acc=0.9289  lr=6.61e-05  (12.8s)
epoch 128/150  train_loss=0.0473  val_slot_acc=0.9737  val_loss=0.3956  val_acc=0.9296  lr=6.08e-05  (13.3s)
epoch 129/150  train_loss=0.0474  val_slot_acc=0.9762  val_loss=0.3957  val_acc=0.9296  lr=5.57e-05  (13.0s)
epoch 130/150  train_loss=0.0465  val_slot_acc=0.9724  val_loss=0.3989  val_acc=0.9275  lr=5.09e-05  (13.1s)
epoch 131/150  train_loss=0.0460  val_slot_acc=0.9737  val_loss=0.3980  val_acc=0.9268  lr=4.62e-05  (13.0s)
epoch 132/150  train_loss=0.0378  val_slot_acc=0.9737  val_loss=0.4033  val_acc=0.9289  lr=4.18e-05  (13.4s)
epoch 133/150  train_loss=0.0489  val_slot_acc=0.9712  val_loss=0.4074  val_acc=0.9282  lr=3.75e-05  (12.1s)
epoch 134/150  train_loss=0.0437  val_slot_acc=0.9712  val_loss=0.4042  val_acc=0.9268  lr=3.35e-05  (12.7s)
epoch 135/150  train_loss=0.0409  val_slot_acc=0.9712  val_loss=0.4052  val_acc=0.9261  lr=2.97e-05  (14.5s)
epoch 136/150  train_loss=0.0387  val_slot_acc=0.9724  val_loss=0.4072  val_acc=0.9254  lr=2.62e-05  (12.9s)
epoch 137/150  train_loss=0.0401  val_slot_acc=0.9712  val_loss=0.4014  val_acc=0.9275  lr=2.28e-05  (13.3s)
epoch 138/150  train_loss=0.0381  val_slot_acc=0.9712  val_loss=0.4027  val_acc=0.9302  lr=1.97e-05  (12.5s)
epoch 139/150  train_loss=0.0421  val_slot_acc=0.9724  val_loss=0.4025  val_acc=0.9268  lr=1.68e-05  (12.5s)
epoch 140/150  train_loss=0.0395  val_slot_acc=0.9712  val_loss=0.4040  val_acc=0.9275  lr=1.41e-05  (13.4s)
epoch 141/150  train_loss=0.0436  val_slot_acc=0.9712  val_loss=0.4010  val_acc=0.9282  lr=1.17e-05  (13.6s)
epoch 142/150  train_loss=0.0403  val_slot_acc=0.9712  val_loss=0.4034  val_acc=0.9275  lr=9.48e-06  (11.9s)
epoch 143/150  train_loss=0.0525  val_slot_acc=0.9712  val_loss=0.4024  val_acc=0.9289  lr=7.49e-06  (12.9s)
epoch 144/150  train_loss=0.0427  val_slot_acc=0.9712  val_loss=0.4029  val_acc=0.9275  lr=5.74e-06  (13.1s)
epoch 145/150  train_loss=0.0399  val_slot_acc=0.9724  val_loss=0.4040  val_acc=0.9268  lr=4.22e-06  (12.7s)
epoch 146/150  train_loss=0.0386  val_slot_acc=0.9712  val_loss=0.4040  val_acc=0.9261  lr=2.93e-06  (11.7s)
epoch 147/150  train_loss=0.0418  val_slot_acc=0.9724  val_loss=0.4006  val_acc=0.9282  lr=1.88e-06  (11.3s)
epoch 148/150  train_loss=0.0475  val_slot_acc=0.9724  val_loss=0.4043  val_acc=0.9261  lr=1.06e-06  (11.4s)
epoch 149/150  train_loss=0.0433  val_slot_acc=0.9724  val_loss=0.4032  val_acc=0.9275  lr=4.69e-07  (13.0s)
epoch 150/150  train_loss=0.0417  val_slot_acc=0.9724  val_loss=0.4042  val_acc=0.9254  lr=1.17e-07  (15.9s)

Done. Best val_acc=0.9337, checkpoint at checkpoints/exp43t_e150_s1.pt
