Using device: cuda, model: crnn, augment: False, seed: 2
Feature config: {'window_s': 5.0, 'trim': True}
Waveform augmentation on, noise bank: 11 train-split clips
train: 9285 examples (train_fraction=1.0), val: 1448 examples
Slot heads on: 5196 labeled train clips, weight 0.3
Using ConfusablePairLoss (alpha=2.0, gamma=0.0, label_smoothing=0.0)
Model params: 99,373
epoch   1/150  train_loss=3.3666  val_slot_acc=0.3246  val_loss=3.1389  val_acc=0.0145  lr=1.00e-05  (52.7s)
  -> saved new best checkpoint (val_acc=0.0145) to checkpoints/exp43t_e150_s2.pt
epoch   2/150  train_loss=3.3006  val_slot_acc=0.3622  val_loss=2.9743  val_acc=0.1885  lr=2.08e-04  (24.8s)
  -> saved new best checkpoint (val_acc=0.1885) to checkpoints/exp43t_e150_s2.pt
epoch   3/150  train_loss=2.9730  val_slot_acc=0.4398  val_loss=2.4471  val_acc=0.3066  lr=4.06e-04  (23.1s)
  -> saved new best checkpoint (val_acc=0.3066) to checkpoints/exp43t_e150_s2.pt
epoch   4/150  train_loss=2.4824  val_slot_acc=0.5702  val_loss=1.9772  val_acc=0.4993  lr=6.04e-04  (24.6s)
  -> saved new best checkpoint (val_acc=0.4993) to checkpoints/exp43t_e150_s2.pt
epoch   5/150  train_loss=1.9219  val_slot_acc=0.6892  val_loss=1.5134  val_acc=0.6692  lr=8.02e-04  (25.0s)
  -> saved new best checkpoint (val_acc=0.6692) to checkpoints/exp43t_e150_s2.pt
epoch   6/150  train_loss=1.4524  val_slot_acc=0.7368  val_loss=1.1928  val_acc=0.7535  lr=1.00e-03  (24.6s)
  -> saved new best checkpoint (val_acc=0.7535) to checkpoints/exp43t_e150_s2.pt
epoch   7/150  train_loss=1.1494  val_slot_acc=0.8158  val_loss=0.9716  val_acc=0.8025  lr=1.00e-03  (23.0s)
  -> saved new best checkpoint (val_acc=0.8025) to checkpoints/exp43t_e150_s2.pt
epoch   8/150  train_loss=0.9658  val_slot_acc=0.9211  val_loss=0.8565  val_acc=0.8398  lr=1.00e-03  (23.4s)
  -> saved new best checkpoint (val_acc=0.8398) to checkpoints/exp43t_e150_s2.pt
epoch   9/150  train_loss=0.8452  val_slot_acc=0.9449  val_loss=0.7882  val_acc=0.8543  lr=9.99e-04  (24.6s)
  -> saved new best checkpoint (val_acc=0.8543) to checkpoints/exp43t_e150_s2.pt
epoch  10/150  train_loss=0.7526  val_slot_acc=0.9411  val_loss=0.7341  val_acc=0.8626  lr=9.98e-04  (23.3s)
  -> saved new best checkpoint (val_acc=0.8626) to checkpoints/exp43t_e150_s2.pt
epoch  11/150  train_loss=0.6866  val_slot_acc=0.9449  val_loss=0.7031  val_acc=0.8646  lr=9.97e-04  (26.8s)
  -> saved new best checkpoint (val_acc=0.8646) to checkpoints/exp43t_e150_s2.pt
epoch  12/150  train_loss=0.6227  val_slot_acc=0.9612  val_loss=0.6629  val_acc=0.8702  lr=9.96e-04  (24.2s)
  -> saved new best checkpoint (val_acc=0.8702) to checkpoints/exp43t_e150_s2.pt
epoch  13/150  train_loss=0.5554  val_slot_acc=0.9524  val_loss=0.6022  val_acc=0.8916  lr=9.94e-04  (25.1s)
  -> saved new best checkpoint (val_acc=0.8916) to checkpoints/exp43t_e150_s2.pt
epoch  14/150  train_loss=0.5233  val_slot_acc=0.9599  val_loss=0.5594  val_acc=0.8936  lr=9.93e-04  (23.2s)
  -> saved new best checkpoint (val_acc=0.8936) to checkpoints/exp43t_e150_s2.pt
epoch  15/150  train_loss=0.5111  val_slot_acc=0.9524  val_loss=0.5738  val_acc=0.8854  lr=9.91e-04  (23.5s)
epoch  16/150  train_loss=0.4615  val_slot_acc=0.9612  val_loss=0.5633  val_acc=0.8867  lr=9.88e-04  (25.0s)
epoch  17/150  train_loss=0.4249  val_slot_acc=0.9549  val_loss=0.5158  val_acc=0.8985  lr=9.86e-04  (23.1s)
  -> saved new best checkpoint (val_acc=0.8985) to checkpoints/exp43t_e150_s2.pt
epoch  18/150  train_loss=0.4077  val_slot_acc=0.9511  val_loss=0.5095  val_acc=0.8985  lr=9.83e-04  (24.1s)
epoch  19/150  train_loss=0.3911  val_slot_acc=0.9586  val_loss=0.5040  val_acc=0.9047  lr=9.80e-04  (23.5s)
  -> saved new best checkpoint (val_acc=0.9047) to checkpoints/exp43t_e150_s2.pt
epoch  20/150  train_loss=0.3713  val_slot_acc=0.9649  val_loss=0.4781  val_acc=0.9102  lr=9.77e-04  (25.3s)
  -> saved new best checkpoint (val_acc=0.9102) to checkpoints/exp43t_e150_s2.pt
epoch  21/150  train_loss=0.3704  val_slot_acc=0.9599  val_loss=0.4662  val_acc=0.9109  lr=9.74e-04  (21.6s)
  -> saved new best checkpoint (val_acc=0.9109) to checkpoints/exp43t_e150_s2.pt
epoch  22/150  train_loss=0.3357  val_slot_acc=0.9612  val_loss=0.4716  val_acc=0.9130  lr=9.70e-04  (24.0s)
  -> saved new best checkpoint (val_acc=0.9130) to checkpoints/exp43t_e150_s2.pt
epoch  23/150  train_loss=0.3165  val_slot_acc=0.9687  val_loss=0.4989  val_acc=0.9081  lr=9.66e-04  (24.8s)
epoch  24/150  train_loss=0.3004  val_slot_acc=0.9699  val_loss=0.4906  val_acc=0.9061  lr=9.62e-04  (24.5s)
epoch  25/150  train_loss=0.2946  val_slot_acc=0.9749  val_loss=0.4357  val_acc=0.9199  lr=9.58e-04  (24.8s)
  -> saved new best checkpoint (val_acc=0.9199) to checkpoints/exp43t_e150_s2.pt
epoch  26/150  train_loss=0.2847  val_slot_acc=0.9687  val_loss=0.4885  val_acc=0.8999  lr=9.54e-04  (24.0s)
epoch  27/150  train_loss=0.2700  val_slot_acc=0.9586  val_loss=0.4848  val_acc=0.9102  lr=9.49e-04  (23.6s)
epoch  28/150  train_loss=0.2571  val_slot_acc=0.9687  val_loss=0.4554  val_acc=0.9157  lr=9.44e-04  (23.7s)
epoch  29/150  train_loss=0.2581  val_slot_acc=0.9749  val_loss=0.4073  val_acc=0.9233  lr=9.39e-04  (23.6s)
  -> saved new best checkpoint (val_acc=0.9233) to checkpoints/exp43t_e150_s2.pt
epoch  30/150  train_loss=0.2489  val_slot_acc=0.9687  val_loss=0.4649  val_acc=0.9144  lr=9.34e-04  (20.1s)
epoch  31/150  train_loss=0.2528  val_slot_acc=0.9749  val_loss=0.4657  val_acc=0.9178  lr=9.28e-04  (20.5s)
epoch  32/150  train_loss=0.2317  val_slot_acc=0.9687  val_loss=0.4401  val_acc=0.9123  lr=9.23e-04  (25.4s)
epoch  33/150  train_loss=0.2291  val_slot_acc=0.9774  val_loss=0.4692  val_acc=0.9157  lr=9.17e-04  (19.0s)
epoch  34/150  train_loss=0.2146  val_slot_acc=0.9787  val_loss=0.4354  val_acc=0.9220  lr=9.11e-04  (21.3s)
epoch  35/150  train_loss=0.1973  val_slot_acc=0.9762  val_loss=0.3925  val_acc=0.9289  lr=9.05e-04  (20.4s)
  -> saved new best checkpoint (val_acc=0.9289) to checkpoints/exp43t_e150_s2.pt
epoch  36/150  train_loss=0.2004  val_slot_acc=0.9687  val_loss=0.4254  val_acc=0.9227  lr=8.98e-04  (21.9s)
epoch  37/150  train_loss=0.2017  val_slot_acc=0.9799  val_loss=0.4449  val_acc=0.9199  lr=8.91e-04  (19.7s)
epoch  38/150  train_loss=0.1957  val_slot_acc=0.9787  val_loss=0.4441  val_acc=0.9233  lr=8.85e-04  (19.4s)
epoch  39/150  train_loss=0.1823  val_slot_acc=0.9799  val_loss=0.4326  val_acc=0.9178  lr=8.78e-04  (21.2s)
epoch  40/150  train_loss=0.1793  val_slot_acc=0.9724  val_loss=0.4353  val_acc=0.9157  lr=8.70e-04  (22.8s)
epoch  41/150  train_loss=0.1763  val_slot_acc=0.9762  val_loss=0.4480  val_acc=0.9220  lr=8.63e-04  (20.9s)
epoch  42/150  train_loss=0.1653  val_slot_acc=0.9799  val_loss=0.4737  val_acc=0.9130  lr=8.55e-04  (20.5s)
epoch  43/150  train_loss=0.1683  val_slot_acc=0.9799  val_loss=0.4638  val_acc=0.9178  lr=8.48e-04  (21.8s)
epoch  44/150  train_loss=0.1632  val_slot_acc=0.9749  val_loss=0.4177  val_acc=0.9247  lr=8.40e-04  (20.6s)
epoch  45/150  train_loss=0.1599  val_slot_acc=0.9724  val_loss=0.4250  val_acc=0.9227  lr=8.32e-04  (20.6s)
epoch  46/150  train_loss=0.1487  val_slot_acc=0.9787  val_loss=0.4319  val_acc=0.9268  lr=8.24e-04  (21.1s)
epoch  47/150  train_loss=0.1449  val_slot_acc=0.9850  val_loss=0.4036  val_acc=0.9282  lr=8.15e-04  (23.0s)
epoch  48/150  train_loss=0.1475  val_slot_acc=0.9737  val_loss=0.3997  val_acc=0.9316  lr=8.07e-04  (20.6s)
  -> saved new best checkpoint (val_acc=0.9316) to checkpoints/exp43t_e150_s2.pt
epoch  49/150  train_loss=0.1352  val_slot_acc=0.9737  val_loss=0.4130  val_acc=0.9289  lr=7.98e-04  (19.8s)
epoch  50/150  train_loss=0.1335  val_slot_acc=0.9749  val_loss=0.4323  val_acc=0.9254  lr=7.89e-04  (21.3s)
epoch  51/150  train_loss=0.1354  val_slot_acc=0.9749  val_loss=0.4506  val_acc=0.9178  lr=7.81e-04  (20.7s)
epoch  52/150  train_loss=0.1445  val_slot_acc=0.9749  val_loss=0.4439  val_acc=0.9220  lr=7.72e-04  (20.3s)
epoch  53/150  train_loss=0.1288  val_slot_acc=0.9850  val_loss=0.4187  val_acc=0.9220  lr=7.62e-04  (21.1s)
epoch  54/150  train_loss=0.1223  val_slot_acc=0.9749  val_loss=0.4425  val_acc=0.9137  lr=7.53e-04  (21.2s)
epoch  55/150  train_loss=0.1357  val_slot_acc=0.9787  val_loss=0.4394  val_acc=0.9144  lr=7.44e-04  (21.0s)
epoch  56/150  train_loss=0.1270  val_slot_acc=0.9737  val_loss=0.4905  val_acc=0.9151  lr=7.34e-04  (20.4s)
epoch  57/150  train_loss=0.1084  val_slot_acc=0.9749  val_loss=0.4417  val_acc=0.9268  lr=7.25e-04  (20.8s)
epoch  58/150  train_loss=0.1178  val_slot_acc=0.9825  val_loss=0.4448  val_acc=0.9213  lr=7.15e-04  (21.6s)
epoch  59/150  train_loss=0.1117  val_slot_acc=0.9812  val_loss=0.5019  val_acc=0.9164  lr=7.05e-04  (20.9s)
epoch  60/150  train_loss=0.1051  val_slot_acc=0.9787  val_loss=0.4733  val_acc=0.9102  lr=6.95e-04  (20.5s)
epoch  61/150  train_loss=0.1086  val_slot_acc=0.9850  val_loss=0.4883  val_acc=0.9220  lr=6.85e-04  (25.3s)
epoch  62/150  train_loss=0.1021  val_slot_acc=0.9812  val_loss=0.4236  val_acc=0.9282  lr=6.75e-04  (21.5s)
epoch  63/150  train_loss=0.1053  val_slot_acc=0.9799  val_loss=0.4479  val_acc=0.9227  lr=6.65e-04  (22.5s)
epoch  64/150  train_loss=0.1006  val_slot_acc=0.9837  val_loss=0.4307  val_acc=0.9247  lr=6.55e-04  (19.7s)
epoch  65/150  train_loss=0.1025  val_slot_acc=0.9837  val_loss=0.4225  val_acc=0.9261  lr=6.44e-04  (23.8s)
epoch  66/150  train_loss=0.0961  val_slot_acc=0.9762  val_loss=0.4314  val_acc=0.9227  lr=6.34e-04  (19.7s)
epoch  67/150  train_loss=0.1014  val_slot_acc=0.9749  val_loss=0.3938  val_acc=0.9337  lr=6.23e-04  (19.8s)
  -> saved new best checkpoint (val_acc=0.9337) to checkpoints/exp43t_e150_s2.pt
epoch  68/150  train_loss=0.1027  val_slot_acc=0.9812  val_loss=0.4251  val_acc=0.9227  lr=6.13e-04  (20.9s)
epoch  69/150  train_loss=0.0910  val_slot_acc=0.9774  val_loss=0.4940  val_acc=0.9185  lr=6.02e-04  (21.4s)
epoch  70/150  train_loss=0.0944  val_slot_acc=0.9737  val_loss=0.4837  val_acc=0.9220  lr=5.92e-04  (22.3s)
epoch  71/150  train_loss=0.0799  val_slot_acc=0.9799  val_loss=0.4294  val_acc=0.9282  lr=5.81e-04  (21.9s)
epoch  72/150  train_loss=0.0916  val_slot_acc=0.9787  val_loss=0.4515  val_acc=0.9282  lr=5.70e-04  (20.4s)
epoch  73/150  train_loss=0.0887  val_slot_acc=0.9712  val_loss=0.4406  val_acc=0.9275  lr=5.59e-04  (19.3s)
epoch  74/150  train_loss=0.0866  val_slot_acc=0.9762  val_loss=0.4346  val_acc=0.9261  lr=5.49e-04  (21.6s)
epoch  75/150  train_loss=0.0860  val_slot_acc=0.9799  val_loss=0.4415  val_acc=0.9282  lr=5.38e-04  (23.1s)
epoch  76/150  train_loss=0.0759  val_slot_acc=0.9825  val_loss=0.5055  val_acc=0.9192  lr=5.27e-04  (21.0s)
epoch  77/150  train_loss=0.0870  val_slot_acc=0.9812  val_loss=0.4288  val_acc=0.9213  lr=5.16e-04  (20.1s)
epoch  78/150  train_loss=0.0765  val_slot_acc=0.9825  val_loss=0.4756  val_acc=0.9227  lr=5.05e-04  (19.8s)
epoch  79/150  train_loss=0.0762  val_slot_acc=0.9825  val_loss=0.4745  val_acc=0.9240  lr=4.95e-04  (22.1s)
epoch  80/150  train_loss=0.0755  val_slot_acc=0.9850  val_loss=0.4614  val_acc=0.9254  lr=4.84e-04  (17.0s)
epoch  81/150  train_loss=0.0805  val_slot_acc=0.9837  val_loss=0.4444  val_acc=0.9275  lr=4.73e-04  (15.5s)
epoch  82/150  train_loss=0.0716  val_slot_acc=0.9799  val_loss=0.4494  val_acc=0.9233  lr=4.62e-04  (14.9s)
epoch  83/150  train_loss=0.0696  val_slot_acc=0.9825  val_loss=0.4371  val_acc=0.9268  lr=4.51e-04  (16.0s)
epoch  84/150  train_loss=0.0671  val_slot_acc=0.9799  val_loss=0.4323  val_acc=0.9302  lr=4.41e-04  (15.9s)
epoch  85/150  train_loss=0.0688  val_slot_acc=0.9787  val_loss=0.4896  val_acc=0.9240  lr=4.30e-04  (16.6s)
epoch  86/150  train_loss=0.0620  val_slot_acc=0.9837  val_loss=0.4471  val_acc=0.9261  lr=4.19e-04  (16.2s)
epoch  87/150  train_loss=0.0595  val_slot_acc=0.9887  val_loss=0.4738  val_acc=0.9296  lr=4.08e-04  (16.0s)
epoch  88/150  train_loss=0.0696  val_slot_acc=0.9850  val_loss=0.4278  val_acc=0.9302  lr=3.98e-04  (16.6s)
epoch  89/150  train_loss=0.0647  val_slot_acc=0.9850  val_loss=0.4329  val_acc=0.9309  lr=3.87e-04  (16.6s)
epoch  90/150  train_loss=0.0675  val_slot_acc=0.9862  val_loss=0.4374  val_acc=0.9282  lr=3.77e-04  (14.3s)
epoch  91/150  train_loss=0.0614  val_slot_acc=0.9812  val_loss=0.4379  val_acc=0.9302  lr=3.66e-04  (15.3s)
epoch  92/150  train_loss=0.0593  val_slot_acc=0.9812  val_loss=0.4570  val_acc=0.9289  lr=3.56e-04  (14.8s)
epoch  93/150  train_loss=0.0587  val_slot_acc=0.9837  val_loss=0.4712  val_acc=0.9275  lr=3.45e-04  (15.2s)
epoch  94/150  train_loss=0.0637  val_slot_acc=0.9799  val_loss=0.4414  val_acc=0.9282  lr=3.35e-04  (20.9s)
epoch  95/150  train_loss=0.0605  val_slot_acc=0.9812  val_loss=0.4457  val_acc=0.9268  lr=3.25e-04  (15.8s)
epoch  96/150  train_loss=0.0568  val_slot_acc=0.9850  val_loss=0.4179  val_acc=0.9323  lr=3.15e-04  (15.3s)
epoch  97/150  train_loss=0.0514  val_slot_acc=0.9850  val_loss=0.4497  val_acc=0.9254  lr=3.05e-04  (16.6s)
epoch  98/150  train_loss=0.0512  val_slot_acc=0.9837  val_loss=0.4410  val_acc=0.9268  lr=2.95e-04  (15.0s)
epoch  99/150  train_loss=0.0515  val_slot_acc=0.9812  val_loss=0.4511  val_acc=0.9261  lr=2.85e-04  (23.9s)
epoch 100/150  train_loss=0.0494  val_slot_acc=0.9825  val_loss=0.4474  val_acc=0.9233  lr=2.75e-04  (15.4s)
epoch 101/150  train_loss=0.0517  val_slot_acc=0.9837  val_loss=0.4324  val_acc=0.9275  lr=2.66e-04  (14.3s)
epoch 102/150  train_loss=0.0555  val_slot_acc=0.9812  val_loss=0.4422  val_acc=0.9296  lr=2.56e-04  (16.9s)
epoch 103/150  train_loss=0.0549  val_slot_acc=0.9837  val_loss=0.4366  val_acc=0.9289  lr=2.47e-04  (15.2s)
epoch 104/150  train_loss=0.0585  val_slot_acc=0.9837  val_loss=0.4395  val_acc=0.9247  lr=2.38e-04  (15.0s)
epoch 105/150  train_loss=0.0468  val_slot_acc=0.9812  val_loss=0.4633  val_acc=0.9254  lr=2.28e-04  (17.2s)
epoch 106/150  train_loss=0.0451  val_slot_acc=0.9825  val_loss=0.4466  val_acc=0.9233  lr=2.19e-04  (15.9s)
epoch 107/150  train_loss=0.0449  val_slot_acc=0.9825  val_loss=0.4479  val_acc=0.9296  lr=2.11e-04  (14.4s)
epoch 108/150  train_loss=0.0484  val_slot_acc=0.9812  val_loss=0.4279  val_acc=0.9316  lr=2.02e-04  (12.8s)
epoch 109/150  train_loss=0.0484  val_slot_acc=0.9812  val_loss=0.4317  val_acc=0.9282  lr=1.93e-04  (13.8s)
epoch 110/150  train_loss=0.0458  val_slot_acc=0.9812  val_loss=0.4481  val_acc=0.9247  lr=1.85e-04  (14.4s)
epoch 111/150  train_loss=0.0456  val_slot_acc=0.9862  val_loss=0.4288  val_acc=0.9268  lr=1.76e-04  (13.7s)
epoch 112/150  train_loss=0.0503  val_slot_acc=0.9837  val_loss=0.4407  val_acc=0.9240  lr=1.68e-04  (12.8s)
epoch 113/150  train_loss=0.0409  val_slot_acc=0.9850  val_loss=0.4282  val_acc=0.9296  lr=1.60e-04  (13.3s)
epoch 114/150  train_loss=0.0463  val_slot_acc=0.9862  val_loss=0.4504  val_acc=0.9323  lr=1.52e-04  (13.3s)
epoch 115/150  train_loss=0.0482  val_slot_acc=0.9837  val_loss=0.4441  val_acc=0.9309  lr=1.45e-04  (13.0s)
epoch 116/150  train_loss=0.0496  val_slot_acc=0.9812  val_loss=0.4327  val_acc=0.9296  lr=1.37e-04  (14.3s)
epoch 117/150  train_loss=0.0432  val_slot_acc=0.9812  val_loss=0.4338  val_acc=0.9296  lr=1.30e-04  (13.3s)
epoch 118/150  train_loss=0.0430  val_slot_acc=0.9812  val_loss=0.4458  val_acc=0.9323  lr=1.22e-04  (13.5s)
epoch 119/150  train_loss=0.0428  val_slot_acc=0.9837  val_loss=0.4458  val_acc=0.9309  lr=1.15e-04  (12.8s)
epoch 120/150  train_loss=0.0471  val_slot_acc=0.9850  val_loss=0.4635  val_acc=0.9282  lr=1.09e-04  (12.8s)
epoch 121/150  train_loss=0.0375  val_slot_acc=0.9862  val_loss=0.4382  val_acc=0.9351  lr=1.02e-04  (13.3s)
  -> saved new best checkpoint (val_acc=0.9351) to checkpoints/exp43t_e150_s2.pt
epoch 122/150  train_loss=0.0385  val_slot_acc=0.9850  val_loss=0.4501  val_acc=0.9268  lr=9.55e-05  (13.8s)
epoch 123/150  train_loss=0.0331  val_slot_acc=0.9850  val_loss=0.4553  val_acc=0.9275  lr=8.92e-05  (13.7s)
epoch 124/150  train_loss=0.0484  val_slot_acc=0.9862  val_loss=0.4481  val_acc=0.9296  lr=8.31e-05  (13.6s)
epoch 125/150  train_loss=0.0402  val_slot_acc=0.9862  val_loss=0.4482  val_acc=0.9302  lr=7.73e-05  (12.5s)
epoch 126/150  train_loss=0.0420  val_slot_acc=0.9862  val_loss=0.4508  val_acc=0.9302  lr=7.16e-05  (12.5s)
epoch 127/150  train_loss=0.0437  val_slot_acc=0.9850  val_loss=0.4436  val_acc=0.9330  lr=6.61e-05  (12.6s)
epoch 128/150  train_loss=0.0389  val_slot_acc=0.9850  val_loss=0.4505  val_acc=0.9296  lr=6.08e-05  (13.1s)
epoch 129/150  train_loss=0.0391  val_slot_acc=0.9862  val_loss=0.4540  val_acc=0.9296  lr=5.57e-05  (12.8s)
epoch 130/150  train_loss=0.0370  val_slot_acc=0.9837  val_loss=0.4485  val_acc=0.9316  lr=5.09e-05  (13.4s)
epoch 131/150  train_loss=0.0381  val_slot_acc=0.9850  val_loss=0.4573  val_acc=0.9275  lr=4.62e-05  (13.9s)
epoch 132/150  train_loss=0.0412  val_slot_acc=0.9837  val_loss=0.4497  val_acc=0.9302  lr=4.18e-05  (12.8s)
epoch 133/150  train_loss=0.0399  val_slot_acc=0.9837  val_loss=0.4445  val_acc=0.9344  lr=3.75e-05  (13.3s)
epoch 134/150  train_loss=0.0389  val_slot_acc=0.9837  val_loss=0.4434  val_acc=0.9323  lr=3.35e-05  (13.6s)
epoch 135/150  train_loss=0.0379  val_slot_acc=0.9825  val_loss=0.4537  val_acc=0.9316  lr=2.97e-05  (12.7s)
epoch 136/150  train_loss=0.0429  val_slot_acc=0.9837  val_loss=0.4521  val_acc=0.9296  lr=2.62e-05  (13.6s)
epoch 137/150  train_loss=0.0398  val_slot_acc=0.9825  val_loss=0.4466  val_acc=0.9337  lr=2.28e-05  (12.8s)
epoch 138/150  train_loss=0.0370  val_slot_acc=0.9837  val_loss=0.4484  val_acc=0.9316  lr=1.97e-05  (12.9s)
epoch 139/150  train_loss=0.0354  val_slot_acc=0.9850  val_loss=0.4462  val_acc=0.9330  lr=1.68e-05  (13.6s)
epoch 140/150  train_loss=0.0351  val_slot_acc=0.9850  val_loss=0.4479  val_acc=0.9309  lr=1.41e-05  (14.6s)
epoch 141/150  train_loss=0.0393  val_slot_acc=0.9850  val_loss=0.4481  val_acc=0.9309  lr=1.17e-05  (12.0s)
epoch 142/150  train_loss=0.0383  val_slot_acc=0.9850  val_loss=0.4456  val_acc=0.9309  lr=9.48e-06  (12.6s)
epoch 143/150  train_loss=0.0370  val_slot_acc=0.9837  val_loss=0.4440  val_acc=0.9316  lr=7.49e-06  (13.4s)
epoch 144/150  train_loss=0.0407  val_slot_acc=0.9837  val_loss=0.4439  val_acc=0.9316  lr=5.74e-06  (12.9s)
epoch 145/150  train_loss=0.0395  val_slot_acc=0.9850  val_loss=0.4471  val_acc=0.9323  lr=4.22e-06  (14.6s)
epoch 146/150  train_loss=0.0358  val_slot_acc=0.9850  val_loss=0.4443  val_acc=0.9316  lr=2.93e-06  (14.7s)
epoch 147/150  train_loss=0.0396  val_slot_acc=0.9837  val_loss=0.4455  val_acc=0.9337  lr=1.88e-06  (13.7s)
epoch 148/150  train_loss=0.0399  val_slot_acc=0.9850  val_loss=0.4453  val_acc=0.9330  lr=1.06e-06  (14.6s)
epoch 149/150  train_loss=0.0424  val_slot_acc=0.9850  val_loss=0.4480  val_acc=0.9302  lr=4.69e-07  (13.5s)
epoch 150/150  train_loss=0.0358  val_slot_acc=0.9837  val_loss=0.4486  val_acc=0.9330  lr=1.17e-07  (13.2s)

Done. Best val_acc=0.9351, checkpoint at checkpoints/exp43t_e150_s2.pt
