Using device: cuda, model: crnn, augment: False, seed: 0
Feature config: {'window_s': 5.0, 'trim': True}
Waveform augmentation on, noise bank: 11 train-split clips
train: 9285 examples (train_fraction=1.0), val: 1448 examples
Slot heads on: 5196 labeled train clips, weight 0.3
Using ConfusablePairLoss (alpha=2.0, gamma=0.0, label_smoothing=0.0)
Model params: 99,373
epoch   1/150  train_loss=3.3694  val_slot_acc=0.3383  val_loss=3.1297  val_acc=0.0338  lr=1.00e-05  (52.7s)
  -> saved new best checkpoint (val_acc=0.0338) to checkpoints/exp43t_e150_s0.pt
epoch   2/150  train_loss=3.3057  val_slot_acc=0.3246  val_loss=3.0310  val_acc=0.1215  lr=2.08e-04  (24.6s)
  -> saved new best checkpoint (val_acc=0.1215) to checkpoints/exp43t_e150_s0.pt
epoch   3/150  train_loss=3.0420  val_slot_acc=0.4185  val_loss=2.6008  val_acc=0.2942  lr=4.06e-04  (23.3s)
  -> saved new best checkpoint (val_acc=0.2942) to checkpoints/exp43t_e150_s0.pt
epoch   4/150  train_loss=2.5909  val_slot_acc=0.5263  val_loss=1.9810  val_acc=0.5069  lr=6.04e-04  (24.5s)
  -> saved new best checkpoint (val_acc=0.5069) to checkpoints/exp43t_e150_s0.pt
epoch   5/150  train_loss=1.9926  val_slot_acc=0.6830  val_loss=1.4813  val_acc=0.6858  lr=8.02e-04  (25.0s)
  -> saved new best checkpoint (val_acc=0.6858) to checkpoints/exp43t_e150_s0.pt
epoch   6/150  train_loss=1.4855  val_slot_acc=0.7707  val_loss=1.1172  val_acc=0.7811  lr=1.00e-03  (24.4s)
  -> saved new best checkpoint (val_acc=0.7811) to checkpoints/exp43t_e150_s0.pt
epoch   7/150  train_loss=1.2031  val_slot_acc=0.8596  val_loss=1.0309  val_acc=0.8032  lr=1.00e-03  (22.2s)
  -> saved new best checkpoint (val_acc=0.8032) to checkpoints/exp43t_e150_s0.pt
epoch   8/150  train_loss=0.9901  val_slot_acc=0.8810  val_loss=0.8373  val_acc=0.8370  lr=1.00e-03  (24.1s)
  -> saved new best checkpoint (val_acc=0.8370) to checkpoints/exp43t_e150_s0.pt
epoch   9/150  train_loss=0.8619  val_slot_acc=0.9348  val_loss=0.7669  val_acc=0.8612  lr=9.99e-04  (25.0s)
  -> saved new best checkpoint (val_acc=0.8612) to checkpoints/exp43t_e150_s0.pt
epoch  10/150  train_loss=0.7626  val_slot_acc=0.9373  val_loss=0.6943  val_acc=0.8674  lr=9.98e-04  (23.2s)
  -> saved new best checkpoint (val_acc=0.8674) to checkpoints/exp43t_e150_s0.pt
epoch  11/150  train_loss=0.6682  val_slot_acc=0.9449  val_loss=0.6892  val_acc=0.8640  lr=9.97e-04  (26.9s)
epoch  12/150  train_loss=0.6075  val_slot_acc=0.9511  val_loss=0.6554  val_acc=0.8702  lr=9.96e-04  (24.0s)
  -> saved new best checkpoint (val_acc=0.8702) to checkpoints/exp43t_e150_s0.pt
epoch  13/150  train_loss=0.5729  val_slot_acc=0.9524  val_loss=0.6055  val_acc=0.8778  lr=9.94e-04  (25.3s)
  -> saved new best checkpoint (val_acc=0.8778) to checkpoints/exp43t_e150_s0.pt
epoch  14/150  train_loss=0.5251  val_slot_acc=0.9574  val_loss=0.5744  val_acc=0.8791  lr=9.93e-04  (23.2s)
  -> saved new best checkpoint (val_acc=0.8791) to checkpoints/exp43t_e150_s0.pt
epoch  15/150  train_loss=0.5000  val_slot_acc=0.9486  val_loss=0.5794  val_acc=0.8854  lr=9.91e-04  (22.4s)
  -> saved new best checkpoint (val_acc=0.8854) to checkpoints/exp43t_e150_s0.pt
epoch  16/150  train_loss=0.4663  val_slot_acc=0.9561  val_loss=0.6040  val_acc=0.8902  lr=9.88e-04  (25.6s)
  -> saved new best checkpoint (val_acc=0.8902) to checkpoints/exp43t_e150_s0.pt
epoch  17/150  train_loss=0.4401  val_slot_acc=0.9762  val_loss=0.5380  val_acc=0.8978  lr=9.86e-04  (23.5s)
  -> saved new best checkpoint (val_acc=0.8978) to checkpoints/exp43t_e150_s0.pt
epoch  18/150  train_loss=0.4288  val_slot_acc=0.9599  val_loss=0.5203  val_acc=0.8950  lr=9.83e-04  (24.6s)
epoch  19/150  train_loss=0.3916  val_slot_acc=0.9787  val_loss=0.5069  val_acc=0.8936  lr=9.80e-04  (23.0s)
epoch  20/150  train_loss=0.3825  val_slot_acc=0.9687  val_loss=0.5135  val_acc=0.8992  lr=9.77e-04  (25.5s)
  -> saved new best checkpoint (val_acc=0.8992) to checkpoints/exp43t_e150_s0.pt
epoch  21/150  train_loss=0.3628  val_slot_acc=0.9624  val_loss=0.5059  val_acc=0.8957  lr=9.74e-04  (25.6s)
epoch  22/150  train_loss=0.3379  val_slot_acc=0.9687  val_loss=0.5516  val_acc=0.8943  lr=9.70e-04  (22.0s)
epoch  23/150  train_loss=0.3457  val_slot_acc=0.9637  val_loss=0.5180  val_acc=0.9054  lr=9.66e-04  (23.7s)
  -> saved new best checkpoint (val_acc=0.9054) to checkpoints/exp43t_e150_s0.pt
epoch  24/150  train_loss=0.3087  val_slot_acc=0.9724  val_loss=0.4761  val_acc=0.9054  lr=9.62e-04  (24.2s)
epoch  25/150  train_loss=0.3160  val_slot_acc=0.9687  val_loss=0.5147  val_acc=0.9019  lr=9.58e-04  (24.1s)
epoch  26/150  train_loss=0.3037  val_slot_acc=0.9724  val_loss=0.4780  val_acc=0.9123  lr=9.54e-04  (24.0s)
  -> saved new best checkpoint (val_acc=0.9123) to checkpoints/exp43t_e150_s0.pt
epoch  27/150  train_loss=0.2855  val_slot_acc=0.9724  val_loss=0.4878  val_acc=0.8957  lr=9.49e-04  (23.6s)
epoch  28/150  train_loss=0.2851  val_slot_acc=0.9724  val_loss=0.4619  val_acc=0.9040  lr=9.44e-04  (23.8s)
epoch  29/150  train_loss=0.2651  val_slot_acc=0.9787  val_loss=0.4507  val_acc=0.9068  lr=9.39e-04  (23.6s)
epoch  30/150  train_loss=0.2511  val_slot_acc=0.9699  val_loss=0.4552  val_acc=0.9137  lr=9.34e-04  (20.1s)
  -> saved new best checkpoint (val_acc=0.9137) to checkpoints/exp43t_e150_s0.pt
epoch  31/150  train_loss=0.2481  val_slot_acc=0.9762  val_loss=0.4648  val_acc=0.9075  lr=9.28e-04  (20.5s)
epoch  32/150  train_loss=0.2391  val_slot_acc=0.9787  val_loss=0.5000  val_acc=0.9026  lr=9.23e-04  (26.3s)
epoch  33/150  train_loss=0.2303  val_slot_acc=0.9774  val_loss=0.4384  val_acc=0.9137  lr=9.17e-04  (21.0s)
epoch  34/150  train_loss=0.2091  val_slot_acc=0.9712  val_loss=0.4212  val_acc=0.9240  lr=9.11e-04  (20.2s)
  -> saved new best checkpoint (val_acc=0.9240) to checkpoints/exp43t_e150_s0.pt
epoch  35/150  train_loss=0.2006  val_slot_acc=0.9837  val_loss=0.4698  val_acc=0.9157  lr=9.05e-04  (20.9s)
epoch  36/150  train_loss=0.2186  val_slot_acc=0.9850  val_loss=0.4836  val_acc=0.9157  lr=8.98e-04  (20.5s)
epoch  37/150  train_loss=0.1960  val_slot_acc=0.9737  val_loss=0.4442  val_acc=0.9178  lr=8.91e-04  (21.4s)
epoch  38/150  train_loss=0.1990  val_slot_acc=0.9762  val_loss=0.4767  val_acc=0.9061  lr=8.85e-04  (19.1s)
epoch  39/150  train_loss=0.2082  val_slot_acc=0.9787  val_loss=0.4324  val_acc=0.9116  lr=8.78e-04  (20.0s)
epoch  40/150  train_loss=0.1997  val_slot_acc=0.9724  val_loss=0.4557  val_acc=0.9102  lr=8.70e-04  (21.7s)
epoch  41/150  train_loss=0.1762  val_slot_acc=0.9724  val_loss=0.4359  val_acc=0.9220  lr=8.63e-04  (20.9s)
epoch  42/150  train_loss=0.1758  val_slot_acc=0.9687  val_loss=0.4338  val_acc=0.9220  lr=8.55e-04  (20.5s)
epoch  43/150  train_loss=0.1763  val_slot_acc=0.9850  val_loss=0.4477  val_acc=0.9220  lr=8.48e-04  (24.5s)
epoch  44/150  train_loss=0.1742  val_slot_acc=0.9774  val_loss=0.4327  val_acc=0.9130  lr=8.40e-04  (20.8s)
epoch  45/150  train_loss=0.1640  val_slot_acc=0.9837  val_loss=0.4534  val_acc=0.9130  lr=8.32e-04  (20.6s)
epoch  46/150  train_loss=0.1592  val_slot_acc=0.9825  val_loss=0.4194  val_acc=0.9171  lr=8.24e-04  (19.4s)
epoch  47/150  train_loss=0.1479  val_slot_acc=0.9812  val_loss=0.4636  val_acc=0.9157  lr=8.15e-04  (21.7s)
epoch  48/150  train_loss=0.1553  val_slot_acc=0.9850  val_loss=0.4135  val_acc=0.9289  lr=8.07e-04  (20.4s)
  -> saved new best checkpoint (val_acc=0.9289) to checkpoints/exp43t_e150_s0.pt
epoch  49/150  train_loss=0.1584  val_slot_acc=0.9662  val_loss=0.4728  val_acc=0.9088  lr=7.98e-04  (20.5s)
epoch  50/150  train_loss=0.1460  val_slot_acc=0.9837  val_loss=0.4337  val_acc=0.9206  lr=7.89e-04  (21.0s)
epoch  51/150  train_loss=0.1399  val_slot_acc=0.9825  val_loss=0.4664  val_acc=0.9220  lr=7.81e-04  (20.7s)
epoch  52/150  train_loss=0.1354  val_slot_acc=0.9812  val_loss=0.4753  val_acc=0.9192  lr=7.72e-04  (20.3s)
epoch  53/150  train_loss=0.1449  val_slot_acc=0.9799  val_loss=0.4466  val_acc=0.9178  lr=7.62e-04  (21.2s)
epoch  54/150  train_loss=0.1226  val_slot_acc=0.9812  val_loss=0.4459  val_acc=0.9185  lr=7.53e-04  (21.1s)
epoch  55/150  train_loss=0.1269  val_slot_acc=0.9762  val_loss=0.4505  val_acc=0.9144  lr=7.44e-04  (20.3s)
epoch  56/150  train_loss=0.1393  val_slot_acc=0.9837  val_loss=0.4258  val_acc=0.9220  lr=7.34e-04  (20.6s)
epoch  57/150  train_loss=0.1170  val_slot_acc=0.9850  val_loss=0.4519  val_acc=0.9178  lr=7.25e-04  (20.5s)
epoch  58/150  train_loss=0.1164  val_slot_acc=0.9812  val_loss=0.4685  val_acc=0.9171  lr=7.15e-04  (22.3s)
epoch  59/150  train_loss=0.1213  val_slot_acc=0.9737  val_loss=0.4726  val_acc=0.9137  lr=7.05e-04  (20.0s)
epoch  60/150  train_loss=0.1127  val_slot_acc=0.9850  val_loss=0.4393  val_acc=0.9213  lr=6.95e-04  (20.4s)
epoch  61/150  train_loss=0.1136  val_slot_acc=0.9774  val_loss=0.4813  val_acc=0.9144  lr=6.85e-04  (20.8s)
epoch  62/150  train_loss=0.1105  val_slot_acc=0.9862  val_loss=0.4823  val_acc=0.9192  lr=6.75e-04  (22.7s)
epoch  63/150  train_loss=0.1161  val_slot_acc=0.9825  val_loss=0.4560  val_acc=0.9199  lr=6.65e-04  (17.7s)
epoch  64/150  train_loss=0.1109  val_slot_acc=0.9875  val_loss=0.4557  val_acc=0.9247  lr=6.55e-04  (19.4s)
epoch  65/150  train_loss=0.1024  val_slot_acc=0.9799  val_loss=0.4492  val_acc=0.9247  lr=6.44e-04  (20.4s)
epoch  66/150  train_loss=0.1114  val_slot_acc=0.9875  val_loss=0.4808  val_acc=0.9164  lr=6.34e-04  (19.5s)
epoch  67/150  train_loss=0.0978  val_slot_acc=0.9812  val_loss=0.4258  val_acc=0.9309  lr=6.23e-04  (19.3s)
  -> saved new best checkpoint (val_acc=0.9309) to checkpoints/exp43t_e150_s0.pt
epoch  68/150  train_loss=0.0892  val_slot_acc=0.9825  val_loss=0.4364  val_acc=0.9254  lr=6.13e-04  (22.2s)
epoch  69/150  train_loss=0.0935  val_slot_acc=0.9850  val_loss=0.4164  val_acc=0.9275  lr=6.02e-04  (18.7s)
epoch  70/150  train_loss=0.0931  val_slot_acc=0.9762  val_loss=0.4594  val_acc=0.9213  lr=5.92e-04  (19.0s)
epoch  71/150  train_loss=0.0977  val_slot_acc=0.9850  val_loss=0.4436  val_acc=0.9213  lr=5.81e-04  (21.0s)
epoch  72/150  train_loss=0.0879  val_slot_acc=0.9825  val_loss=0.4623  val_acc=0.9233  lr=5.70e-04  (20.2s)
epoch  73/150  train_loss=0.0991  val_slot_acc=0.9862  val_loss=0.4091  val_acc=0.9351  lr=5.59e-04  (20.3s)
  -> saved new best checkpoint (val_acc=0.9351) to checkpoints/exp43t_e150_s0.pt
epoch  74/150  train_loss=0.1096  val_slot_acc=0.9837  val_loss=0.4560  val_acc=0.9227  lr=5.49e-04  (21.7s)
epoch  75/150  train_loss=0.0835  val_slot_acc=0.9799  val_loss=0.4573  val_acc=0.9192  lr=5.38e-04  (21.2s)
epoch  76/150  train_loss=0.0832  val_slot_acc=0.9875  val_loss=0.4300  val_acc=0.9282  lr=5.27e-04  (20.8s)
epoch  77/150  train_loss=0.0837  val_slot_acc=0.9799  val_loss=0.4258  val_acc=0.9275  lr=5.16e-04  (21.6s)
epoch  78/150  train_loss=0.0877  val_slot_acc=0.9837  val_loss=0.4660  val_acc=0.9206  lr=5.05e-04  (19.8s)
epoch  79/150  train_loss=0.0906  val_slot_acc=0.9812  val_loss=0.4420  val_acc=0.9227  lr=4.95e-04  (20.0s)
epoch  80/150  train_loss=0.0818  val_slot_acc=0.9825  val_loss=0.4698  val_acc=0.9233  lr=4.84e-04  (21.2s)
epoch  81/150  train_loss=0.0803  val_slot_acc=0.9850  val_loss=0.4429  val_acc=0.9282  lr=4.73e-04  (17.0s)
epoch  82/150  train_loss=0.0693  val_slot_acc=0.9825  val_loss=0.4314  val_acc=0.9330  lr=4.62e-04  (15.5s)
epoch  83/150  train_loss=0.0829  val_slot_acc=0.9875  val_loss=0.4268  val_acc=0.9268  lr=4.51e-04  (14.9s)
epoch  84/150  train_loss=0.0823  val_slot_acc=0.9912  val_loss=0.4567  val_acc=0.9213  lr=4.41e-04  (16.0s)
epoch  85/150  train_loss=0.0769  val_slot_acc=0.9812  val_loss=0.4671  val_acc=0.9302  lr=4.30e-04  (15.9s)
epoch  86/150  train_loss=0.0798  val_slot_acc=0.9837  val_loss=0.4584  val_acc=0.9289  lr=4.19e-04  (16.6s)
epoch  87/150  train_loss=0.0714  val_slot_acc=0.9850  val_loss=0.4674  val_acc=0.9254  lr=4.08e-04  (16.2s)
epoch  88/150  train_loss=0.0681  val_slot_acc=0.9887  val_loss=0.4657  val_acc=0.9268  lr=3.98e-04  (16.3s)
epoch  89/150  train_loss=0.0750  val_slot_acc=0.9862  val_loss=0.4704  val_acc=0.9268  lr=3.87e-04  (16.2s)
epoch  90/150  train_loss=0.0706  val_slot_acc=0.9875  val_loss=0.4425  val_acc=0.9275  lr=3.77e-04  (16.6s)
epoch  91/150  train_loss=0.0681  val_slot_acc=0.9850  val_loss=0.4737  val_acc=0.9227  lr=3.66e-04  (14.3s)
epoch  92/150  train_loss=0.0617  val_slot_acc=0.9850  val_loss=0.4585  val_acc=0.9275  lr=3.56e-04  (15.5s)
epoch  93/150  train_loss=0.0631  val_slot_acc=0.9850  val_loss=0.4492  val_acc=0.9282  lr=3.45e-04  (15.7s)
epoch  94/150  train_loss=0.0691  val_slot_acc=0.9799  val_loss=0.4568  val_acc=0.9233  lr=3.35e-04  (15.2s)
epoch  95/150  train_loss=0.0610  val_slot_acc=0.9837  val_loss=0.4658  val_acc=0.9302  lr=3.25e-04  (19.9s)
epoch  96/150  train_loss=0.0614  val_slot_acc=0.9850  val_loss=0.4673  val_acc=0.9199  lr=3.15e-04  (15.8s)
epoch  97/150  train_loss=0.0562  val_slot_acc=0.9825  val_loss=0.4430  val_acc=0.9330  lr=3.05e-04  (15.2s)
epoch  98/150  train_loss=0.0573  val_slot_acc=0.9887  val_loss=0.4524  val_acc=0.9330  lr=2.95e-04  (16.7s)
epoch  99/150  train_loss=0.0551  val_slot_acc=0.9862  val_loss=0.4445  val_acc=0.9282  lr=2.85e-04  (15.0s)
epoch 100/150  train_loss=0.0592  val_slot_acc=0.9900  val_loss=0.4555  val_acc=0.9275  lr=2.75e-04  (23.1s)
epoch 101/150  train_loss=0.0601  val_slot_acc=0.9862  val_loss=0.4147  val_acc=0.9323  lr=2.66e-04  (16.0s)
epoch 102/150  train_loss=0.0552  val_slot_acc=0.9850  val_loss=0.4191  val_acc=0.9323  lr=2.56e-04  (14.5s)
epoch 103/150  train_loss=0.0473  val_slot_acc=0.9850  val_loss=0.4390  val_acc=0.9330  lr=2.47e-04  (17.1s)
epoch 104/150  train_loss=0.0526  val_slot_acc=0.9925  val_loss=0.4543  val_acc=0.9275  lr=2.38e-04  (14.9s)
epoch 105/150  train_loss=0.0515  val_slot_acc=0.9887  val_loss=0.4277  val_acc=0.9316  lr=2.28e-04  (14.8s)
epoch 106/150  train_loss=0.0496  val_slot_acc=0.9900  val_loss=0.4455  val_acc=0.9275  lr=2.19e-04  (16.9s)
epoch 107/150  train_loss=0.0548  val_slot_acc=0.9900  val_loss=0.4359  val_acc=0.9282  lr=2.11e-04  (15.9s)
epoch 108/150  train_loss=0.0545  val_slot_acc=0.9862  val_loss=0.4514  val_acc=0.9296  lr=2.02e-04  (14.9s)
epoch 109/150  train_loss=0.0504  val_slot_acc=0.9875  val_loss=0.4468  val_acc=0.9247  lr=1.93e-04  (12.8s)
epoch 110/150  train_loss=0.0530  val_slot_acc=0.9887  val_loss=0.4351  val_acc=0.9282  lr=1.85e-04  (13.8s)
epoch 111/150  train_loss=0.0503  val_slot_acc=0.9875  val_loss=0.4332  val_acc=0.9302  lr=1.76e-04  (14.4s)
epoch 112/150  train_loss=0.0506  val_slot_acc=0.9875  val_loss=0.4423  val_acc=0.9302  lr=1.68e-04  (13.2s)
epoch 113/150  train_loss=0.0459  val_slot_acc=0.9875  val_loss=0.4319  val_acc=0.9365  lr=1.60e-04  (13.4s)
  -> saved new best checkpoint (val_acc=0.9365) to checkpoints/exp43t_e150_s0.pt
epoch 114/150  train_loss=0.0466  val_slot_acc=0.9887  val_loss=0.4389  val_acc=0.9330  lr=1.52e-04  (13.9s)
epoch 115/150  train_loss=0.0489  val_slot_acc=0.9862  val_loss=0.4528  val_acc=0.9309  lr=1.45e-04  (13.3s)
epoch 116/150  train_loss=0.0433  val_slot_acc=0.9875  val_loss=0.4446  val_acc=0.9337  lr=1.37e-04  (12.2s)
epoch 117/150  train_loss=0.0512  val_slot_acc=0.9887  val_loss=0.4513  val_acc=0.9296  lr=1.30e-04  (14.2s)
epoch 118/150  train_loss=0.0564  val_slot_acc=0.9875  val_loss=0.4569  val_acc=0.9275  lr=1.22e-04  (13.3s)
epoch 119/150  train_loss=0.0510  val_slot_acc=0.9887  val_loss=0.4513  val_acc=0.9296  lr=1.15e-04  (13.5s)
epoch 120/150  train_loss=0.0478  val_slot_acc=0.9887  val_loss=0.4530  val_acc=0.9289  lr=1.09e-04  (13.7s)
epoch 121/150  train_loss=0.0462  val_slot_acc=0.9900  val_loss=0.4498  val_acc=0.9309  lr=1.02e-04  (11.9s)
epoch 122/150  train_loss=0.0409  val_slot_acc=0.9887  val_loss=0.4491  val_acc=0.9296  lr=9.55e-05  (13.3s)
epoch 123/150  train_loss=0.0473  val_slot_acc=0.9887  val_loss=0.4434  val_acc=0.9309  lr=8.92e-05  (14.0s)
epoch 124/150  train_loss=0.0437  val_slot_acc=0.9887  val_loss=0.4386  val_acc=0.9309  lr=8.31e-05  (13.4s)
epoch 125/150  train_loss=0.0398  val_slot_acc=0.9875  val_loss=0.4445  val_acc=0.9296  lr=7.73e-05  (13.6s)
epoch 126/150  train_loss=0.0438  val_slot_acc=0.9862  val_loss=0.4383  val_acc=0.9309  lr=7.16e-05  (12.2s)
epoch 127/150  train_loss=0.0414  val_slot_acc=0.9887  val_loss=0.4487  val_acc=0.9296  lr=6.61e-05  (12.8s)
epoch 128/150  train_loss=0.0492  val_slot_acc=0.9875  val_loss=0.4420  val_acc=0.9351  lr=6.08e-05  (13.7s)
epoch 129/150  train_loss=0.0430  val_slot_acc=0.9887  val_loss=0.4404  val_acc=0.9316  lr=5.57e-05  (12.7s)
epoch 130/150  train_loss=0.0464  val_slot_acc=0.9875  val_loss=0.4406  val_acc=0.9351  lr=5.09e-05  (12.0s)
epoch 131/150  train_loss=0.0451  val_slot_acc=0.9875  val_loss=0.4397  val_acc=0.9351  lr=4.62e-05  (13.4s)
epoch 132/150  train_loss=0.0393  val_slot_acc=0.9887  val_loss=0.4419  val_acc=0.9351  lr=4.18e-05  (14.0s)
epoch 133/150  train_loss=0.0388  val_slot_acc=0.9887  val_loss=0.4427  val_acc=0.9330  lr=3.75e-05  (12.8s)
epoch 134/150  train_loss=0.0420  val_slot_acc=0.9875  val_loss=0.4387  val_acc=0.9344  lr=3.35e-05  (13.3s)
epoch 135/150  train_loss=0.0465  val_slot_acc=0.9875  val_loss=0.4412  val_acc=0.9351  lr=2.97e-05  (14.0s)
epoch 136/150  train_loss=0.0421  val_slot_acc=0.9875  val_loss=0.4406  val_acc=0.9365  lr=2.62e-05  (12.4s)
epoch 137/150  train_loss=0.0369  val_slot_acc=0.9887  val_loss=0.4419  val_acc=0.9351  lr=2.28e-05  (13.5s)
epoch 138/150  train_loss=0.0423  val_slot_acc=0.9875  val_loss=0.4415  val_acc=0.9351  lr=1.97e-05  (12.8s)
epoch 139/150  train_loss=0.0364  val_slot_acc=0.9887  val_loss=0.4419  val_acc=0.9358  lr=1.68e-05  (12.9s)
epoch 140/150  train_loss=0.0416  val_slot_acc=0.9887  val_loss=0.4406  val_acc=0.9351  lr=1.41e-05  (13.5s)
epoch 141/150  train_loss=0.0373  val_slot_acc=0.9875  val_loss=0.4409  val_acc=0.9358  lr=1.17e-05  (14.6s)
epoch 142/150  train_loss=0.0376  val_slot_acc=0.9875  val_loss=0.4409  val_acc=0.9358  lr=9.48e-06  (12.1s)
epoch 143/150  train_loss=0.0412  val_slot_acc=0.9887  val_loss=0.4407  val_acc=0.9365  lr=7.49e-06  (12.9s)
epoch 144/150  train_loss=0.0470  val_slot_acc=0.9887  val_loss=0.4396  val_acc=0.9351  lr=5.74e-06  (13.2s)
epoch 145/150  train_loss=0.0418  val_slot_acc=0.9875  val_loss=0.4399  val_acc=0.9358  lr=4.22e-06  (13.1s)
epoch 146/150  train_loss=0.0327  val_slot_acc=0.9887  val_loss=0.4393  val_acc=0.9365  lr=2.93e-06  (14.4s)
epoch 147/150  train_loss=0.0421  val_slot_acc=0.9875  val_loss=0.4408  val_acc=0.9365  lr=1.88e-06  (14.5s)
epoch 148/150  train_loss=0.0408  val_slot_acc=0.9875  val_loss=0.4411  val_acc=0.9365  lr=1.06e-06  (13.8s)
epoch 149/150  train_loss=0.0425  val_slot_acc=0.9887  val_loss=0.4402  val_acc=0.9351  lr=4.69e-07  (14.3s)
epoch 150/150  train_loss=0.0363  val_slot_acc=0.9862  val_loss=0.4392  val_acc=0.9365  lr=1.17e-07  (14.7s)

Done. Best val_acc=0.9365, checkpoint at checkpoints/exp43t_e150_s0.pt
