Using device: cuda, model: crnn, augment: False, seed: 0
Feature config: {'window_s': 5.0, 'trim': True}
Waveform augmentation on, noise bank: 11 train-split clips
--real-oversample 3: 2019 real clips repeated
train: 13323 examples (train_fraction=1.0), val: 1448 examples
Slot heads on: 6426 labeled train clips, weight 0.3
Using ConfusablePairLoss (alpha=2.0, gamma=0.0, label_smoothing=0.0)
Model params: 99,373
epoch   1/80  train_loss=3.3695  val_slot_acc=0.3471  val_loss=3.0482  val_acc=0.0338  lr=1.00e-05  (58.5s)
  -> saved new best checkpoint (val_acc=0.0338) to checkpoints/exp43t_real3_s0.pt
epoch   2/80  train_loss=3.2865  val_slot_acc=0.3596  val_loss=2.8580  val_acc=0.1657  lr=2.08e-04  (33.7s)
  -> saved new best checkpoint (val_acc=0.1657) to checkpoints/exp43t_real3_s0.pt
epoch   3/80  train_loss=2.9489  val_slot_acc=0.4311  val_loss=2.2599  val_acc=0.3412  lr=4.06e-04  (30.6s)
  -> saved new best checkpoint (val_acc=0.3412) to checkpoints/exp43t_real3_s0.pt
epoch   4/80  train_loss=2.3972  val_slot_acc=0.5464  val_loss=1.8726  val_acc=0.4786  lr=6.04e-04  (30.6s)
  -> saved new best checkpoint (val_acc=0.4786) to checkpoints/exp43t_real3_s0.pt
epoch   5/80  train_loss=1.7910  val_slot_acc=0.7318  val_loss=1.0625  val_acc=0.7728  lr=8.02e-04  (35.5s)
  -> saved new best checkpoint (val_acc=0.7728) to checkpoints/exp43t_real3_s0.pt
epoch   6/80  train_loss=1.3552  val_slot_acc=0.8170  val_loss=0.8070  val_acc=0.8349  lr=1.00e-03  (33.7s)
  -> saved new best checkpoint (val_acc=0.8349) to checkpoints/exp43t_real3_s0.pt
epoch   7/80  train_loss=1.0728  val_slot_acc=0.9361  val_loss=0.7076  val_acc=0.8405  lr=1.00e-03  (32.5s)
  -> saved new best checkpoint (val_acc=0.8405) to checkpoints/exp43t_real3_s0.pt
epoch   8/80  train_loss=0.8928  val_slot_acc=0.9348  val_loss=0.6394  val_acc=0.8564  lr=9.98e-04  (32.6s)
  -> saved new best checkpoint (val_acc=0.8564) to checkpoints/exp43t_real3_s0.pt
epoch   9/80  train_loss=0.7382  val_slot_acc=0.9499  val_loss=0.5250  val_acc=0.8812  lr=9.96e-04  (31.9s)
  -> saved new best checkpoint (val_acc=0.8812) to checkpoints/exp43t_real3_s0.pt
epoch  10/80  train_loss=0.6555  val_slot_acc=0.9461  val_loss=0.5651  val_acc=0.8688  lr=9.93e-04  (32.2s)
epoch  11/80  train_loss=0.5921  val_slot_acc=0.9574  val_loss=0.4736  val_acc=0.8923  lr=9.89e-04  (32.7s)
  -> saved new best checkpoint (val_acc=0.8923) to checkpoints/exp43t_real3_s0.pt
epoch  12/80  train_loss=0.5217  val_slot_acc=0.9612  val_loss=0.5092  val_acc=0.8854  lr=9.84e-04  (32.4s)
epoch  13/80  train_loss=0.4778  val_slot_acc=0.9649  val_loss=0.4446  val_acc=0.9026  lr=9.79e-04  (38.2s)
  -> saved new best checkpoint (val_acc=0.9026) to checkpoints/exp43t_real3_s0.pt
epoch  14/80  train_loss=0.4314  val_slot_acc=0.9687  val_loss=0.4049  val_acc=0.9068  lr=9.72e-04  (31.4s)
  -> saved new best checkpoint (val_acc=0.9068) to checkpoints/exp43t_real3_s0.pt
epoch  15/80  train_loss=0.3913  val_slot_acc=0.9712  val_loss=0.4243  val_acc=0.9026  lr=9.65e-04  (31.4s)
epoch  16/80  train_loss=0.3769  val_slot_acc=0.9712  val_loss=0.4231  val_acc=0.9012  lr=9.57e-04  (35.7s)
epoch  17/80  train_loss=0.3472  val_slot_acc=0.9674  val_loss=0.4047  val_acc=0.9061  lr=9.48e-04  (30.0s)
epoch  18/80  train_loss=0.3102  val_slot_acc=0.9762  val_loss=0.4477  val_acc=0.9033  lr=9.38e-04  (30.1s)
epoch  19/80  train_loss=0.2829  val_slot_acc=0.9787  val_loss=0.4320  val_acc=0.9075  lr=9.28e-04  (33.2s)
  -> saved new best checkpoint (val_acc=0.9075) to checkpoints/exp43t_real3_s0.pt
epoch  20/80  train_loss=0.2908  val_slot_acc=0.9674  val_loss=0.4023  val_acc=0.9075  lr=9.16e-04  (32.0s)
epoch  21/80  train_loss=0.2539  val_slot_acc=0.9774  val_loss=0.4197  val_acc=0.9047  lr=9.05e-04  (32.2s)
epoch  22/80  train_loss=0.2425  val_slot_acc=0.9762  val_loss=0.3828  val_acc=0.9116  lr=8.92e-04  (31.8s)
  -> saved new best checkpoint (val_acc=0.9116) to checkpoints/exp43t_real3_s0.pt
epoch  23/80  train_loss=0.2425  val_slot_acc=0.9774  val_loss=0.4282  val_acc=0.9047  lr=8.78e-04  (26.5s)
epoch  24/80  train_loss=0.2165  val_slot_acc=0.9825  val_loss=0.4087  val_acc=0.9095  lr=8.64e-04  (35.3s)
epoch  25/80  train_loss=0.2179  val_slot_acc=0.9825  val_loss=0.3983  val_acc=0.9157  lr=8.50e-04  (25.7s)
  -> saved new best checkpoint (val_acc=0.9157) to checkpoints/exp43t_real3_s0.pt
epoch  26/80  train_loss=0.1981  val_slot_acc=0.9812  val_loss=0.3899  val_acc=0.9178  lr=8.35e-04  (26.4s)
  -> saved new best checkpoint (val_acc=0.9178) to checkpoints/exp43t_real3_s0.pt
epoch  27/80  train_loss=0.1959  val_slot_acc=0.9724  val_loss=0.4122  val_acc=0.9116  lr=8.19e-04  (27.7s)
epoch  28/80  train_loss=0.1743  val_slot_acc=0.9812  val_loss=0.3687  val_acc=0.9220  lr=8.02e-04  (30.4s)
  -> saved new best checkpoint (val_acc=0.9220) to checkpoints/exp43t_real3_s0.pt
epoch  29/80  train_loss=0.1727  val_slot_acc=0.9837  val_loss=0.3653  val_acc=0.9233  lr=7.85e-04  (27.2s)
  -> saved new best checkpoint (val_acc=0.9233) to checkpoints/exp43t_real3_s0.pt
epoch  30/80  train_loss=0.1635  val_slot_acc=0.9837  val_loss=0.4244  val_acc=0.9130  lr=7.68e-04  (28.7s)
epoch  31/80  train_loss=0.1629  val_slot_acc=0.9799  val_loss=0.3893  val_acc=0.9144  lr=7.50e-04  (27.3s)
epoch  32/80  train_loss=0.1539  val_slot_acc=0.9799  val_loss=0.3808  val_acc=0.9240  lr=7.32e-04  (27.0s)
  -> saved new best checkpoint (val_acc=0.9240) to checkpoints/exp43t_real3_s0.pt
epoch  33/80  train_loss=0.1628  val_slot_acc=0.9799  val_loss=0.4146  val_acc=0.9185  lr=7.13e-04  (30.2s)
epoch  34/80  train_loss=0.1394  val_slot_acc=0.9787  val_loss=0.4020  val_acc=0.9164  lr=6.94e-04  (27.7s)
epoch  35/80  train_loss=0.1492  val_slot_acc=0.9825  val_loss=0.3941  val_acc=0.9261  lr=6.74e-04  (31.7s)
  -> saved new best checkpoint (val_acc=0.9261) to checkpoints/exp43t_real3_s0.pt
epoch  36/80  train_loss=0.1399  val_slot_acc=0.9850  val_loss=0.3796  val_acc=0.9206  lr=6.55e-04  (28.6s)
epoch  37/80  train_loss=0.1253  val_slot_acc=0.9812  val_loss=0.3944  val_acc=0.9227  lr=6.34e-04  (27.6s)
epoch  38/80  train_loss=0.1219  val_slot_acc=0.9737  val_loss=0.3778  val_acc=0.9199  lr=6.14e-04  (28.0s)
epoch  39/80  train_loss=0.1259  val_slot_acc=0.9799  val_loss=0.4065  val_acc=0.9206  lr=5.94e-04  (29.1s)
epoch  40/80  train_loss=0.1214  val_slot_acc=0.9799  val_loss=0.3780  val_acc=0.9261  lr=5.73e-04  (26.2s)
epoch  41/80  train_loss=0.1115  val_slot_acc=0.9774  val_loss=0.4051  val_acc=0.9240  lr=5.52e-04  (30.8s)
epoch  42/80  train_loss=0.1076  val_slot_acc=0.9837  val_loss=0.3866  val_acc=0.9171  lr=5.31e-04  (28.2s)
epoch  43/80  train_loss=0.1055  val_slot_acc=0.9812  val_loss=0.4020  val_acc=0.9206  lr=5.10e-04  (28.1s)
epoch  44/80  train_loss=0.0993  val_slot_acc=0.9812  val_loss=0.4125  val_acc=0.9144  lr=4.90e-04  (30.0s)
epoch  45/80  train_loss=0.1049  val_slot_acc=0.9862  val_loss=0.4028  val_acc=0.9261  lr=4.69e-04  (32.6s)
epoch  46/80  train_loss=0.1036  val_slot_acc=0.9837  val_loss=0.3842  val_acc=0.9254  lr=4.48e-04  (28.7s)
epoch  47/80  train_loss=0.0919  val_slot_acc=0.9799  val_loss=0.3756  val_acc=0.9227  lr=4.27e-04  (27.7s)
epoch  48/80  train_loss=0.0897  val_slot_acc=0.9850  val_loss=0.3656  val_acc=0.9268  lr=4.06e-04  (28.3s)
  -> saved new best checkpoint (val_acc=0.9268) to checkpoints/exp43t_real3_s0.pt
epoch  49/80  train_loss=0.0886  val_slot_acc=0.9825  val_loss=0.3782  val_acc=0.9261  lr=3.86e-04  (26.3s)
epoch  50/80  train_loss=0.0867  val_slot_acc=0.9862  val_loss=0.3817  val_acc=0.9296  lr=3.66e-04  (31.0s)
  -> saved new best checkpoint (val_acc=0.9296) to checkpoints/exp43t_real3_s0.pt
epoch  51/80  train_loss=0.0861  val_slot_acc=0.9850  val_loss=0.3842  val_acc=0.9282  lr=3.45e-04  (28.6s)
epoch  52/80  train_loss=0.0753  val_slot_acc=0.9837  val_loss=0.3676  val_acc=0.9323  lr=3.26e-04  (25.6s)
  -> saved new best checkpoint (val_acc=0.9323) to checkpoints/exp43t_real3_s0.pt
epoch  53/80  train_loss=0.0747  val_slot_acc=0.9850  val_loss=0.3805  val_acc=0.9282  lr=3.06e-04  (28.1s)
epoch  54/80  train_loss=0.0769  val_slot_acc=0.9850  val_loss=0.3866  val_acc=0.9282  lr=2.87e-04  (26.6s)
epoch  55/80  train_loss=0.0793  val_slot_acc=0.9862  val_loss=0.3984  val_acc=0.9233  lr=2.68e-04  (26.2s)
epoch  56/80  train_loss=0.0698  val_slot_acc=0.9837  val_loss=0.3682  val_acc=0.9302  lr=2.50e-04  (26.2s)
epoch  57/80  train_loss=0.0713  val_slot_acc=0.9825  val_loss=0.3850  val_acc=0.9296  lr=2.32e-04  (29.0s)
epoch  58/80  train_loss=0.0754  val_slot_acc=0.9825  val_loss=0.3624  val_acc=0.9316  lr=2.15e-04  (25.9s)
epoch  59/80  train_loss=0.0753  val_slot_acc=0.9875  val_loss=0.3806  val_acc=0.9296  lr=1.98e-04  (24.9s)
epoch  60/80  train_loss=0.0638  val_slot_acc=0.9862  val_loss=0.3657  val_acc=0.9289  lr=1.81e-04  (21.5s)
epoch  61/80  train_loss=0.0653  val_slot_acc=0.9837  val_loss=0.3721  val_acc=0.9323  lr=1.65e-04  (20.6s)
epoch  62/80  train_loss=0.0677  val_slot_acc=0.9875  val_loss=0.3863  val_acc=0.9316  lr=1.50e-04  (19.2s)
epoch  63/80  train_loss=0.0634  val_slot_acc=0.9862  val_loss=0.3747  val_acc=0.9344  lr=1.36e-04  (19.7s)
  -> saved new best checkpoint (val_acc=0.9344) to checkpoints/exp43t_real3_s0.pt
epoch  64/80  train_loss=0.0618  val_slot_acc=0.9862  val_loss=0.3701  val_acc=0.9330  lr=1.22e-04  (21.2s)
epoch  65/80  train_loss=0.0593  val_slot_acc=0.9875  val_loss=0.3797  val_acc=0.9302  lr=1.08e-04  (21.3s)
epoch  66/80  train_loss=0.0596  val_slot_acc=0.9862  val_loss=0.3700  val_acc=0.9316  lr=9.55e-05  (20.9s)
epoch  67/80  train_loss=0.0652  val_slot_acc=0.9862  val_loss=0.3730  val_acc=0.9309  lr=8.35e-05  (22.6s)
epoch  68/80  train_loss=0.0557  val_slot_acc=0.9850  val_loss=0.3842  val_acc=0.9268  lr=7.23e-05  (21.2s)
epoch  69/80  train_loss=0.0581  val_slot_acc=0.9850  val_loss=0.3799  val_acc=0.9282  lr=6.18e-05  (21.6s)
epoch  70/80  train_loss=0.0573  val_slot_acc=0.9850  val_loss=0.3702  val_acc=0.9289  lr=5.21e-05  (26.0s)
epoch  71/80  train_loss=0.0572  val_slot_acc=0.9875  val_loss=0.3680  val_acc=0.9296  lr=4.32e-05  (22.1s)
epoch  72/80  train_loss=0.0618  val_slot_acc=0.9850  val_loss=0.3728  val_acc=0.9296  lr=3.51e-05  (20.8s)
epoch  73/80  train_loss=0.0560  val_slot_acc=0.9850  val_loss=0.3694  val_acc=0.9309  lr=2.78e-05  (23.0s)
epoch  74/80  train_loss=0.0549  val_slot_acc=0.9850  val_loss=0.3731  val_acc=0.9302  lr=2.13e-05  (30.6s)
epoch  75/80  train_loss=0.0544  val_slot_acc=0.9850  val_loss=0.3789  val_acc=0.9296  lr=1.57e-05  (21.2s)
epoch  76/80  train_loss=0.0500  val_slot_acc=0.9837  val_loss=0.3664  val_acc=0.9289  lr=1.09e-05  (22.2s)
epoch  77/80  train_loss=0.0562  val_slot_acc=0.9850  val_loss=0.3720  val_acc=0.9302  lr=7.00e-06  (21.8s)
epoch  78/80  train_loss=0.0586  val_slot_acc=0.9850  val_loss=0.3696  val_acc=0.9282  lr=3.94e-06  (21.9s)
epoch  79/80  train_loss=0.0584  val_slot_acc=0.9850  val_loss=0.3713  val_acc=0.9282  lr=1.75e-06  (20.7s)
epoch  80/80  train_loss=0.0526  val_slot_acc=0.9850  val_loss=0.3688  val_acc=0.9275  lr=4.39e-07  (18.7s)

Done. Best val_acc=0.9344, checkpoint at checkpoints/exp43t_real3_s0.pt
