Using device: cuda, model: crnn, augment: True, seed: 0
Feature config: {'window_s': 5.0, 'trim': True}
Waveform augmentation on, noise bank: 11 train-split clips
--extra-oos-clips: 1500 numerals clips added as OUT_OF_SCOPE
train: 10773 examples (train_fraction=1.0), val: 1409 examples
Slot heads on: 5229 labeled train clips, weight 0.3
Using ConfusablePairLoss (alpha=2.0, gamma=0.0, label_smoothing=0.0)
Model params: 181,936
epoch   1/80  train_loss=3.3618  val_slot_acc=0.3203  val_loss=3.5796  val_acc=0.0575  lr=1.00e-05  (24.4s)
  -> saved new best checkpoint (val_acc=0.0575) to checkpoints/exp40a_combo_s0.pt
epoch   2/80  train_loss=3.2855  val_slot_acc=0.3242  val_loss=3.5262  val_acc=0.0497  lr=2.08e-04  (21.8s)
epoch   3/80  train_loss=3.0890  val_slot_acc=0.3961  val_loss=3.2419  val_acc=0.2243  lr=4.06e-04  (22.0s)
  -> saved new best checkpoint (val_acc=0.2243) to checkpoints/exp40a_combo_s0.pt
epoch   4/80  train_loss=2.8255  val_slot_acc=0.4850  val_loss=2.8171  val_acc=0.3605  lr=6.04e-04  (20.6s)
  -> saved new best checkpoint (val_acc=0.3605) to checkpoints/exp40a_combo_s0.pt
epoch   5/80  train_loss=2.4164  val_slot_acc=0.5922  val_loss=2.2190  val_acc=0.6118  lr=8.02e-04  (19.7s)
  -> saved new best checkpoint (val_acc=0.6118) to checkpoints/exp40a_combo_s0.pt
epoch   6/80  train_loss=1.8513  val_slot_acc=0.6837  val_loss=1.6249  val_acc=0.7040  lr=1.00e-03  (19.5s)
  -> saved new best checkpoint (val_acc=0.7040) to checkpoints/exp40a_combo_s0.pt
epoch   7/80  train_loss=1.4623  val_slot_acc=0.8431  val_loss=1.2157  val_acc=0.7878  lr=1.00e-03  (19.1s)
  -> saved new best checkpoint (val_acc=0.7878) to checkpoints/exp40a_combo_s0.pt
epoch   8/80  train_loss=1.2145  val_slot_acc=0.8954  val_loss=1.0907  val_acc=0.8190  lr=9.98e-04  (21.7s)
  -> saved new best checkpoint (val_acc=0.8190) to checkpoints/exp40a_combo_s0.pt
epoch   9/80  train_loss=1.0347  val_slot_acc=0.9085  val_loss=0.9640  val_acc=0.8282  lr=9.96e-04  (20.9s)
  -> saved new best checkpoint (val_acc=0.8282) to checkpoints/exp40a_combo_s0.pt
epoch  10/80  train_loss=0.9108  val_slot_acc=0.9203  val_loss=0.9446  val_acc=0.8346  lr=9.93e-04  (21.8s)
  -> saved new best checkpoint (val_acc=0.8346) to checkpoints/exp40a_combo_s0.pt
epoch  11/80  train_loss=0.8152  val_slot_acc=0.9242  val_loss=0.9975  val_acc=0.8233  lr=9.89e-04  (21.5s)
epoch  12/80  train_loss=0.7484  val_slot_acc=0.9490  val_loss=0.8786  val_acc=0.8524  lr=9.84e-04  (21.2s)
  -> saved new best checkpoint (val_acc=0.8524) to checkpoints/exp40a_combo_s0.pt
epoch  13/80  train_loss=0.6811  val_slot_acc=0.9503  val_loss=0.8259  val_acc=0.8630  lr=9.79e-04  (20.1s)
  -> saved new best checkpoint (val_acc=0.8630) to checkpoints/exp40a_combo_s0.pt
epoch  14/80  train_loss=0.6398  val_slot_acc=0.9529  val_loss=0.7991  val_acc=0.8552  lr=9.72e-04  (18.6s)
epoch  15/80  train_loss=0.6014  val_slot_acc=0.9582  val_loss=0.7256  val_acc=0.8737  lr=9.65e-04  (20.5s)
  -> saved new best checkpoint (val_acc=0.8737) to checkpoints/exp40a_combo_s0.pt
epoch  16/80  train_loss=0.5658  val_slot_acc=0.9516  val_loss=0.7306  val_acc=0.8708  lr=9.57e-04  (19.3s)
epoch  17/80  train_loss=0.5292  val_slot_acc=0.9595  val_loss=0.7473  val_acc=0.8737  lr=9.48e-04  (21.2s)
epoch  18/80  train_loss=0.5259  val_slot_acc=0.9647  val_loss=0.6821  val_acc=0.8808  lr=9.38e-04  (35.9s)
  -> saved new best checkpoint (val_acc=0.8808) to checkpoints/exp40a_combo_s0.pt
epoch  19/80  train_loss=0.4757  val_slot_acc=0.9647  val_loss=0.6368  val_acc=0.8900  lr=9.28e-04  (20.9s)
  -> saved new best checkpoint (val_acc=0.8900) to checkpoints/exp40a_combo_s0.pt
epoch  20/80  train_loss=0.4423  val_slot_acc=0.9608  val_loss=0.6455  val_acc=0.8864  lr=9.16e-04  (22.3s)
epoch  21/80  train_loss=0.4222  val_slot_acc=0.9699  val_loss=0.6755  val_acc=0.8815  lr=9.05e-04  (21.0s)
epoch  22/80  train_loss=0.3986  val_slot_acc=0.9725  val_loss=0.6520  val_acc=0.8886  lr=8.92e-04  (21.4s)
epoch  23/80  train_loss=0.4105  val_slot_acc=0.9569  val_loss=0.7250  val_acc=0.8715  lr=8.78e-04  (20.4s)
epoch  24/80  train_loss=0.3748  val_slot_acc=0.9739  val_loss=0.5931  val_acc=0.8950  lr=8.64e-04  (21.2s)
  -> saved new best checkpoint (val_acc=0.8950) to checkpoints/exp40a_combo_s0.pt
epoch  25/80  train_loss=0.3553  val_slot_acc=0.9699  val_loss=0.6152  val_acc=0.8836  lr=8.50e-04  (22.4s)
epoch  26/80  train_loss=0.3581  val_slot_acc=0.9712  val_loss=0.6133  val_acc=0.8943  lr=8.35e-04  (25.3s)
epoch  27/80  train_loss=0.3122  val_slot_acc=0.9673  val_loss=0.6244  val_acc=0.8872  lr=8.19e-04  (21.7s)
epoch  28/80  train_loss=0.3285  val_slot_acc=0.9660  val_loss=0.6225  val_acc=0.8879  lr=8.02e-04  (21.3s)
epoch  29/80  train_loss=0.3093  val_slot_acc=0.9712  val_loss=0.5810  val_acc=0.8978  lr=7.85e-04  (21.2s)
  -> saved new best checkpoint (val_acc=0.8978) to checkpoints/exp40a_combo_s0.pt
epoch  30/80  train_loss=0.2967  val_slot_acc=0.9765  val_loss=0.5910  val_acc=0.8921  lr=7.68e-04  (20.5s)
epoch  31/80  train_loss=0.3011  val_slot_acc=0.9725  val_loss=0.5667  val_acc=0.8950  lr=7.50e-04  (21.3s)
epoch  32/80  train_loss=0.2802  val_slot_acc=0.9817  val_loss=0.5803  val_acc=0.8893  lr=7.32e-04  (22.5s)
epoch  33/80  train_loss=0.2953  val_slot_acc=0.9791  val_loss=0.6221  val_acc=0.8957  lr=7.13e-04  (24.2s)
epoch  34/80  train_loss=0.2608  val_slot_acc=0.9739  val_loss=0.6242  val_acc=0.8907  lr=6.94e-04  (20.6s)
epoch  35/80  train_loss=0.2617  val_slot_acc=0.9765  val_loss=0.6216  val_acc=0.8971  lr=6.74e-04  (21.4s)
epoch  36/80  train_loss=0.2414  val_slot_acc=0.9791  val_loss=0.6268  val_acc=0.8950  lr=6.55e-04  (20.7s)
epoch  37/80  train_loss=0.2410  val_slot_acc=0.9765  val_loss=0.6131  val_acc=0.8907  lr=6.34e-04  (21.3s)
epoch  38/80  train_loss=0.2338  val_slot_acc=0.9778  val_loss=0.5559  val_acc=0.8999  lr=6.14e-04  (20.6s)
  -> saved new best checkpoint (val_acc=0.8999) to checkpoints/exp40a_combo_s0.pt
epoch  39/80  train_loss=0.2393  val_slot_acc=0.9752  val_loss=0.5902  val_acc=0.8950  lr=5.94e-04  (21.5s)
epoch  40/80  train_loss=0.2273  val_slot_acc=0.9778  val_loss=0.5864  val_acc=0.8992  lr=5.73e-04  (21.4s)
epoch  41/80  train_loss=0.2170  val_slot_acc=0.9791  val_loss=0.5748  val_acc=0.8999  lr=5.52e-04  (22.4s)
epoch  42/80  train_loss=0.2147  val_slot_acc=0.9660  val_loss=0.5680  val_acc=0.8971  lr=5.31e-04  (22.4s)
epoch  43/80  train_loss=0.2114  val_slot_acc=0.9830  val_loss=0.5884  val_acc=0.8964  lr=5.10e-04  (21.4s)
epoch  44/80  train_loss=0.2007  val_slot_acc=0.9804  val_loss=0.6338  val_acc=0.8985  lr=4.90e-04  (21.7s)
epoch  45/80  train_loss=0.1990  val_slot_acc=0.9778  val_loss=0.6300  val_acc=0.8978  lr=4.69e-04  (40.4s)
epoch  46/80  train_loss=0.1915  val_slot_acc=0.9843  val_loss=0.6124  val_acc=0.8957  lr=4.48e-04  (22.6s)
epoch  47/80  train_loss=0.1921  val_slot_acc=0.9830  val_loss=0.6149  val_acc=0.8992  lr=4.27e-04  (22.0s)
epoch  48/80  train_loss=0.1759  val_slot_acc=0.9843  val_loss=0.5821  val_acc=0.9028  lr=4.06e-04  (20.7s)
  -> saved new best checkpoint (val_acc=0.9028) to checkpoints/exp40a_combo_s0.pt
epoch  49/80  train_loss=0.1780  val_slot_acc=0.9856  val_loss=0.5934  val_acc=0.9035  lr=3.86e-04  (21.4s)
  -> saved new best checkpoint (val_acc=0.9035) to checkpoints/exp40a_combo_s0.pt
epoch  50/80  train_loss=0.1658  val_slot_acc=0.9830  val_loss=0.5957  val_acc=0.8985  lr=3.66e-04  (20.7s)
epoch  51/80  train_loss=0.1763  val_slot_acc=0.9830  val_loss=0.5769  val_acc=0.9013  lr=3.45e-04  (22.3s)
epoch  52/80  train_loss=0.1840  val_slot_acc=0.9882  val_loss=0.5672  val_acc=0.9013  lr=3.26e-04  (21.7s)
epoch  53/80  train_loss=0.1651  val_slot_acc=0.9895  val_loss=0.5779  val_acc=0.9070  lr=3.06e-04  (22.8s)
  -> saved new best checkpoint (val_acc=0.9070) to checkpoints/exp40a_combo_s0.pt
epoch  54/80  train_loss=0.1630  val_slot_acc=0.9843  val_loss=0.5621  val_acc=0.9077  lr=2.87e-04  (20.8s)
  -> saved new best checkpoint (val_acc=0.9077) to checkpoints/exp40a_combo_s0.pt
epoch  55/80  train_loss=0.1481  val_slot_acc=0.9830  val_loss=0.5955  val_acc=0.9063  lr=2.68e-04  (21.4s)
epoch  56/80  train_loss=0.1604  val_slot_acc=0.9830  val_loss=0.5546  val_acc=0.9063  lr=2.50e-04  (19.4s)
epoch  57/80  train_loss=0.1526  val_slot_acc=0.9869  val_loss=0.5855  val_acc=0.9063  lr=2.32e-04  (22.7s)
epoch  58/80  train_loss=0.1555  val_slot_acc=0.9869  val_loss=0.5585  val_acc=0.9092  lr=2.15e-04  (21.6s)
  -> saved new best checkpoint (val_acc=0.9092) to checkpoints/exp40a_combo_s0.pt
epoch  59/80  train_loss=0.1494  val_slot_acc=0.9856  val_loss=0.5669  val_acc=0.9077  lr=1.98e-04  (22.2s)
epoch  60/80  train_loss=0.1437  val_slot_acc=0.9869  val_loss=0.5682  val_acc=0.9063  lr=1.81e-04  (21.3s)
epoch  61/80  train_loss=0.1478  val_slot_acc=0.9817  val_loss=0.5695  val_acc=0.9077  lr=1.65e-04  (21.3s)
epoch  62/80  train_loss=0.1378  val_slot_acc=0.9830  val_loss=0.5783  val_acc=0.9049  lr=1.50e-04  (21.6s)
epoch  63/80  train_loss=0.1421  val_slot_acc=0.9817  val_loss=0.5654  val_acc=0.9056  lr=1.36e-04  (20.8s)
epoch  64/80  train_loss=0.1367  val_slot_acc=0.9804  val_loss=0.5497  val_acc=0.9070  lr=1.22e-04  (22.7s)
epoch  65/80  train_loss=0.1372  val_slot_acc=0.9778  val_loss=0.5779  val_acc=0.9021  lr=1.08e-04  (21.0s)
epoch  66/80  train_loss=0.1246  val_slot_acc=0.9830  val_loss=0.5723  val_acc=0.9056  lr=9.55e-05  (21.3s)
epoch  67/80  train_loss=0.1385  val_slot_acc=0.9869  val_loss=0.5588  val_acc=0.9099  lr=8.35e-05  (20.6s)
  -> saved new best checkpoint (val_acc=0.9099) to checkpoints/exp40a_combo_s0.pt
epoch  68/80  train_loss=0.1289  val_slot_acc=0.9869  val_loss=0.5604  val_acc=0.9099  lr=7.23e-05  (22.0s)
epoch  69/80  train_loss=0.1391  val_slot_acc=0.9804  val_loss=0.5608  val_acc=0.9092  lr=6.18e-05  (19.5s)
epoch  70/80  train_loss=0.1410  val_slot_acc=0.9830  val_loss=0.5627  val_acc=0.9084  lr=5.21e-05  (20.4s)
epoch  71/80  train_loss=0.1321  val_slot_acc=0.9856  val_loss=0.5625  val_acc=0.9077  lr=4.32e-05  (20.7s)
epoch  72/80  train_loss=0.1177  val_slot_acc=0.9843  val_loss=0.5588  val_acc=0.9092  lr=3.51e-05  (19.1s)
epoch  73/80  train_loss=0.1211  val_slot_acc=0.9843  val_loss=0.5541  val_acc=0.9127  lr=2.78e-05  (21.0s)
  -> saved new best checkpoint (val_acc=0.9127) to checkpoints/exp40a_combo_s0.pt
epoch  74/80  train_loss=0.1248  val_slot_acc=0.9843  val_loss=0.5616  val_acc=0.9092  lr=2.13e-05  (20.1s)
epoch  75/80  train_loss=0.1298  val_slot_acc=0.9869  val_loss=0.5555  val_acc=0.9077  lr=1.57e-05  (20.7s)
epoch  76/80  train_loss=0.1277  val_slot_acc=0.9830  val_loss=0.5625  val_acc=0.9077  lr=1.09e-05  (20.3s)
epoch  77/80  train_loss=0.1238  val_slot_acc=0.9843  val_loss=0.5639  val_acc=0.9077  lr=7.00e-06  (19.2s)
epoch  78/80  train_loss=0.1231  val_slot_acc=0.9843  val_loss=0.5597  val_acc=0.9077  lr=3.94e-06  (20.8s)
epoch  79/80  train_loss=0.1178  val_slot_acc=0.9856  val_loss=0.5591  val_acc=0.9077  lr=1.75e-06  (20.3s)
epoch  80/80  train_loss=0.1282  val_slot_acc=0.9856  val_loss=0.5604  val_acc=0.9084  lr=4.39e-07  (20.1s)

Done. Best val_acc=0.9127, checkpoint at checkpoints/exp40a_combo_s0.pt
