Using device: cuda, model: crnn, augment: True, seed: 1
Feature config: {'window_s': 5.0, 'trim': True}
Waveform augmentation on, noise bank: 11 train-split clips
--extra-oos-clips: 1500 numerals clips added as OUT_OF_SCOPE
train: 10773 examples (train_fraction=1.0), val: 1409 examples
Slot heads on: 5229 labeled train clips, weight 0.3
Using ConfusablePairLoss (alpha=2.0, gamma=0.0, label_smoothing=0.0)
Model params: 181,936
epoch   1/80  train_loss=3.3688  val_slot_acc=0.3346  val_loss=3.5902  val_acc=0.0277  lr=1.00e-05  (23.0s)
  -> saved new best checkpoint (val_acc=0.0277) to checkpoints/exp40a_combo_s1.pt
epoch   2/80  train_loss=3.3058  val_slot_acc=0.3582  val_loss=3.5374  val_acc=0.0518  lr=2.08e-04  (21.2s)
  -> saved new best checkpoint (val_acc=0.0518) to checkpoints/exp40a_combo_s1.pt
epoch   3/80  train_loss=3.0973  val_slot_acc=0.3856  val_loss=3.2358  val_acc=0.1767  lr=4.06e-04  (21.2s)
  -> saved new best checkpoint (val_acc=0.1767) to checkpoints/exp40a_combo_s1.pt
epoch   4/80  train_loss=2.9089  val_slot_acc=0.4889  val_loss=2.8102  val_acc=0.3549  lr=6.04e-04  (20.5s)
  -> saved new best checkpoint (val_acc=0.3549) to checkpoints/exp40a_combo_s1.pt
epoch   5/80  train_loss=2.4393  val_slot_acc=0.6196  val_loss=2.1376  val_acc=0.6033  lr=8.02e-04  (20.3s)
  -> saved new best checkpoint (val_acc=0.6033) to checkpoints/exp40a_combo_s1.pt
epoch   6/80  train_loss=1.8732  val_slot_acc=0.7438  val_loss=1.6493  val_acc=0.7147  lr=1.00e-03  (19.6s)
  -> saved new best checkpoint (val_acc=0.7147) to checkpoints/exp40a_combo_s1.pt
epoch   7/80  train_loss=1.4565  val_slot_acc=0.7778  val_loss=1.3550  val_acc=0.7622  lr=1.00e-03  (20.2s)
  -> saved new best checkpoint (val_acc=0.7622) to checkpoints/exp40a_combo_s1.pt
epoch   8/80  train_loss=1.2453  val_slot_acc=0.8863  val_loss=1.0966  val_acc=0.8141  lr=9.98e-04  (22.2s)
  -> saved new best checkpoint (val_acc=0.8141) to checkpoints/exp40a_combo_s1.pt
epoch   9/80  train_loss=1.0652  val_slot_acc=0.9190  val_loss=0.9749  val_acc=0.8346  lr=9.96e-04  (21.4s)
  -> saved new best checkpoint (val_acc=0.8346) to checkpoints/exp40a_combo_s1.pt
epoch  10/80  train_loss=0.9582  val_slot_acc=0.9163  val_loss=1.0728  val_acc=0.8304  lr=9.93e-04  (22.4s)
epoch  11/80  train_loss=0.8384  val_slot_acc=0.9438  val_loss=0.8985  val_acc=0.8439  lr=9.89e-04  (22.3s)
  -> saved new best checkpoint (val_acc=0.8439) to checkpoints/exp40a_combo_s1.pt
epoch  12/80  train_loss=0.7368  val_slot_acc=0.9542  val_loss=0.7787  val_acc=0.8630  lr=9.84e-04  (21.2s)
  -> saved new best checkpoint (val_acc=0.8630) to checkpoints/exp40a_combo_s1.pt
epoch  13/80  train_loss=0.6997  val_slot_acc=0.9529  val_loss=0.7995  val_acc=0.8637  lr=9.79e-04  (19.6s)
  -> saved new best checkpoint (val_acc=0.8637) to checkpoints/exp40a_combo_s1.pt
epoch  14/80  train_loss=0.6598  val_slot_acc=0.9582  val_loss=0.8202  val_acc=0.8573  lr=9.72e-04  (19.5s)
epoch  15/80  train_loss=0.6159  val_slot_acc=0.9477  val_loss=0.8065  val_acc=0.8616  lr=9.65e-04  (20.3s)
epoch  16/80  train_loss=0.5940  val_slot_acc=0.9556  val_loss=0.6939  val_acc=0.8758  lr=9.57e-04  (19.5s)
  -> saved new best checkpoint (val_acc=0.8758) to checkpoints/exp40a_combo_s1.pt
epoch  17/80  train_loss=0.5336  val_slot_acc=0.9739  val_loss=0.6990  val_acc=0.8751  lr=9.48e-04  (20.8s)
epoch  18/80  train_loss=0.5185  val_slot_acc=0.9739  val_loss=0.7349  val_acc=0.8730  lr=9.38e-04  (35.0s)
epoch  19/80  train_loss=0.4896  val_slot_acc=0.9725  val_loss=0.7330  val_acc=0.8779  lr=9.28e-04  (21.0s)
  -> saved new best checkpoint (val_acc=0.8779) to checkpoints/exp40a_combo_s1.pt
epoch  20/80  train_loss=0.4807  val_slot_acc=0.9712  val_loss=0.6978  val_acc=0.8829  lr=9.16e-04  (21.8s)
  -> saved new best checkpoint (val_acc=0.8829) to checkpoints/exp40a_combo_s1.pt
epoch  21/80  train_loss=0.4515  val_slot_acc=0.9725  val_loss=0.6907  val_acc=0.8801  lr=9.05e-04  (21.4s)
epoch  22/80  train_loss=0.4486  val_slot_acc=0.9699  val_loss=0.6620  val_acc=0.8808  lr=8.92e-04  (21.8s)
epoch  23/80  train_loss=0.4040  val_slot_acc=0.9686  val_loss=0.6610  val_acc=0.8907  lr=8.78e-04  (20.4s)
  -> saved new best checkpoint (val_acc=0.8907) to checkpoints/exp40a_combo_s1.pt
epoch  24/80  train_loss=0.4097  val_slot_acc=0.9660  val_loss=0.6170  val_acc=0.8907  lr=8.64e-04  (21.2s)
epoch  25/80  train_loss=0.3965  val_slot_acc=0.9712  val_loss=0.6611  val_acc=0.8822  lr=8.50e-04  (21.6s)
epoch  26/80  train_loss=0.3570  val_slot_acc=0.9739  val_loss=0.6144  val_acc=0.8907  lr=8.35e-04  (25.4s)
epoch  27/80  train_loss=0.3360  val_slot_acc=0.9712  val_loss=0.5907  val_acc=0.8921  lr=8.19e-04  (21.5s)
  -> saved new best checkpoint (val_acc=0.8921) to checkpoints/exp40a_combo_s1.pt
epoch  28/80  train_loss=0.3312  val_slot_acc=0.9739  val_loss=0.6267  val_acc=0.8907  lr=8.02e-04  (21.4s)
epoch  29/80  train_loss=0.3269  val_slot_acc=0.9752  val_loss=0.6057  val_acc=0.8921  lr=7.85e-04  (21.4s)
epoch  30/80  train_loss=0.3188  val_slot_acc=0.9791  val_loss=0.5994  val_acc=0.9013  lr=7.68e-04  (20.3s)
  -> saved new best checkpoint (val_acc=0.9013) to checkpoints/exp40a_combo_s1.pt
epoch  31/80  train_loss=0.3300  val_slot_acc=0.9765  val_loss=0.5632  val_acc=0.9035  lr=7.50e-04  (21.8s)
  -> saved new best checkpoint (val_acc=0.9035) to checkpoints/exp40a_combo_s1.pt
epoch  32/80  train_loss=0.2975  val_slot_acc=0.9804  val_loss=0.6230  val_acc=0.8914  lr=7.32e-04  (22.0s)
epoch  33/80  train_loss=0.2865  val_slot_acc=0.9778  val_loss=0.6256  val_acc=0.8893  lr=7.13e-04  (24.5s)
epoch  34/80  train_loss=0.2783  val_slot_acc=0.9817  val_loss=0.5881  val_acc=0.8928  lr=6.94e-04  (20.4s)
epoch  35/80  train_loss=0.2820  val_slot_acc=0.9778  val_loss=0.5536  val_acc=0.9021  lr=6.74e-04  (21.6s)
epoch  36/80  train_loss=0.2650  val_slot_acc=0.9817  val_loss=0.6283  val_acc=0.8957  lr=6.55e-04  (20.4s)
epoch  37/80  train_loss=0.2484  val_slot_acc=0.9778  val_loss=0.6500  val_acc=0.8907  lr=6.34e-04  (21.2s)
epoch  38/80  train_loss=0.2376  val_slot_acc=0.9830  val_loss=0.5537  val_acc=0.9006  lr=6.14e-04  (20.8s)
epoch  39/80  train_loss=0.2398  val_slot_acc=0.9817  val_loss=0.5620  val_acc=0.9042  lr=5.94e-04  (21.4s)
  -> saved new best checkpoint (val_acc=0.9042) to checkpoints/exp40a_combo_s1.pt
epoch  40/80  train_loss=0.2375  val_slot_acc=0.9817  val_loss=0.5726  val_acc=0.9028  lr=5.73e-04  (21.4s)
epoch  41/80  train_loss=0.2268  val_slot_acc=0.9843  val_loss=0.5959  val_acc=0.8985  lr=5.52e-04  (22.4s)
epoch  42/80  train_loss=0.2140  val_slot_acc=0.9791  val_loss=0.5619  val_acc=0.9006  lr=5.31e-04  (22.4s)
epoch  43/80  train_loss=0.2047  val_slot_acc=0.9856  val_loss=0.5774  val_acc=0.8978  lr=5.10e-04  (21.1s)
epoch  44/80  train_loss=0.2128  val_slot_acc=0.9778  val_loss=0.5395  val_acc=0.9063  lr=4.90e-04  (22.0s)
  -> saved new best checkpoint (val_acc=0.9063) to checkpoints/exp40a_combo_s1.pt
epoch  45/80  train_loss=0.2025  val_slot_acc=0.9791  val_loss=0.5623  val_acc=0.9028  lr=4.69e-04  (40.4s)
epoch  46/80  train_loss=0.1979  val_slot_acc=0.9804  val_loss=0.5951  val_acc=0.9006  lr=4.48e-04  (22.8s)
epoch  47/80  train_loss=0.1841  val_slot_acc=0.9817  val_loss=0.6194  val_acc=0.8985  lr=4.27e-04  (22.0s)
epoch  48/80  train_loss=0.1959  val_slot_acc=0.9778  val_loss=0.5644  val_acc=0.9006  lr=4.06e-04  (21.7s)
epoch  49/80  train_loss=0.1898  val_slot_acc=0.9804  val_loss=0.6131  val_acc=0.8985  lr=3.86e-04  (21.9s)
epoch  50/80  train_loss=0.1757  val_slot_acc=0.9856  val_loss=0.6084  val_acc=0.8964  lr=3.66e-04  (20.1s)
epoch  51/80  train_loss=0.1831  val_slot_acc=0.9830  val_loss=0.5764  val_acc=0.8999  lr=3.45e-04  (21.3s)
epoch  52/80  train_loss=0.1795  val_slot_acc=0.9856  val_loss=0.5770  val_acc=0.9021  lr=3.26e-04  (21.8s)
epoch  53/80  train_loss=0.1683  val_slot_acc=0.9830  val_loss=0.5880  val_acc=0.9035  lr=3.06e-04  (22.7s)
epoch  54/80  train_loss=0.1603  val_slot_acc=0.9843  val_loss=0.5846  val_acc=0.8999  lr=2.87e-04  (20.9s)
epoch  55/80  train_loss=0.1574  val_slot_acc=0.9843  val_loss=0.6051  val_acc=0.8992  lr=2.68e-04  (21.7s)
epoch  56/80  train_loss=0.1577  val_slot_acc=0.9817  val_loss=0.6246  val_acc=0.8957  lr=2.50e-04  (20.2s)
epoch  57/80  train_loss=0.1548  val_slot_acc=0.9817  val_loss=0.5976  val_acc=0.9042  lr=2.32e-04  (22.2s)
epoch  58/80  train_loss=0.1527  val_slot_acc=0.9791  val_loss=0.5643  val_acc=0.9056  lr=2.15e-04  (21.2s)
epoch  59/80  train_loss=0.1574  val_slot_acc=0.9791  val_loss=0.5965  val_acc=0.9013  lr=1.98e-04  (22.1s)
epoch  60/80  train_loss=0.1414  val_slot_acc=0.9869  val_loss=0.5880  val_acc=0.9028  lr=1.81e-04  (21.4s)
epoch  61/80  train_loss=0.1434  val_slot_acc=0.9830  val_loss=0.6016  val_acc=0.9035  lr=1.65e-04  (21.3s)
epoch  62/80  train_loss=0.1372  val_slot_acc=0.9895  val_loss=0.6023  val_acc=0.9035  lr=1.50e-04  (21.5s)
epoch  63/80  train_loss=0.1400  val_slot_acc=0.9843  val_loss=0.5950  val_acc=0.9042  lr=1.36e-04  (21.5s)
epoch  64/80  train_loss=0.1443  val_slot_acc=0.9843  val_loss=0.5985  val_acc=0.9042  lr=1.22e-04  (22.0s)
epoch  65/80  train_loss=0.1411  val_slot_acc=0.9856  val_loss=0.5884  val_acc=0.9042  lr=1.08e-04  (20.8s)
epoch  66/80  train_loss=0.1321  val_slot_acc=0.9843  val_loss=0.6046  val_acc=0.9049  lr=9.55e-05  (21.9s)
epoch  67/80  train_loss=0.1504  val_slot_acc=0.9843  val_loss=0.5944  val_acc=0.9042  lr=8.35e-05  (20.9s)
epoch  68/80  train_loss=0.1464  val_slot_acc=0.9856  val_loss=0.6102  val_acc=0.9028  lr=7.23e-05  (21.4s)
epoch  69/80  train_loss=0.1316  val_slot_acc=0.9856  val_loss=0.6036  val_acc=0.9049  lr=6.18e-05  (19.5s)
epoch  70/80  train_loss=0.1343  val_slot_acc=0.9817  val_loss=0.5937  val_acc=0.9056  lr=5.21e-05  (20.3s)
epoch  71/80  train_loss=0.1341  val_slot_acc=0.9856  val_loss=0.5885  val_acc=0.9092  lr=4.32e-05  (20.7s)
  -> saved new best checkpoint (val_acc=0.9092) to checkpoints/exp40a_combo_s1.pt
epoch  72/80  train_loss=0.1334  val_slot_acc=0.9830  val_loss=0.5822  val_acc=0.9077  lr=3.51e-05  (19.2s)
epoch  73/80  train_loss=0.1313  val_slot_acc=0.9830  val_loss=0.5927  val_acc=0.9070  lr=2.78e-05  (21.2s)
epoch  74/80  train_loss=0.1340  val_slot_acc=0.9843  val_loss=0.6024  val_acc=0.9056  lr=2.13e-05  (19.9s)
epoch  75/80  train_loss=0.1381  val_slot_acc=0.9830  val_loss=0.5970  val_acc=0.9056  lr=1.57e-05  (21.0s)
epoch  76/80  train_loss=0.1298  val_slot_acc=0.9830  val_loss=0.5988  val_acc=0.9042  lr=1.09e-05  (20.2s)
epoch  77/80  train_loss=0.1376  val_slot_acc=0.9843  val_loss=0.6000  val_acc=0.9028  lr=7.00e-06  (19.1s)
epoch  78/80  train_loss=0.1263  val_slot_acc=0.9843  val_loss=0.5976  val_acc=0.9042  lr=3.94e-06  (20.7s)
epoch  79/80  train_loss=0.1240  val_slot_acc=0.9830  val_loss=0.6013  val_acc=0.9028  lr=1.75e-06  (20.2s)
epoch  80/80  train_loss=0.1298  val_slot_acc=0.9843  val_loss=0.5996  val_acc=0.9028  lr=4.39e-07  (20.0s)

Done. Best val_acc=0.9092, checkpoint at checkpoints/exp40a_combo_s1.pt
