Using device: cuda, model: crnn, augment: True, seed: 0
Feature config: {'window_s': 5.0, 'trim': True}
Waveform augmentation on, noise bank: 11 train-split clips
--extra-oos-clips: 1500 numerals clips added as OUT_OF_SCOPE
train: 10785 examples (train_fraction=1.0), val: 1448 examples
Using knowledge distillation (weight=1.0, temperature=3.0) from data/me2/ensemble43_labels.csv
Slot heads on: 5196 labeled train clips, weight 0.3
Using ConfusablePairLoss (alpha=2.0, gamma=0.0, label_smoothing=0.0)
Model params: 181,936
epoch   1/80  train_loss=19.0630  val_slot_acc=0.3308  val_loss=3.5499  val_acc=0.0870  lr=1.00e-05  (30.3s)
  -> saved new best checkpoint (val_acc=0.0870) to checkpoints/exp43c_small_recipe_s0.pt
epoch   2/80  train_loss=17.9540  val_slot_acc=0.3409  val_loss=3.5197  val_acc=0.1181  lr=2.08e-04  (30.1s)
  -> saved new best checkpoint (val_acc=0.1181) to checkpoints/exp43c_small_recipe_s0.pt
epoch   3/80  train_loss=16.4685  val_slot_acc=0.3045  val_loss=3.2182  val_acc=0.1927  lr=4.06e-04  (27.8s)
  -> saved new best checkpoint (val_acc=0.1927) to checkpoints/exp43c_small_recipe_s0.pt
epoch   4/80  train_loss=15.1347  val_slot_acc=0.3734  val_loss=3.2279  val_acc=0.1920  lr=6.04e-04  (27.0s)
epoch   5/80  train_loss=12.9889  val_slot_acc=0.4875  val_loss=2.4836  val_acc=0.5035  lr=8.02e-04  (29.9s)
  -> saved new best checkpoint (val_acc=0.5035) to checkpoints/exp43c_small_recipe_s0.pt
epoch   6/80  train_loss=8.9297  val_slot_acc=0.6228  val_loss=1.6467  val_acc=0.7307  lr=1.00e-03  (28.4s)
  -> saved new best checkpoint (val_acc=0.7307) to checkpoints/exp43c_small_recipe_s0.pt
epoch   7/80  train_loss=6.1469  val_slot_acc=0.6830  val_loss=1.2227  val_acc=0.7901  lr=1.00e-03  (27.2s)
  -> saved new best checkpoint (val_acc=0.7901) to checkpoints/exp43c_small_recipe_s0.pt
epoch   8/80  train_loss=4.6682  val_slot_acc=0.7657  val_loss=1.0054  val_acc=0.8308  lr=9.98e-04  (26.5s)
  -> saved new best checkpoint (val_acc=0.8308) to checkpoints/exp43c_small_recipe_s0.pt
epoch   9/80  train_loss=3.8172  val_slot_acc=0.8058  val_loss=0.8809  val_acc=0.8564  lr=9.96e-04  (29.4s)
  -> saved new best checkpoint (val_acc=0.8564) to checkpoints/exp43c_small_recipe_s0.pt
epoch  10/80  train_loss=3.3361  val_slot_acc=0.8358  val_loss=0.8347  val_acc=0.8646  lr=9.93e-04  (28.8s)
  -> saved new best checkpoint (val_acc=0.8646) to checkpoints/exp43c_small_recipe_s0.pt
epoch  11/80  train_loss=2.8916  val_slot_acc=0.8559  val_loss=0.8383  val_acc=0.8695  lr=9.89e-04  (29.4s)
  -> saved new best checkpoint (val_acc=0.8695) to checkpoints/exp43c_small_recipe_s0.pt
epoch  12/80  train_loss=2.5896  val_slot_acc=0.8947  val_loss=0.6923  val_acc=0.8930  lr=9.84e-04  (27.8s)
  -> saved new best checkpoint (val_acc=0.8930) to checkpoints/exp43c_small_recipe_s0.pt
epoch  13/80  train_loss=2.3660  val_slot_acc=0.8784  val_loss=0.7038  val_acc=0.8957  lr=9.79e-04  (30.4s)
  -> saved new best checkpoint (val_acc=0.8957) to checkpoints/exp43c_small_recipe_s0.pt
epoch  14/80  train_loss=2.2793  val_slot_acc=0.9148  val_loss=0.6091  val_acc=0.9054  lr=9.72e-04  (29.4s)
  -> saved new best checkpoint (val_acc=0.9054) to checkpoints/exp43c_small_recipe_s0.pt
epoch  15/80  train_loss=2.0763  val_slot_acc=0.9185  val_loss=0.5832  val_acc=0.9109  lr=9.65e-04  (28.0s)
  -> saved new best checkpoint (val_acc=0.9109) to checkpoints/exp43c_small_recipe_s0.pt
epoch  16/80  train_loss=1.9653  val_slot_acc=0.9211  val_loss=0.5781  val_acc=0.9033  lr=9.57e-04  (26.2s)
epoch  17/80  train_loss=1.8235  val_slot_acc=0.9185  val_loss=0.5906  val_acc=0.9109  lr=9.48e-04  (27.6s)
epoch  18/80  train_loss=1.8501  val_slot_acc=0.9236  val_loss=0.5603  val_acc=0.9157  lr=9.38e-04  (27.8s)
  -> saved new best checkpoint (val_acc=0.9157) to checkpoints/exp43c_small_recipe_s0.pt
epoch  19/80  train_loss=1.7228  val_slot_acc=0.9386  val_loss=0.4966  val_acc=0.9192  lr=9.28e-04  (28.8s)
  -> saved new best checkpoint (val_acc=0.9192) to checkpoints/exp43c_small_recipe_s0.pt
epoch  20/80  train_loss=1.6495  val_slot_acc=0.9511  val_loss=0.5126  val_acc=0.9178  lr=9.16e-04  (27.2s)
epoch  21/80  train_loss=1.5745  val_slot_acc=0.9524  val_loss=0.5071  val_acc=0.9185  lr=9.05e-04  (27.1s)
epoch  22/80  train_loss=1.5657  val_slot_acc=0.9436  val_loss=0.5118  val_acc=0.9199  lr=8.92e-04  (26.4s)
  -> saved new best checkpoint (val_acc=0.9199) to checkpoints/exp43c_small_recipe_s0.pt
epoch  23/80  train_loss=1.4926  val_slot_acc=0.9536  val_loss=0.4875  val_acc=0.9240  lr=8.78e-04  (25.6s)
  -> saved new best checkpoint (val_acc=0.9240) to checkpoints/exp43c_small_recipe_s0.pt
epoch  24/80  train_loss=1.4939  val_slot_acc=0.9612  val_loss=0.5191  val_acc=0.9192  lr=8.64e-04  (28.4s)
epoch  25/80  train_loss=1.4365  val_slot_acc=0.9586  val_loss=0.5092  val_acc=0.9171  lr=8.50e-04  (27.9s)
epoch  26/80  train_loss=1.3730  val_slot_acc=0.9549  val_loss=0.4694  val_acc=0.9227  lr=8.35e-04  (25.0s)
epoch  27/80  train_loss=1.3367  val_slot_acc=0.9612  val_loss=0.5137  val_acc=0.9157  lr=8.19e-04  (25.5s)
epoch  28/80  train_loss=1.3428  val_slot_acc=0.9499  val_loss=0.4646  val_acc=0.9247  lr=8.02e-04  (29.6s)
  -> saved new best checkpoint (val_acc=0.9247) to checkpoints/exp43c_small_recipe_s0.pt
epoch  29/80  train_loss=1.2771  val_slot_acc=0.9649  val_loss=0.4495  val_acc=0.9282  lr=7.85e-04  (27.2s)
  -> saved new best checkpoint (val_acc=0.9282) to checkpoints/exp43c_small_recipe_s0.pt
epoch  30/80  train_loss=1.2538  val_slot_acc=0.9524  val_loss=0.5098  val_acc=0.9261  lr=7.68e-04  (25.9s)
epoch  31/80  train_loss=1.2399  val_slot_acc=0.9699  val_loss=0.4541  val_acc=0.9268  lr=7.50e-04  (25.5s)
epoch  32/80  train_loss=1.1816  val_slot_acc=0.9712  val_loss=0.4324  val_acc=0.9296  lr=7.32e-04  (24.7s)
  -> saved new best checkpoint (val_acc=0.9296) to checkpoints/exp43c_small_recipe_s0.pt
epoch  33/80  train_loss=1.1792  val_slot_acc=0.9687  val_loss=0.4753  val_acc=0.9261  lr=7.13e-04  (24.6s)
epoch  34/80  train_loss=1.1479  val_slot_acc=0.9649  val_loss=0.4526  val_acc=0.9282  lr=6.94e-04  (25.0s)
epoch  35/80  train_loss=1.1351  val_slot_acc=0.9586  val_loss=0.4499  val_acc=0.9309  lr=6.74e-04  (25.2s)
  -> saved new best checkpoint (val_acc=0.9309) to checkpoints/exp43c_small_recipe_s0.pt
epoch  36/80  train_loss=1.0978  val_slot_acc=0.9762  val_loss=0.4273  val_acc=0.9330  lr=6.55e-04  (40.6s)
  -> saved new best checkpoint (val_acc=0.9330) to checkpoints/exp43c_small_recipe_s0.pt
epoch  37/80  train_loss=1.1197  val_slot_acc=0.9737  val_loss=0.4145  val_acc=0.9309  lr=6.34e-04  (24.9s)
epoch  38/80  train_loss=1.0939  val_slot_acc=0.9662  val_loss=0.4132  val_acc=0.9365  lr=6.14e-04  (26.3s)
  -> saved new best checkpoint (val_acc=0.9365) to checkpoints/exp43c_small_recipe_s0.pt
epoch  39/80  train_loss=1.0685  val_slot_acc=0.9687  val_loss=0.4176  val_acc=0.9365  lr=5.94e-04  (25.7s)
epoch  40/80  train_loss=1.0853  val_slot_acc=0.9774  val_loss=0.4620  val_acc=0.9268  lr=5.73e-04  (25.9s)
epoch  41/80  train_loss=1.0237  val_slot_acc=0.9712  val_loss=0.4288  val_acc=0.9268  lr=5.52e-04  (25.0s)
epoch  42/80  train_loss=1.0397  val_slot_acc=0.9649  val_loss=0.4017  val_acc=0.9289  lr=5.31e-04  (23.5s)
epoch  43/80  train_loss=0.9841  val_slot_acc=0.9749  val_loss=0.4089  val_acc=0.9337  lr=5.10e-04  (21.5s)
epoch  44/80  train_loss=0.9932  val_slot_acc=0.9774  val_loss=0.4421  val_acc=0.9289  lr=4.90e-04  (26.1s)
epoch  45/80  train_loss=0.9820  val_slot_acc=0.9724  val_loss=0.4081  val_acc=0.9337  lr=4.69e-04  (25.4s)
epoch  46/80  train_loss=0.9685  val_slot_acc=0.9787  val_loss=0.3944  val_acc=0.9344  lr=4.48e-04  (25.4s)
epoch  47/80  train_loss=0.9596  val_slot_acc=0.9712  val_loss=0.3867  val_acc=0.9385  lr=4.27e-04  (25.7s)
  -> saved new best checkpoint (val_acc=0.9385) to checkpoints/exp43c_small_recipe_s0.pt
epoch  48/80  train_loss=0.9628  val_slot_acc=0.9812  val_loss=0.3743  val_acc=0.9365  lr=4.06e-04  (26.2s)
epoch  49/80  train_loss=0.9206  val_slot_acc=0.9837  val_loss=0.4000  val_acc=0.9344  lr=3.86e-04  (28.8s)
epoch  50/80  train_loss=0.9085  val_slot_acc=0.9799  val_loss=0.3634  val_acc=0.9337  lr=3.66e-04  (24.7s)
epoch  51/80  train_loss=0.9084  val_slot_acc=0.9737  val_loss=0.3898  val_acc=0.9372  lr=3.45e-04  (34.0s)
epoch  52/80  train_loss=0.8866  val_slot_acc=0.9712  val_loss=0.4035  val_acc=0.9337  lr=3.26e-04  (24.4s)
epoch  53/80  train_loss=0.8653  val_slot_acc=0.9737  val_loss=0.3803  val_acc=0.9365  lr=3.06e-04  (44.9s)
epoch  54/80  train_loss=0.8939  val_slot_acc=0.9837  val_loss=0.3628  val_acc=0.9399  lr=2.87e-04  (24.2s)
  -> saved new best checkpoint (val_acc=0.9399) to checkpoints/exp43c_small_recipe_s0.pt
epoch  55/80  train_loss=0.8838  val_slot_acc=0.9787  val_loss=0.3658  val_acc=0.9399  lr=2.68e-04  (35.8s)
epoch  56/80  train_loss=0.8660  val_slot_acc=0.9787  val_loss=0.3662  val_acc=0.9372  lr=2.50e-04  (27.5s)
epoch  57/80  train_loss=0.8778  val_slot_acc=0.9862  val_loss=0.3894  val_acc=0.9337  lr=2.32e-04  (34.2s)
epoch  58/80  train_loss=0.8668  val_slot_acc=0.9787  val_loss=0.3585  val_acc=0.9344  lr=2.15e-04  (25.2s)
epoch  59/80  train_loss=0.8707  val_slot_acc=0.9787  val_loss=0.3660  val_acc=0.9392  lr=1.98e-04  (27.8s)
epoch  60/80  train_loss=0.8565  val_slot_acc=0.9825  val_loss=0.3641  val_acc=0.9378  lr=1.81e-04  (36.7s)
epoch  61/80  train_loss=0.8390  val_slot_acc=0.9787  val_loss=0.3671  val_acc=0.9392  lr=1.65e-04  (28.4s)
epoch  62/80  train_loss=0.8360  val_slot_acc=0.9799  val_loss=0.3685  val_acc=0.9385  lr=1.50e-04  (37.9s)
epoch  63/80  train_loss=0.8337  val_slot_acc=0.9812  val_loss=0.3535  val_acc=0.9448  lr=1.36e-04  (30.1s)
  -> saved new best checkpoint (val_acc=0.9448) to checkpoints/exp43c_small_recipe_s0.pt
epoch  64/80  train_loss=0.8276  val_slot_acc=0.9787  val_loss=0.3536  val_acc=0.9420  lr=1.22e-04  (36.8s)
epoch  65/80  train_loss=0.8518  val_slot_acc=0.9812  val_loss=0.3719  val_acc=0.9358  lr=1.08e-04  (26.7s)
epoch  66/80  train_loss=0.8211  val_slot_acc=0.9812  val_loss=0.3627  val_acc=0.9378  lr=9.55e-05  (45.6s)
epoch  67/80  train_loss=0.8334  val_slot_acc=0.9812  val_loss=0.3847  val_acc=0.9372  lr=8.35e-05  (37.9s)
epoch  68/80  train_loss=0.8261  val_slot_acc=0.9825  val_loss=0.3688  val_acc=0.9399  lr=7.23e-05  (31.1s)
epoch  69/80  train_loss=0.8096  val_slot_acc=0.9825  val_loss=0.3642  val_acc=0.9385  lr=6.18e-05  (44.8s)
epoch  70/80  train_loss=0.8036  val_slot_acc=0.9825  val_loss=0.3657  val_acc=0.9385  lr=5.21e-05  (31.0s)
epoch  71/80  train_loss=0.8077  val_slot_acc=0.9787  val_loss=0.3685  val_acc=0.9378  lr=4.32e-05  (41.4s)
epoch  72/80  train_loss=0.8065  val_slot_acc=0.9799  val_loss=0.3617  val_acc=0.9392  lr=3.51e-05  (33.9s)
epoch  73/80  train_loss=0.7718  val_slot_acc=0.9799  val_loss=0.3619  val_acc=0.9385  lr=2.78e-05  (46.1s)
epoch  74/80  train_loss=0.8095  val_slot_acc=0.9812  val_loss=0.3631  val_acc=0.9406  lr=2.13e-05  (51.5s)
epoch  75/80  train_loss=0.7929  val_slot_acc=0.9799  val_loss=0.3631  val_acc=0.9392  lr=1.57e-05  (31.9s)
epoch  76/80  train_loss=0.8055  val_slot_acc=0.9812  val_loss=0.3649  val_acc=0.9378  lr=1.09e-05  (48.1s)
epoch  77/80  train_loss=0.7841  val_slot_acc=0.9799  val_loss=0.3641  val_acc=0.9399  lr=7.00e-06  (31.2s)
epoch  78/80  train_loss=0.7862  val_slot_acc=0.9812  val_loss=0.3629  val_acc=0.9399  lr=3.94e-06  (42.3s)
epoch  79/80  train_loss=0.7882  val_slot_acc=0.9799  val_loss=0.3637  val_acc=0.9399  lr=1.75e-06  (50.6s)
epoch  80/80  train_loss=0.7762  val_slot_acc=0.9812  val_loss=0.3639  val_acc=0.9378  lr=4.39e-07  (30.6s)

Done. Best val_acc=0.9448, checkpoint at checkpoints/exp43c_small_recipe_s0.pt
