Using device: cuda, model: crnn, augment: True, seed: 0
Feature config: {'window_s': 5.0, 'trim': True}
Waveform augmentation on, noise bank: 11 train-split clips
--extra-oos-clips: 1500 numerals clips added as OUT_OF_SCOPE
train: 10773 examples (train_fraction=1.0), val: 1409 examples
Slot heads on: 5229 labeled train clips, weight 0.3
Using ConfusablePairLoss (alpha=2.0, gamma=0.0, label_smoothing=0.0)
Model params: 372,096
epoch   1/80  train_loss=3.3563  val_slot_acc=0.3190  val_loss=3.5844  val_acc=0.0263  lr=1.00e-05  (25.7s)
  -> saved new best checkpoint (val_acc=0.0263) to checkpoints/exp41a_combo_wide_s0.pt
epoch   2/80  train_loss=3.2354  val_slot_acc=0.3595  val_loss=3.4654  val_acc=0.1242  lr=2.08e-04  (24.3s)
  -> saved new best checkpoint (val_acc=0.1242) to checkpoints/exp41a_combo_wide_s0.pt
epoch   3/80  train_loss=3.0173  val_slot_acc=0.4340  val_loss=3.0354  val_acc=0.2768  lr=4.06e-04  (24.8s)
  -> saved new best checkpoint (val_acc=0.2768) to checkpoints/exp41a_combo_wide_s0.pt
epoch   4/80  train_loss=2.6799  val_slot_acc=0.5333  val_loss=2.3412  val_acc=0.5316  lr=6.04e-04  (23.8s)
  -> saved new best checkpoint (val_acc=0.5316) to checkpoints/exp41a_combo_wide_s0.pt
epoch   5/80  train_loss=2.0064  val_slot_acc=0.6471  val_loss=1.9509  val_acc=0.6565  lr=8.02e-04  (24.2s)
  -> saved new best checkpoint (val_acc=0.6565) to checkpoints/exp41a_combo_wide_s0.pt
epoch   6/80  train_loss=1.4959  val_slot_acc=0.8536  val_loss=1.4084  val_acc=0.7700  lr=1.00e-03  (23.4s)
  -> saved new best checkpoint (val_acc=0.7700) to checkpoints/exp41a_combo_wide_s0.pt
epoch   7/80  train_loss=1.1614  val_slot_acc=0.9085  val_loss=1.0953  val_acc=0.8226  lr=1.00e-03  (24.4s)
  -> saved new best checkpoint (val_acc=0.8226) to checkpoints/exp41a_combo_wide_s0.pt
epoch   8/80  train_loss=0.9263  val_slot_acc=0.9490  val_loss=0.8967  val_acc=0.8446  lr=9.98e-04  (22.6s)
  -> saved new best checkpoint (val_acc=0.8446) to checkpoints/exp41a_combo_wide_s0.pt
epoch   9/80  train_loss=0.7887  val_slot_acc=0.9464  val_loss=0.7804  val_acc=0.8616  lr=9.96e-04  (24.4s)
  -> saved new best checkpoint (val_acc=0.8616) to checkpoints/exp41a_combo_wide_s0.pt
epoch  10/80  train_loss=0.7055  val_slot_acc=0.9556  val_loss=0.7834  val_acc=0.8687  lr=9.93e-04  (23.6s)
  -> saved new best checkpoint (val_acc=0.8687) to checkpoints/exp41a_combo_wide_s0.pt
epoch  11/80  train_loss=0.6373  val_slot_acc=0.9634  val_loss=0.7559  val_acc=0.8737  lr=9.89e-04  (23.9s)
  -> saved new best checkpoint (val_acc=0.8737) to checkpoints/exp41a_combo_wide_s0.pt
epoch  12/80  train_loss=0.5620  val_slot_acc=0.9634  val_loss=0.7369  val_acc=0.8673  lr=9.84e-04  (24.7s)
epoch  13/80  train_loss=0.5080  val_slot_acc=0.9582  val_loss=0.8278  val_acc=0.8609  lr=9.79e-04  (23.7s)
epoch  14/80  train_loss=0.4817  val_slot_acc=0.9595  val_loss=0.7002  val_acc=0.8758  lr=9.72e-04  (24.4s)
  -> saved new best checkpoint (val_acc=0.8758) to checkpoints/exp41a_combo_wide_s0.pt
epoch  15/80  train_loss=0.4520  val_slot_acc=0.9608  val_loss=0.6757  val_acc=0.8864  lr=9.65e-04  (23.8s)
  -> saved new best checkpoint (val_acc=0.8864) to checkpoints/exp41a_combo_wide_s0.pt
epoch  16/80  train_loss=0.4088  val_slot_acc=0.9556  val_loss=0.6617  val_acc=0.8879  lr=9.57e-04  (24.8s)
  -> saved new best checkpoint (val_acc=0.8879) to checkpoints/exp41a_combo_wide_s0.pt
epoch  17/80  train_loss=0.3802  val_slot_acc=0.9686  val_loss=0.6653  val_acc=0.8850  lr=9.48e-04  (23.9s)
epoch  18/80  train_loss=0.3625  val_slot_acc=0.9699  val_loss=0.6428  val_acc=0.8900  lr=9.38e-04  (25.1s)
  -> saved new best checkpoint (val_acc=0.8900) to checkpoints/exp41a_combo_wide_s0.pt
epoch  19/80  train_loss=0.3462  val_slot_acc=0.9739  val_loss=0.6049  val_acc=0.8992  lr=9.28e-04  (24.1s)
  -> saved new best checkpoint (val_acc=0.8992) to checkpoints/exp41a_combo_wide_s0.pt
epoch  20/80  train_loss=0.3347  val_slot_acc=0.9595  val_loss=0.6728  val_acc=0.8914  lr=9.16e-04  (25.2s)
epoch  21/80  train_loss=0.3245  val_slot_acc=0.9712  val_loss=0.6626  val_acc=0.8886  lr=9.05e-04  (24.3s)
epoch  22/80  train_loss=0.2938  val_slot_acc=0.9699  val_loss=0.5988  val_acc=0.8978  lr=8.92e-04  (24.5s)
epoch  23/80  train_loss=0.2866  val_slot_acc=0.9739  val_loss=0.5840  val_acc=0.9021  lr=8.78e-04  (25.0s)
  -> saved new best checkpoint (val_acc=0.9021) to checkpoints/exp41a_combo_wide_s0.pt
epoch  24/80  train_loss=0.2703  val_slot_acc=0.9673  val_loss=0.6011  val_acc=0.9035  lr=8.64e-04  (23.2s)
  -> saved new best checkpoint (val_acc=0.9035) to checkpoints/exp41a_combo_wide_s0.pt
epoch  25/80  train_loss=0.2502  val_slot_acc=0.9739  val_loss=0.6207  val_acc=0.9013  lr=8.50e-04  (24.4s)
epoch  26/80  train_loss=0.2447  val_slot_acc=0.9739  val_loss=0.6740  val_acc=0.8928  lr=8.35e-04  (23.6s)
epoch  27/80  train_loss=0.2497  val_slot_acc=0.9699  val_loss=0.7329  val_acc=0.8928  lr=8.19e-04  (24.0s)
epoch  28/80  train_loss=0.2163  val_slot_acc=0.9765  val_loss=0.6188  val_acc=0.9042  lr=8.02e-04  (23.1s)
  -> saved new best checkpoint (val_acc=0.9042) to checkpoints/exp41a_combo_wide_s0.pt
epoch  29/80  train_loss=0.2147  val_slot_acc=0.9712  val_loss=0.6720  val_acc=0.8935  lr=7.85e-04  (24.4s)
epoch  30/80  train_loss=0.2096  val_slot_acc=0.9882  val_loss=0.5732  val_acc=0.9077  lr=7.68e-04  (23.6s)
  -> saved new best checkpoint (val_acc=0.9077) to checkpoints/exp41a_combo_wide_s0.pt
epoch  31/80  train_loss=0.2062  val_slot_acc=0.9817  val_loss=0.6414  val_acc=0.9021  lr=7.50e-04  (24.1s)
epoch  32/80  train_loss=0.1859  val_slot_acc=0.9804  val_loss=0.6341  val_acc=0.8978  lr=7.32e-04  (23.9s)
epoch  33/80  train_loss=0.1841  val_slot_acc=0.9712  val_loss=0.6417  val_acc=0.8971  lr=7.13e-04  (23.4s)
epoch  34/80  train_loss=0.1715  val_slot_acc=0.9778  val_loss=0.6076  val_acc=0.9006  lr=6.94e-04  (24.1s)
epoch  35/80  train_loss=0.1771  val_slot_acc=0.9765  val_loss=0.6173  val_acc=0.9042  lr=6.74e-04  (23.6s)
epoch  36/80  train_loss=0.1729  val_slot_acc=0.9843  val_loss=0.6077  val_acc=0.9113  lr=6.55e-04  (24.5s)
  -> saved new best checkpoint (val_acc=0.9113) to checkpoints/exp41a_combo_wide_s0.pt
epoch  37/80  train_loss=0.1576  val_slot_acc=0.9791  val_loss=0.6575  val_acc=0.8999  lr=6.34e-04  (23.5s)
epoch  38/80  train_loss=0.1557  val_slot_acc=0.9752  val_loss=0.6454  val_acc=0.9063  lr=6.14e-04  (24.5s)
epoch  39/80  train_loss=0.1388  val_slot_acc=0.9778  val_loss=0.6675  val_acc=0.9049  lr=5.94e-04  (23.9s)
epoch  40/80  train_loss=0.1571  val_slot_acc=0.9791  val_loss=0.6786  val_acc=0.9021  lr=5.73e-04  (24.6s)
epoch  41/80  train_loss=0.1383  val_slot_acc=0.9882  val_loss=0.6084  val_acc=0.9056  lr=5.52e-04  (24.3s)
epoch  42/80  train_loss=0.1447  val_slot_acc=0.9817  val_loss=0.6512  val_acc=0.9021  lr=5.31e-04  (23.8s)
epoch  43/80  train_loss=0.1310  val_slot_acc=0.9830  val_loss=0.6159  val_acc=0.9013  lr=5.10e-04  (24.7s)
epoch  44/80  train_loss=0.1236  val_slot_acc=0.9791  val_loss=0.5632  val_acc=0.9177  lr=4.90e-04  (23.8s)
  -> saved new best checkpoint (val_acc=0.9177) to checkpoints/exp41a_combo_wide_s0.pt
epoch  45/80  train_loss=0.1255  val_slot_acc=0.9791  val_loss=0.6360  val_acc=0.9070  lr=4.69e-04  (24.5s)
epoch  46/80  train_loss=0.1142  val_slot_acc=0.9830  val_loss=0.6638  val_acc=0.9056  lr=4.48e-04  (24.0s)
epoch  47/80  train_loss=0.1197  val_slot_acc=0.9856  val_loss=0.5974  val_acc=0.9141  lr=4.27e-04  (24.9s)
epoch  48/80  train_loss=0.1180  val_slot_acc=0.9856  val_loss=0.6697  val_acc=0.9028  lr=4.06e-04  (23.4s)
epoch  49/80  train_loss=0.1158  val_slot_acc=0.9856  val_loss=0.5993  val_acc=0.9155  lr=3.86e-04  (24.5s)
epoch  50/80  train_loss=0.1097  val_slot_acc=0.9830  val_loss=0.6435  val_acc=0.9106  lr=3.66e-04  (22.7s)
epoch  51/80  train_loss=0.1044  val_slot_acc=0.9843  val_loss=0.6675  val_acc=0.9077  lr=3.45e-04  (23.7s)
epoch  52/80  train_loss=0.1027  val_slot_acc=0.9817  val_loss=0.6157  val_acc=0.9155  lr=3.26e-04  (24.4s)
epoch  53/80  train_loss=0.0945  val_slot_acc=0.9843  val_loss=0.6327  val_acc=0.9063  lr=3.06e-04  (23.4s)
epoch  54/80  train_loss=0.0991  val_slot_acc=0.9856  val_loss=0.6450  val_acc=0.9084  lr=2.87e-04  (23.8s)
epoch  55/80  train_loss=0.0923  val_slot_acc=0.9843  val_loss=0.6657  val_acc=0.9120  lr=2.68e-04  (22.9s)
epoch  56/80  train_loss=0.0923  val_slot_acc=0.9869  val_loss=0.6347  val_acc=0.9155  lr=2.50e-04  (23.7s)
epoch  57/80  train_loss=0.0836  val_slot_acc=0.9856  val_loss=0.5974  val_acc=0.9205  lr=2.32e-04  (22.4s)
  -> saved new best checkpoint (val_acc=0.9205) to checkpoints/exp41a_combo_wide_s0.pt
epoch  58/80  train_loss=0.0834  val_slot_acc=0.9856  val_loss=0.6388  val_acc=0.9092  lr=2.15e-04  (24.1s)
epoch  59/80  train_loss=0.0819  val_slot_acc=0.9882  val_loss=0.6436  val_acc=0.9134  lr=1.98e-04  (24.3s)
epoch  60/80  train_loss=0.0788  val_slot_acc=0.9817  val_loss=0.6431  val_acc=0.9141  lr=1.81e-04  (23.2s)
epoch  61/80  train_loss=0.0848  val_slot_acc=0.9830  val_loss=0.6435  val_acc=0.9120  lr=1.65e-04  (24.2s)
epoch  62/80  train_loss=0.0758  val_slot_acc=0.9830  val_loss=0.6395  val_acc=0.9148  lr=1.50e-04  (23.5s)
epoch  63/80  train_loss=0.0745  val_slot_acc=0.9817  val_loss=0.6540  val_acc=0.9092  lr=1.36e-04  (23.9s)
epoch  64/80  train_loss=0.0778  val_slot_acc=0.9843  val_loss=0.6573  val_acc=0.9106  lr=1.22e-04  (22.8s)
epoch  65/80  train_loss=0.0839  val_slot_acc=0.9804  val_loss=0.6569  val_acc=0.9134  lr=1.08e-04  (24.4s)
epoch  66/80  train_loss=0.0757  val_slot_acc=0.9817  val_loss=0.6597  val_acc=0.9099  lr=9.55e-05  (24.6s)
epoch  67/80  train_loss=0.0767  val_slot_acc=0.9817  val_loss=0.6530  val_acc=0.9127  lr=8.35e-05  (18.8s)
epoch  68/80  train_loss=0.0724  val_slot_acc=0.9843  val_loss=0.6582  val_acc=0.9113  lr=7.23e-05  (23.7s)
epoch  69/80  train_loss=0.0737  val_slot_acc=0.9856  val_loss=0.6532  val_acc=0.9092  lr=6.18e-05  (23.8s)
epoch  70/80  train_loss=0.0677  val_slot_acc=0.9856  val_loss=0.6401  val_acc=0.9106  lr=5.21e-05  (23.2s)
epoch  71/80  train_loss=0.0775  val_slot_acc=0.9843  val_loss=0.6484  val_acc=0.9113  lr=4.32e-05  (23.8s)
epoch  72/80  train_loss=0.0673  val_slot_acc=0.9843  val_loss=0.6523  val_acc=0.9120  lr=3.51e-05  (23.4s)
epoch  73/80  train_loss=0.0619  val_slot_acc=0.9843  val_loss=0.6582  val_acc=0.9120  lr=2.78e-05  (24.2s)
epoch  74/80  train_loss=0.0695  val_slot_acc=0.9843  val_loss=0.6532  val_acc=0.9141  lr=2.13e-05  (20.1s)
epoch  75/80  train_loss=0.0686  val_slot_acc=0.9843  val_loss=0.6449  val_acc=0.9141  lr=1.57e-05  (15.8s)
epoch  76/80  train_loss=0.0658  val_slot_acc=0.9843  val_loss=0.6475  val_acc=0.9141  lr=1.09e-05  (16.5s)
epoch  77/80  train_loss=0.0672  val_slot_acc=0.9830  val_loss=0.6502  val_acc=0.9141  lr=7.00e-06  (15.7s)
epoch  78/80  train_loss=0.0633  val_slot_acc=0.9843  val_loss=0.6472  val_acc=0.9134  lr=3.94e-06  (16.5s)
epoch  79/80  train_loss=0.0678  val_slot_acc=0.9843  val_loss=0.6511  val_acc=0.9134  lr=1.75e-06  (15.4s)
epoch  80/80  train_loss=0.0638  val_slot_acc=0.9843  val_loss=0.6464  val_acc=0.9134  lr=4.39e-07  (16.9s)

Done. Best val_acc=0.9205, checkpoint at checkpoints/exp41a_combo_wide_s0.pt
