Using device: cuda, model: crnn, augment: True, seed: 2
Feature config: {'window_s': 5.0, 'trim': True}
Waveform augmentation on, noise bank: 11 train-split clips
--extra-oos-clips: 1500 numerals clips added as OUT_OF_SCOPE
train: 10773 examples (train_fraction=1.0), val: 1409 examples
Slot heads on: 5229 labeled train clips, weight 0.3
Using ConfusablePairLoss (alpha=2.0, gamma=0.0, label_smoothing=0.0)
Model params: 181,936
epoch   1/80  train_loss=3.3665  val_slot_acc=0.3294  val_loss=3.5673  val_acc=0.0688  lr=1.00e-05  (25.5s)
  -> saved new best checkpoint (val_acc=0.0688) to checkpoints/exp40a_combo_s2.pt
epoch   2/80  train_loss=3.2950  val_slot_acc=0.3464  val_loss=3.5464  val_acc=0.0334  lr=2.08e-04  (24.9s)
epoch   3/80  train_loss=3.0868  val_slot_acc=0.3373  val_loss=3.0292  val_acc=0.2690  lr=4.06e-04  (22.5s)
  -> saved new best checkpoint (val_acc=0.2690) to checkpoints/exp40a_combo_s2.pt
epoch   4/80  train_loss=2.7804  val_slot_acc=0.5150  val_loss=2.5973  val_acc=0.4620  lr=6.04e-04  (23.9s)
  -> saved new best checkpoint (val_acc=0.4620) to checkpoints/exp40a_combo_s2.pt
epoch   5/80  train_loss=2.3115  val_slot_acc=0.5843  val_loss=1.9175  val_acc=0.6636  lr=8.02e-04  (26.0s)
  -> saved new best checkpoint (val_acc=0.6636) to checkpoints/exp40a_combo_s2.pt
epoch   6/80  train_loss=1.7951  val_slot_acc=0.7163  val_loss=1.6029  val_acc=0.7154  lr=1.00e-03  (26.0s)
  -> saved new best checkpoint (val_acc=0.7154) to checkpoints/exp40a_combo_s2.pt
epoch   7/80  train_loss=1.4375  val_slot_acc=0.8144  val_loss=1.3038  val_acc=0.7814  lr=1.00e-03  (21.4s)
  -> saved new best checkpoint (val_acc=0.7814) to checkpoints/exp40a_combo_s2.pt
epoch   8/80  train_loss=1.1562  val_slot_acc=0.8824  val_loss=1.1356  val_acc=0.8070  lr=9.98e-04  (21.2s)
  -> saved new best checkpoint (val_acc=0.8070) to checkpoints/exp40a_combo_s2.pt
epoch   9/80  train_loss=0.9990  val_slot_acc=0.9281  val_loss=0.9953  val_acc=0.8204  lr=9.96e-04  (23.3s)
  -> saved new best checkpoint (val_acc=0.8204) to checkpoints/exp40a_combo_s2.pt
epoch  10/80  train_loss=0.8769  val_slot_acc=0.9412  val_loss=0.9135  val_acc=0.8474  lr=9.93e-04  (22.3s)
  -> saved new best checkpoint (val_acc=0.8474) to checkpoints/exp40a_combo_s2.pt
epoch  11/80  train_loss=0.7841  val_slot_acc=0.9477  val_loss=0.9570  val_acc=0.8339  lr=9.89e-04  (23.4s)
epoch  12/80  train_loss=0.7272  val_slot_acc=0.9556  val_loss=0.8346  val_acc=0.8517  lr=9.84e-04  (25.3s)
  -> saved new best checkpoint (val_acc=0.8517) to checkpoints/exp40a_combo_s2.pt
epoch  13/80  train_loss=0.6790  val_slot_acc=0.9490  val_loss=0.8277  val_acc=0.8481  lr=9.79e-04  (25.1s)
epoch  14/80  train_loss=0.6136  val_slot_acc=0.9595  val_loss=0.7776  val_acc=0.8602  lr=9.72e-04  (22.1s)
  -> saved new best checkpoint (val_acc=0.8602) to checkpoints/exp40a_combo_s2.pt
epoch  15/80  train_loss=0.5791  val_slot_acc=0.9595  val_loss=0.8332  val_acc=0.8396  lr=9.65e-04  (21.7s)
epoch  16/80  train_loss=0.5626  val_slot_acc=0.9634  val_loss=0.7358  val_acc=0.8687  lr=9.57e-04  (35.4s)
  -> saved new best checkpoint (val_acc=0.8687) to checkpoints/exp40a_combo_s2.pt
epoch  17/80  train_loss=0.5209  val_slot_acc=0.9634  val_loss=0.7777  val_acc=0.8602  lr=9.48e-04  (20.9s)
epoch  18/80  train_loss=0.5011  val_slot_acc=0.9673  val_loss=0.8133  val_acc=0.8630  lr=9.38e-04  (22.3s)
epoch  19/80  train_loss=0.4851  val_slot_acc=0.9699  val_loss=0.8362  val_acc=0.8616  lr=9.28e-04  (21.4s)
epoch  20/80  train_loss=0.4534  val_slot_acc=0.9778  val_loss=0.7478  val_acc=0.8680  lr=9.16e-04  (21.7s)
epoch  21/80  train_loss=0.4245  val_slot_acc=0.9660  val_loss=0.7257  val_acc=0.8758  lr=9.05e-04  (20.6s)
  -> saved new best checkpoint (val_acc=0.8758) to checkpoints/exp40a_combo_s2.pt
epoch  22/80  train_loss=0.4159  val_slot_acc=0.9752  val_loss=0.7464  val_acc=0.8715  lr=8.92e-04  (21.3s)
epoch  23/80  train_loss=0.4059  val_slot_acc=0.9752  val_loss=0.7076  val_acc=0.8751  lr=8.78e-04  (21.5s)
epoch  24/80  train_loss=0.3742  val_slot_acc=0.9739  val_loss=0.7853  val_acc=0.8772  lr=8.64e-04  (24.2s)
  -> saved new best checkpoint (val_acc=0.8772) to checkpoints/exp40a_combo_s2.pt
epoch  25/80  train_loss=0.3682  val_slot_acc=0.9673  val_loss=0.7422  val_acc=0.8772  lr=8.50e-04  (21.9s)
epoch  26/80  train_loss=0.3640  val_slot_acc=0.9778  val_loss=0.6968  val_acc=0.8751  lr=8.35e-04  (21.2s)
epoch  27/80  train_loss=0.3349  val_slot_acc=0.9804  val_loss=0.7392  val_acc=0.8737  lr=8.19e-04  (21.6s)
epoch  28/80  train_loss=0.3297  val_slot_acc=0.9699  val_loss=0.8295  val_acc=0.8630  lr=8.02e-04  (20.7s)
epoch  29/80  train_loss=0.3317  val_slot_acc=0.9817  val_loss=0.7625  val_acc=0.8801  lr=7.85e-04  (21.9s)
  -> saved new best checkpoint (val_acc=0.8801) to checkpoints/exp40a_combo_s2.pt
epoch  30/80  train_loss=0.3101  val_slot_acc=0.9765  val_loss=0.6720  val_acc=0.8872  lr=7.68e-04  (22.3s)
  -> saved new best checkpoint (val_acc=0.8872) to checkpoints/exp40a_combo_s2.pt
epoch  31/80  train_loss=0.3034  val_slot_acc=0.9739  val_loss=0.7219  val_acc=0.8815  lr=7.50e-04  (23.8s)
epoch  32/80  train_loss=0.2842  val_slot_acc=0.9791  val_loss=0.7476  val_acc=0.8850  lr=7.32e-04  (21.0s)
epoch  33/80  train_loss=0.2854  val_slot_acc=0.9830  val_loss=0.7184  val_acc=0.8801  lr=7.13e-04  (21.6s)
epoch  34/80  train_loss=0.2675  val_slot_acc=0.9843  val_loss=0.7138  val_acc=0.8793  lr=6.94e-04  (20.5s)
epoch  35/80  train_loss=0.2553  val_slot_acc=0.9895  val_loss=0.7193  val_acc=0.8943  lr=6.74e-04  (21.2s)
  -> saved new best checkpoint (val_acc=0.8943) to checkpoints/exp40a_combo_s2.pt
epoch  36/80  train_loss=0.2605  val_slot_acc=0.9765  val_loss=0.6976  val_acc=0.8879  lr=6.55e-04  (20.7s)
epoch  37/80  train_loss=0.2563  val_slot_acc=0.9725  val_loss=0.7309  val_acc=0.8815  lr=6.34e-04  (21.5s)
epoch  38/80  train_loss=0.2492  val_slot_acc=0.9765  val_loss=0.7057  val_acc=0.8822  lr=6.14e-04  (21.5s)
epoch  39/80  train_loss=0.2376  val_slot_acc=0.9778  val_loss=0.6849  val_acc=0.8914  lr=5.94e-04  (22.3s)
epoch  40/80  train_loss=0.2289  val_slot_acc=0.9804  val_loss=0.6781  val_acc=0.8893  lr=5.73e-04  (22.4s)
epoch  41/80  train_loss=0.2215  val_slot_acc=0.9804  val_loss=0.7412  val_acc=0.8793  lr=5.52e-04  (21.4s)
epoch  42/80  train_loss=0.2092  val_slot_acc=0.9935  val_loss=0.7894  val_acc=0.8872  lr=5.31e-04  (22.0s)
epoch  43/80  train_loss=0.2070  val_slot_acc=0.9804  val_loss=0.7268  val_acc=0.8857  lr=5.10e-04  (40.1s)
epoch  44/80  train_loss=0.2035  val_slot_acc=0.9856  val_loss=0.7310  val_acc=0.8843  lr=4.90e-04  (22.6s)
epoch  45/80  train_loss=0.2052  val_slot_acc=0.9804  val_loss=0.7108  val_acc=0.8879  lr=4.69e-04  (22.0s)
epoch  46/80  train_loss=0.1887  val_slot_acc=0.9817  val_loss=0.7148  val_acc=0.8935  lr=4.48e-04  (20.7s)
epoch  47/80  train_loss=0.1845  val_slot_acc=0.9856  val_loss=0.7357  val_acc=0.8957  lr=4.27e-04  (21.4s)
  -> saved new best checkpoint (val_acc=0.8957) to checkpoints/exp40a_combo_s2.pt
epoch  48/80  train_loss=0.1809  val_slot_acc=0.9895  val_loss=0.7367  val_acc=0.8893  lr=4.06e-04  (20.8s)
epoch  49/80  train_loss=0.1771  val_slot_acc=0.9856  val_loss=0.7385  val_acc=0.8907  lr=3.86e-04  (22.1s)
epoch  50/80  train_loss=0.1800  val_slot_acc=0.9843  val_loss=0.7313  val_acc=0.8886  lr=3.66e-04  (21.7s)
epoch  51/80  train_loss=0.1722  val_slot_acc=0.9869  val_loss=0.6932  val_acc=0.8978  lr=3.45e-04  (22.7s)
  -> saved new best checkpoint (val_acc=0.8978) to checkpoints/exp40a_combo_s2.pt
epoch  52/80  train_loss=0.1740  val_slot_acc=0.9856  val_loss=0.7962  val_acc=0.8900  lr=3.26e-04  (22.0s)
epoch  53/80  train_loss=0.1643  val_slot_acc=0.9856  val_loss=0.7590  val_acc=0.8900  lr=3.06e-04  (21.5s)
epoch  54/80  train_loss=0.1626  val_slot_acc=0.9895  val_loss=0.7504  val_acc=0.8886  lr=2.87e-04  (20.5s)
epoch  55/80  train_loss=0.1736  val_slot_acc=0.9869  val_loss=0.7534  val_acc=0.8964  lr=2.68e-04  (22.2s)
epoch  56/80  train_loss=0.1640  val_slot_acc=0.9882  val_loss=0.7240  val_acc=0.8985  lr=2.50e-04  (20.3s)
  -> saved new best checkpoint (val_acc=0.8985) to checkpoints/exp40a_combo_s2.pt
epoch  57/80  train_loss=0.1584  val_slot_acc=0.9882  val_loss=0.7475  val_acc=0.8893  lr=2.32e-04  (21.7s)
epoch  58/80  train_loss=0.1511  val_slot_acc=0.9843  val_loss=0.7451  val_acc=0.8914  lr=2.15e-04  (21.3s)
epoch  59/80  train_loss=0.1359  val_slot_acc=0.9908  val_loss=0.7432  val_acc=0.8914  lr=1.98e-04  (21.7s)
epoch  60/80  train_loss=0.1434  val_slot_acc=0.9922  val_loss=0.7362  val_acc=0.8964  lr=1.81e-04  (21.2s)
epoch  61/80  train_loss=0.1434  val_slot_acc=0.9856  val_loss=0.7556  val_acc=0.8928  lr=1.65e-04  (20.7s)
epoch  62/80  train_loss=0.1454  val_slot_acc=0.9843  val_loss=0.7295  val_acc=0.8964  lr=1.50e-04  (22.7s)
epoch  63/80  train_loss=0.1342  val_slot_acc=0.9817  val_loss=0.7184  val_acc=0.8978  lr=1.36e-04  (20.9s)
epoch  64/80  train_loss=0.1352  val_slot_acc=0.9856  val_loss=0.7402  val_acc=0.8943  lr=1.22e-04  (21.7s)
epoch  65/80  train_loss=0.1329  val_slot_acc=0.9856  val_loss=0.7320  val_acc=0.8957  lr=1.08e-04  (20.4s)
epoch  66/80  train_loss=0.1376  val_slot_acc=0.9882  val_loss=0.7337  val_acc=0.8999  lr=9.55e-05  (22.0s)
  -> saved new best checkpoint (val_acc=0.8999) to checkpoints/exp40a_combo_s2.pt
epoch  67/80  train_loss=0.1328  val_slot_acc=0.9856  val_loss=0.7251  val_acc=0.9006  lr=8.35e-05  (19.5s)
  -> saved new best checkpoint (val_acc=0.9006) to checkpoints/exp40a_combo_s2.pt
epoch  68/80  train_loss=0.1352  val_slot_acc=0.9843  val_loss=0.7378  val_acc=0.8992  lr=7.23e-05  (20.7s)
epoch  69/80  train_loss=0.1290  val_slot_acc=0.9817  val_loss=0.7397  val_acc=0.8964  lr=6.18e-05  (20.5s)
epoch  70/80  train_loss=0.1332  val_slot_acc=0.9843  val_loss=0.7364  val_acc=0.8992  lr=5.21e-05  (19.1s)
epoch  71/80  train_loss=0.1332  val_slot_acc=0.9856  val_loss=0.7375  val_acc=0.8985  lr=4.32e-05  (21.2s)
epoch  72/80  train_loss=0.1334  val_slot_acc=0.9856  val_loss=0.7266  val_acc=0.8992  lr=3.51e-05  (19.7s)
epoch  73/80  train_loss=0.1419  val_slot_acc=0.9869  val_loss=0.7338  val_acc=0.9006  lr=2.78e-05  (20.7s)
epoch  74/80  train_loss=0.1260  val_slot_acc=0.9856  val_loss=0.7363  val_acc=0.8992  lr=2.13e-05  (20.4s)
epoch  75/80  train_loss=0.1321  val_slot_acc=0.9843  val_loss=0.7315  val_acc=0.8999  lr=1.57e-05  (19.2s)
epoch  76/80  train_loss=0.1286  val_slot_acc=0.9856  val_loss=0.7337  val_acc=0.8999  lr=1.09e-05  (20.8s)
epoch  77/80  train_loss=0.1224  val_slot_acc=0.9869  val_loss=0.7309  val_acc=0.8992  lr=7.00e-06  (20.5s)
epoch  78/80  train_loss=0.1291  val_slot_acc=0.9856  val_loss=0.7264  val_acc=0.9006  lr=3.94e-06  (20.8s)
epoch  79/80  train_loss=0.1145  val_slot_acc=0.9856  val_loss=0.7311  val_acc=0.8992  lr=1.75e-06  (15.6s)
epoch  80/80  train_loss=0.1303  val_slot_acc=0.9869  val_loss=0.7334  val_acc=0.8985  lr=4.39e-07  (14.4s)

Done. Best val_acc=0.9006, checkpoint at checkpoints/exp40a_combo_s2.pt
