Using device: cuda, model: crnn, augment: True, seed: 1
Feature config: {'window_s': 5.0, 'trim': True}
Waveform augmentation on, noise bank: 11 train-split clips
--extra-oos-clips: 1500 numerals clips added as OUT_OF_SCOPE
train: 10773 examples (train_fraction=1.0), val: 1409 examples
Using knowledge distillation (weight=1.0, temperature=3.0) from data/me2/ensemble40_labels.csv
Slot heads on: 5229 labeled train clips, weight 0.3
Using ConfusablePairLoss (alpha=2.0, gamma=0.0, label_smoothing=0.0)
Model params: 181,936
epoch   1/80  train_loss=18.5294  val_slot_acc=0.3255  val_loss=3.5926  val_acc=0.0958  lr=1.00e-05  (24.7s)
  -> saved new best checkpoint (val_acc=0.0958) to checkpoints/exp41b_combo_distill40_s1.pt
epoch   2/80  train_loss=17.7300  val_slot_acc=0.3516  val_loss=3.5292  val_acc=0.1718  lr=2.08e-04  (22.9s)
  -> saved new best checkpoint (val_acc=0.1718) to checkpoints/exp41b_combo_distill40_s1.pt
epoch   3/80  train_loss=16.0721  val_slot_acc=0.4013  val_loss=3.4234  val_acc=0.1980  lr=4.06e-04  (23.6s)
  -> saved new best checkpoint (val_acc=0.1980) to checkpoints/exp41b_combo_distill40_s1.pt
epoch   4/80  train_loss=14.8735  val_slot_acc=0.4497  val_loss=3.3286  val_acc=0.3172  lr=6.04e-04  (23.0s)
  -> saved new best checkpoint (val_acc=0.3172) to checkpoints/exp41b_combo_distill40_s1.pt
epoch   5/80  train_loss=12.6755  val_slot_acc=0.5163  val_loss=2.8903  val_acc=0.5117  lr=8.02e-04  (23.2s)
  -> saved new best checkpoint (val_acc=0.5117) to checkpoints/exp41b_combo_distill40_s1.pt
epoch   6/80  train_loss=8.9707  val_slot_acc=0.6235  val_loss=2.2854  val_acc=0.6721  lr=1.00e-03  (22.0s)
  -> saved new best checkpoint (val_acc=0.6721) to checkpoints/exp41b_combo_distill40_s1.pt
epoch   7/80  train_loss=6.4509  val_slot_acc=0.6771  val_loss=1.9652  val_acc=0.7480  lr=1.00e-03  (21.8s)
  -> saved new best checkpoint (val_acc=0.7480) to checkpoints/exp41b_combo_distill40_s1.pt
epoch   8/80  train_loss=5.1523  val_slot_acc=0.7281  val_loss=1.4754  val_acc=0.7885  lr=9.98e-04  (22.2s)
  -> saved new best checkpoint (val_acc=0.7885) to checkpoints/exp41b_combo_distill40_s1.pt
epoch   9/80  train_loss=4.2004  val_slot_acc=0.7333  val_loss=1.4898  val_acc=0.8084  lr=9.96e-04  (22.6s)
  -> saved new best checkpoint (val_acc=0.8084) to checkpoints/exp41b_combo_distill40_s1.pt
epoch  10/80  train_loss=3.6355  val_slot_acc=0.7725  val_loss=1.3604  val_acc=0.8155  lr=9.93e-04  (21.6s)
  -> saved new best checkpoint (val_acc=0.8155) to checkpoints/exp41b_combo_distill40_s1.pt
epoch  11/80  train_loss=3.1037  val_slot_acc=0.8392  val_loss=1.1463  val_acc=0.8361  lr=9.89e-04  (23.6s)
  -> saved new best checkpoint (val_acc=0.8361) to checkpoints/exp41b_combo_distill40_s1.pt
epoch  12/80  train_loss=2.8175  val_slot_acc=0.8275  val_loss=1.1634  val_acc=0.8275  lr=9.84e-04  (22.8s)
epoch  13/80  train_loss=2.4891  val_slot_acc=0.8444  val_loss=1.0989  val_acc=0.8474  lr=9.79e-04  (21.1s)
  -> saved new best checkpoint (val_acc=0.8474) to checkpoints/exp41b_combo_distill40_s1.pt
epoch  14/80  train_loss=2.3263  val_slot_acc=0.8837  val_loss=1.0242  val_acc=0.8502  lr=9.72e-04  (24.0s)
  -> saved new best checkpoint (val_acc=0.8502) to checkpoints/exp41b_combo_distill40_s1.pt
epoch  15/80  train_loss=2.1175  val_slot_acc=0.9150  val_loss=0.9124  val_acc=0.8602  lr=9.65e-04  (22.9s)
  -> saved new best checkpoint (val_acc=0.8602) to checkpoints/exp41b_combo_distill40_s1.pt
epoch  16/80  train_loss=2.0147  val_slot_acc=0.9007  val_loss=0.9738  val_acc=0.8616  lr=9.57e-04  (21.1s)
  -> saved new best checkpoint (val_acc=0.8616) to checkpoints/exp41b_combo_distill40_s1.pt
epoch  17/80  train_loss=1.8304  val_slot_acc=0.9242  val_loss=0.9460  val_acc=0.8595  lr=9.48e-04  (23.4s)
epoch  18/80  train_loss=1.7926  val_slot_acc=0.9373  val_loss=0.9040  val_acc=0.8673  lr=9.38e-04  (21.7s)
  -> saved new best checkpoint (val_acc=0.8673) to checkpoints/exp41b_combo_distill40_s1.pt
epoch  19/80  train_loss=1.6674  val_slot_acc=0.9320  val_loss=0.8257  val_acc=0.8708  lr=9.28e-04  (23.9s)
  -> saved new best checkpoint (val_acc=0.8708) to checkpoints/exp41b_combo_distill40_s1.pt
epoch  20/80  train_loss=1.6246  val_slot_acc=0.9373  val_loss=0.8111  val_acc=0.8708  lr=9.16e-04  (23.8s)
epoch  21/80  train_loss=1.5736  val_slot_acc=0.9294  val_loss=0.8523  val_acc=0.8737  lr=9.05e-04  (24.3s)
  -> saved new best checkpoint (val_acc=0.8737) to checkpoints/exp41b_combo_distill40_s1.pt
epoch  22/80  train_loss=1.4737  val_slot_acc=0.9451  val_loss=0.9039  val_acc=0.8659  lr=8.92e-04  (23.4s)
epoch  23/80  train_loss=1.4617  val_slot_acc=0.9556  val_loss=0.8120  val_acc=0.8793  lr=8.78e-04  (20.5s)
  -> saved new best checkpoint (val_acc=0.8793) to checkpoints/exp41b_combo_distill40_s1.pt
epoch  24/80  train_loss=1.4040  val_slot_acc=0.9490  val_loss=0.7807  val_acc=0.8779  lr=8.64e-04  (20.7s)
epoch  25/80  train_loss=1.3303  val_slot_acc=0.9490  val_loss=0.8274  val_acc=0.8730  lr=8.50e-04  (20.8s)
epoch  26/80  train_loss=1.3035  val_slot_acc=0.9503  val_loss=0.8441  val_acc=0.8765  lr=8.35e-04  (22.4s)
epoch  27/80  train_loss=1.2565  val_slot_acc=0.9582  val_loss=0.7932  val_acc=0.8808  lr=8.19e-04  (22.6s)
  -> saved new best checkpoint (val_acc=0.8808) to checkpoints/exp41b_combo_distill40_s1.pt
epoch  28/80  train_loss=1.2444  val_slot_acc=0.9438  val_loss=0.7232  val_acc=0.8879  lr=8.02e-04  (21.5s)
  -> saved new best checkpoint (val_acc=0.8879) to checkpoints/exp41b_combo_distill40_s1.pt
epoch  29/80  train_loss=1.1883  val_slot_acc=0.9556  val_loss=0.7267  val_acc=0.8886  lr=7.85e-04  (23.7s)
  -> saved new best checkpoint (val_acc=0.8886) to checkpoints/exp41b_combo_distill40_s1.pt
epoch  30/80  train_loss=1.2252  val_slot_acc=0.9686  val_loss=0.7114  val_acc=0.8843  lr=7.68e-04  (23.0s)
epoch  31/80  train_loss=1.1651  val_slot_acc=0.9595  val_loss=0.7132  val_acc=0.8971  lr=7.50e-04  (23.0s)
  -> saved new best checkpoint (val_acc=0.8971) to checkpoints/exp41b_combo_distill40_s1.pt
epoch  32/80  train_loss=1.1274  val_slot_acc=0.9608  val_loss=0.7511  val_acc=0.8850  lr=7.32e-04  (22.8s)
epoch  33/80  train_loss=1.0927  val_slot_acc=0.9621  val_loss=0.7025  val_acc=0.8886  lr=7.13e-04  (23.6s)
epoch  34/80  train_loss=1.0407  val_slot_acc=0.9621  val_loss=0.6870  val_acc=0.8872  lr=6.94e-04  (23.6s)
epoch  35/80  train_loss=1.0704  val_slot_acc=0.9634  val_loss=0.6736  val_acc=0.8935  lr=6.74e-04  (22.9s)
epoch  36/80  train_loss=1.0150  val_slot_acc=0.9569  val_loss=0.6650  val_acc=0.8992  lr=6.55e-04  (23.3s)
  -> saved new best checkpoint (val_acc=0.8992) to checkpoints/exp41b_combo_distill40_s1.pt
epoch  37/80  train_loss=1.0068  val_slot_acc=0.9673  val_loss=0.7382  val_acc=0.8943  lr=6.34e-04  (22.2s)
epoch  38/80  train_loss=0.9986  val_slot_acc=0.9699  val_loss=0.6751  val_acc=0.9013  lr=6.14e-04  (22.5s)
  -> saved new best checkpoint (val_acc=0.9013) to checkpoints/exp41b_combo_distill40_s1.pt
epoch  39/80  train_loss=0.9548  val_slot_acc=0.9686  val_loss=0.6565  val_acc=0.9006  lr=5.94e-04  (20.8s)
epoch  40/80  train_loss=0.9606  val_slot_acc=0.9686  val_loss=0.6709  val_acc=0.8943  lr=5.73e-04  (21.0s)
epoch  41/80  train_loss=0.9419  val_slot_acc=0.9542  val_loss=0.6886  val_acc=0.8971  lr=5.52e-04  (21.9s)
epoch  42/80  train_loss=0.9279  val_slot_acc=0.9686  val_loss=0.6788  val_acc=0.8999  lr=5.31e-04  (19.7s)
epoch  43/80  train_loss=0.9176  val_slot_acc=0.9699  val_loss=0.7005  val_acc=0.8928  lr=5.10e-04  (21.9s)
epoch  44/80  train_loss=0.9282  val_slot_acc=0.9660  val_loss=0.6629  val_acc=0.8999  lr=4.90e-04  (21.9s)
epoch  45/80  train_loss=0.8865  val_slot_acc=0.9608  val_loss=0.6288  val_acc=0.9028  lr=4.69e-04  (22.7s)
  -> saved new best checkpoint (val_acc=0.9028) to checkpoints/exp41b_combo_distill40_s1.pt
epoch  46/80  train_loss=0.8810  val_slot_acc=0.9699  val_loss=0.6426  val_acc=0.9042  lr=4.48e-04  (23.4s)
  -> saved new best checkpoint (val_acc=0.9042) to checkpoints/exp41b_combo_distill40_s1.pt
epoch  47/80  train_loss=0.8647  val_slot_acc=0.9739  val_loss=0.6498  val_acc=0.9042  lr=4.27e-04  (22.1s)
epoch  48/80  train_loss=0.8653  val_slot_acc=0.9660  val_loss=0.6704  val_acc=0.8957  lr=4.06e-04  (23.0s)
epoch  49/80  train_loss=0.8307  val_slot_acc=0.9660  val_loss=0.6712  val_acc=0.9006  lr=3.86e-04  (21.3s)
epoch  50/80  train_loss=0.8348  val_slot_acc=0.9699  val_loss=0.6263  val_acc=0.9042  lr=3.66e-04  (20.8s)
epoch  51/80  train_loss=0.8527  val_slot_acc=0.9634  val_loss=0.6242  val_acc=0.9070  lr=3.45e-04  (21.0s)
  -> saved new best checkpoint (val_acc=0.9070) to checkpoints/exp41b_combo_distill40_s1.pt
epoch  52/80  train_loss=0.8237  val_slot_acc=0.9673  val_loss=0.6307  val_acc=0.9049  lr=3.26e-04  (20.7s)
epoch  53/80  train_loss=0.7859  val_slot_acc=0.9660  val_loss=0.6701  val_acc=0.8978  lr=3.06e-04  (21.9s)
epoch  54/80  train_loss=0.7851  val_slot_acc=0.9634  val_loss=0.6535  val_acc=0.9021  lr=2.87e-04  (21.2s)
epoch  55/80  train_loss=0.7501  val_slot_acc=0.9660  val_loss=0.6546  val_acc=0.9021  lr=2.68e-04  (22.6s)
epoch  56/80  train_loss=0.7801  val_slot_acc=0.9699  val_loss=0.6563  val_acc=0.9056  lr=2.50e-04  (23.7s)
epoch  57/80  train_loss=0.7948  val_slot_acc=0.9634  val_loss=0.6393  val_acc=0.9035  lr=2.32e-04  (22.7s)
epoch  58/80  train_loss=0.7725  val_slot_acc=0.9660  val_loss=0.6321  val_acc=0.9056  lr=2.15e-04  (22.4s)
epoch  59/80  train_loss=0.7644  val_slot_acc=0.9686  val_loss=0.6581  val_acc=0.9021  lr=1.98e-04  (22.5s)
epoch  60/80  train_loss=0.7296  val_slot_acc=0.9673  val_loss=0.6334  val_acc=0.9042  lr=1.81e-04  (23.0s)
epoch  61/80  train_loss=0.7500  val_slot_acc=0.9699  val_loss=0.6435  val_acc=0.9028  lr=1.65e-04  (22.0s)
epoch  62/80  train_loss=0.7204  val_slot_acc=0.9686  val_loss=0.6261  val_acc=0.9042  lr=1.50e-04  (20.6s)
epoch  63/80  train_loss=0.7489  val_slot_acc=0.9725  val_loss=0.6344  val_acc=0.9035  lr=1.36e-04  (21.5s)
epoch  64/80  train_loss=0.7401  val_slot_acc=0.9686  val_loss=0.6487  val_acc=0.9013  lr=1.22e-04  (21.1s)
epoch  65/80  train_loss=0.7203  val_slot_acc=0.9647  val_loss=0.6253  val_acc=0.9077  lr=1.08e-04  (21.1s)
  -> saved new best checkpoint (val_acc=0.9077) to checkpoints/exp41b_combo_distill40_s1.pt
epoch  66/80  train_loss=0.6917  val_slot_acc=0.9647  val_loss=0.6258  val_acc=0.9063  lr=9.55e-05  (21.5s)
epoch  67/80  train_loss=0.7456  val_slot_acc=0.9673  val_loss=0.6238  val_acc=0.9035  lr=8.35e-05  (21.1s)
epoch  68/80  train_loss=0.7326  val_slot_acc=0.9686  val_loss=0.6215  val_acc=0.9042  lr=7.23e-05  (22.2s)
epoch  69/80  train_loss=0.7070  val_slot_acc=0.9673  val_loss=0.6170  val_acc=0.9042  lr=6.18e-05  (20.3s)
epoch  70/80  train_loss=0.7123  val_slot_acc=0.9673  val_loss=0.6164  val_acc=0.9035  lr=5.21e-05  (22.9s)
epoch  71/80  train_loss=0.7023  val_slot_acc=0.9673  val_loss=0.6116  val_acc=0.9049  lr=4.32e-05  (23.0s)
epoch  72/80  train_loss=0.7122  val_slot_acc=0.9660  val_loss=0.6162  val_acc=0.9070  lr=3.51e-05  (19.1s)
epoch  73/80  train_loss=0.6986  val_slot_acc=0.9686  val_loss=0.6101  val_acc=0.9070  lr=2.78e-05  (21.9s)
epoch  74/80  train_loss=0.7115  val_slot_acc=0.9673  val_loss=0.6124  val_acc=0.9056  lr=2.13e-05  (22.5s)
epoch  75/80  train_loss=0.6950  val_slot_acc=0.9660  val_loss=0.6108  val_acc=0.9084  lr=1.57e-05  (21.6s)
  -> saved new best checkpoint (val_acc=0.9084) to checkpoints/exp41b_combo_distill40_s1.pt
epoch  76/80  train_loss=0.7020  val_slot_acc=0.9686  val_loss=0.6125  val_acc=0.9077  lr=1.09e-05  (21.3s)
epoch  77/80  train_loss=0.7015  val_slot_acc=0.9673  val_loss=0.6139  val_acc=0.9070  lr=7.00e-06  (21.9s)
epoch  78/80  train_loss=0.7103  val_slot_acc=0.9673  val_loss=0.6152  val_acc=0.9070  lr=3.94e-06  (20.8s)
epoch  79/80  train_loss=0.6881  val_slot_acc=0.9673  val_loss=0.6185  val_acc=0.9063  lr=1.75e-06  (21.3s)
epoch  80/80  train_loss=0.6908  val_slot_acc=0.9673  val_loss=0.6156  val_acc=0.9070  lr=4.39e-07  (16.3s)

Done. Best val_acc=0.9084, checkpoint at checkpoints/exp41b_combo_distill40_s1.pt
