Using device: cuda, model: crnn, augment: False, seed: 1
Feature config: {'window_s': 5.0, 'trim': True}
Waveform augmentation on, noise bank: 11 train-split clips
train: 9273 examples (train_fraction=1.0), val: 1409 examples
Slot heads on: 5229 labeled train clips, weight 0.3
Using ConfusablePairLoss (alpha=2.0, gamma=0.0, label_smoothing=0.0)
Model params: 192,957
epoch   1/80  train_loss=3.3626  val_slot_acc=0.3451  val_loss=3.1498  val_acc=0.0859  lr=1.00e-05  (23.3s)
  -> saved new best checkpoint (val_acc=0.0859) to checkpoints/exp39j_wide_s1.pt
epoch   2/80  train_loss=3.3044  val_slot_acc=0.3843  val_loss=3.0559  val_acc=0.1682  lr=2.08e-04  (21.7s)
  -> saved new best checkpoint (val_acc=0.1682) to checkpoints/exp39j_wide_s1.pt
epoch   3/80  train_loss=2.9860  val_slot_acc=0.4536  val_loss=2.7295  val_acc=0.3215  lr=4.06e-04  (20.7s)
  -> saved new best checkpoint (val_acc=0.3215) to checkpoints/exp39j_wide_s1.pt
epoch   4/80  train_loss=2.3765  val_slot_acc=0.7320  val_loss=1.9085  val_acc=0.5969  lr=6.04e-04  (26.0s)
  -> saved new best checkpoint (val_acc=0.5969) to checkpoints/exp39j_wide_s1.pt
epoch   5/80  train_loss=1.7289  val_slot_acc=0.8157  val_loss=1.4528  val_acc=0.7197  lr=8.02e-04  (20.6s)
  -> saved new best checkpoint (val_acc=0.7197) to checkpoints/exp39j_wide_s1.pt
epoch   6/80  train_loss=1.3370  val_slot_acc=0.8980  val_loss=1.2448  val_acc=0.7559  lr=1.00e-03  (20.6s)
  -> saved new best checkpoint (val_acc=0.7559) to checkpoints/exp39j_wide_s1.pt
epoch   7/80  train_loss=1.0766  val_slot_acc=0.9242  val_loss=1.0944  val_acc=0.7949  lr=1.00e-03  (19.3s)
  -> saved new best checkpoint (val_acc=0.7949) to checkpoints/exp39j_wide_s1.pt
epoch   8/80  train_loss=0.9116  val_slot_acc=0.9425  val_loss=0.9945  val_acc=0.8155  lr=9.98e-04  (21.2s)
  -> saved new best checkpoint (val_acc=0.8155) to checkpoints/exp39j_wide_s1.pt
epoch   9/80  train_loss=0.8126  val_slot_acc=0.9490  val_loss=0.8997  val_acc=0.8417  lr=9.96e-04  (21.7s)
  -> saved new best checkpoint (val_acc=0.8417) to checkpoints/exp39j_wide_s1.pt
epoch  10/80  train_loss=0.7152  val_slot_acc=0.9542  val_loss=0.8300  val_acc=0.8488  lr=9.93e-04  (20.1s)
  -> saved new best checkpoint (val_acc=0.8488) to checkpoints/exp39j_wide_s1.pt
epoch  11/80  train_loss=0.6446  val_slot_acc=0.9660  val_loss=0.7617  val_acc=0.8524  lr=9.89e-04  (21.3s)
  -> saved new best checkpoint (val_acc=0.8524) to checkpoints/exp39j_wide_s1.pt
epoch  12/80  train_loss=0.5977  val_slot_acc=0.9673  val_loss=0.8134  val_acc=0.8424  lr=9.84e-04  (20.6s)
epoch  13/80  train_loss=0.5538  val_slot_acc=0.9725  val_loss=0.8372  val_acc=0.8481  lr=9.79e-04  (21.1s)
epoch  14/80  train_loss=0.5065  val_slot_acc=0.9686  val_loss=0.7425  val_acc=0.8652  lr=9.72e-04  (20.6s)
  -> saved new best checkpoint (val_acc=0.8652) to checkpoints/exp39j_wide_s1.pt
epoch  15/80  train_loss=0.4769  val_slot_acc=0.9712  val_loss=0.7837  val_acc=0.8581  lr=9.65e-04  (18.4s)
epoch  16/80  train_loss=0.4488  val_slot_acc=0.9725  val_loss=0.7102  val_acc=0.8722  lr=9.57e-04  (19.2s)
  -> saved new best checkpoint (val_acc=0.8722) to checkpoints/exp39j_wide_s1.pt
epoch  17/80  train_loss=0.4205  val_slot_acc=0.9765  val_loss=0.6990  val_acc=0.8694  lr=9.48e-04  (19.8s)
epoch  18/80  train_loss=0.4047  val_slot_acc=0.9739  val_loss=0.7002  val_acc=0.8694  lr=9.38e-04  (31.6s)
epoch  19/80  train_loss=0.3850  val_slot_acc=0.9752  val_loss=0.7180  val_acc=0.8652  lr=9.28e-04  (20.1s)
epoch  20/80  train_loss=0.3532  val_slot_acc=0.9725  val_loss=0.7595  val_acc=0.8630  lr=9.16e-04  (19.5s)
epoch  21/80  train_loss=0.3388  val_slot_acc=0.9804  val_loss=0.7061  val_acc=0.8715  lr=9.05e-04  (20.4s)
epoch  22/80  train_loss=0.3066  val_slot_acc=0.9765  val_loss=0.7411  val_acc=0.8694  lr=8.92e-04  (18.9s)
epoch  23/80  train_loss=0.3057  val_slot_acc=0.9752  val_loss=0.6775  val_acc=0.8829  lr=8.78e-04  (20.1s)
  -> saved new best checkpoint (val_acc=0.8829) to checkpoints/exp39j_wide_s1.pt
epoch  24/80  train_loss=0.2893  val_slot_acc=0.9765  val_loss=0.7498  val_acc=0.8772  lr=8.64e-04  (21.2s)
epoch  25/80  train_loss=0.2639  val_slot_acc=0.9686  val_loss=0.6781  val_acc=0.8715  lr=8.50e-04  (19.2s)
epoch  26/80  train_loss=0.2523  val_slot_acc=0.9739  val_loss=0.7410  val_acc=0.8722  lr=8.35e-04  (20.6s)
epoch  27/80  train_loss=0.2341  val_slot_acc=0.9765  val_loss=0.6630  val_acc=0.8843  lr=8.19e-04  (20.9s)
  -> saved new best checkpoint (val_acc=0.8843) to checkpoints/exp39j_wide_s1.pt
epoch  28/80  train_loss=0.2425  val_slot_acc=0.9765  val_loss=0.6439  val_acc=0.8872  lr=8.02e-04  (20.0s)
  -> saved new best checkpoint (val_acc=0.8872) to checkpoints/exp39j_wide_s1.pt
epoch  29/80  train_loss=0.2395  val_slot_acc=0.9699  val_loss=0.6447  val_acc=0.8772  lr=7.85e-04  (19.4s)
epoch  30/80  train_loss=0.2106  val_slot_acc=0.9739  val_loss=0.6508  val_acc=0.8914  lr=7.68e-04  (18.3s)
  -> saved new best checkpoint (val_acc=0.8914) to checkpoints/exp39j_wide_s1.pt
epoch  31/80  train_loss=0.2081  val_slot_acc=0.9725  val_loss=0.6323  val_acc=0.8907  lr=7.50e-04  (19.6s)
epoch  32/80  train_loss=0.1916  val_slot_acc=0.9778  val_loss=0.6341  val_acc=0.8950  lr=7.32e-04  (19.1s)
  -> saved new best checkpoint (val_acc=0.8950) to checkpoints/exp39j_wide_s1.pt
epoch  33/80  train_loss=0.1912  val_slot_acc=0.9843  val_loss=0.6677  val_acc=0.8907  lr=7.13e-04  (18.5s)
epoch  34/80  train_loss=0.1856  val_slot_acc=0.9765  val_loss=0.6612  val_acc=0.8793  lr=6.94e-04  (20.1s)
epoch  35/80  train_loss=0.1851  val_slot_acc=0.9791  val_loss=0.6326  val_acc=0.8872  lr=6.74e-04  (20.1s)
epoch  36/80  train_loss=0.1590  val_slot_acc=0.9752  val_loss=0.6365  val_acc=0.8893  lr=6.55e-04  (19.3s)
epoch  37/80  train_loss=0.1660  val_slot_acc=0.9778  val_loss=0.6304  val_acc=0.8957  lr=6.34e-04  (20.7s)
  -> saved new best checkpoint (val_acc=0.8957) to checkpoints/exp39j_wide_s1.pt
epoch  38/80  train_loss=0.1536  val_slot_acc=0.9804  val_loss=0.6533  val_acc=0.8914  lr=6.14e-04  (20.1s)
epoch  39/80  train_loss=0.1437  val_slot_acc=0.9725  val_loss=0.6172  val_acc=0.8921  lr=5.94e-04  (19.9s)
epoch  40/80  train_loss=0.1283  val_slot_acc=0.9765  val_loss=0.6013  val_acc=0.8978  lr=5.73e-04  (20.4s)
  -> saved new best checkpoint (val_acc=0.8978) to checkpoints/exp39j_wide_s1.pt
epoch  41/80  train_loss=0.1292  val_slot_acc=0.9804  val_loss=0.6550  val_acc=0.8886  lr=5.52e-04  (20.7s)
epoch  42/80  train_loss=0.1235  val_slot_acc=0.9752  val_loss=0.6015  val_acc=0.8893  lr=5.31e-04  (21.6s)
epoch  43/80  train_loss=0.1302  val_slot_acc=0.9765  val_loss=0.6469  val_acc=0.8850  lr=5.10e-04  (20.7s)
epoch  44/80  train_loss=0.1164  val_slot_acc=0.9778  val_loss=0.6429  val_acc=0.8935  lr=4.90e-04  (22.2s)
epoch  45/80  train_loss=0.1071  val_slot_acc=0.9817  val_loss=0.6740  val_acc=0.8850  lr=4.69e-04  (20.2s)
epoch  46/80  train_loss=0.1153  val_slot_acc=0.9725  val_loss=0.6723  val_acc=0.8914  lr=4.48e-04  (19.7s)
epoch  47/80  train_loss=0.1150  val_slot_acc=0.9765  val_loss=0.6533  val_acc=0.8886  lr=4.27e-04  (20.8s)
epoch  48/80  train_loss=0.0966  val_slot_acc=0.9765  val_loss=0.6342  val_acc=0.8950  lr=4.06e-04  (20.0s)
epoch  49/80  train_loss=0.1012  val_slot_acc=0.9765  val_loss=0.6511  val_acc=0.8907  lr=3.86e-04  (20.6s)
epoch  50/80  train_loss=0.0983  val_slot_acc=0.9778  val_loss=0.6350  val_acc=0.8950  lr=3.66e-04  (20.3s)
epoch  51/80  train_loss=0.0876  val_slot_acc=0.9791  val_loss=0.6277  val_acc=0.8992  lr=3.45e-04  (20.8s)
  -> saved new best checkpoint (val_acc=0.8992) to checkpoints/exp39j_wide_s1.pt
epoch  52/80  train_loss=0.0897  val_slot_acc=0.9791  val_loss=0.6402  val_acc=0.8950  lr=3.26e-04  (20.7s)
epoch  53/80  train_loss=0.0923  val_slot_acc=0.9791  val_loss=0.6264  val_acc=0.8935  lr=3.06e-04  (19.9s)
epoch  54/80  train_loss=0.0799  val_slot_acc=0.9752  val_loss=0.6199  val_acc=0.8928  lr=2.87e-04  (20.7s)
epoch  55/80  train_loss=0.0846  val_slot_acc=0.9778  val_loss=0.6046  val_acc=0.9006  lr=2.68e-04  (21.2s)
  -> saved new best checkpoint (val_acc=0.9006) to checkpoints/exp39j_wide_s1.pt
epoch  56/80  train_loss=0.0829  val_slot_acc=0.9778  val_loss=0.6650  val_acc=0.8928  lr=2.50e-04  (19.2s)
epoch  57/80  train_loss=0.0825  val_slot_acc=0.9778  val_loss=0.6048  val_acc=0.8985  lr=2.32e-04  (21.2s)
epoch  58/80  train_loss=0.0815  val_slot_acc=0.9778  val_loss=0.6209  val_acc=0.8971  lr=2.15e-04  (20.7s)
epoch  59/80  train_loss=0.0749  val_slot_acc=0.9752  val_loss=0.6256  val_acc=0.8964  lr=1.98e-04  (21.3s)
epoch  60/80  train_loss=0.0753  val_slot_acc=0.9791  val_loss=0.5995  val_acc=0.8978  lr=1.81e-04  (21.2s)
epoch  61/80  train_loss=0.0664  val_slot_acc=0.9778  val_loss=0.6181  val_acc=0.8985  lr=1.65e-04  (20.2s)
epoch  62/80  train_loss=0.0658  val_slot_acc=0.9791  val_loss=0.6012  val_acc=0.8992  lr=1.50e-04  (20.8s)
epoch  63/80  train_loss=0.0659  val_slot_acc=0.9791  val_loss=0.5863  val_acc=0.8992  lr=1.36e-04  (20.3s)
epoch  64/80  train_loss=0.0662  val_slot_acc=0.9778  val_loss=0.5880  val_acc=0.8992  lr=1.22e-04  (21.1s)
epoch  65/80  train_loss=0.0661  val_slot_acc=0.9778  val_loss=0.6065  val_acc=0.8985  lr=1.08e-04  (20.6s)
epoch  66/80  train_loss=0.0628  val_slot_acc=0.9778  val_loss=0.6088  val_acc=0.8992  lr=9.55e-05  (19.7s)
epoch  67/80  train_loss=0.0679  val_slot_acc=0.9778  val_loss=0.6238  val_acc=0.8985  lr=8.35e-05  (20.8s)
epoch  68/80  train_loss=0.0629  val_slot_acc=0.9778  val_loss=0.6229  val_acc=0.8978  lr=7.23e-05  (19.8s)
epoch  69/80  train_loss=0.0569  val_slot_acc=0.9778  val_loss=0.6209  val_acc=0.9013  lr=6.18e-05  (20.8s)
  -> saved new best checkpoint (val_acc=0.9013) to checkpoints/exp39j_wide_s1.pt
epoch  70/80  train_loss=0.0604  val_slot_acc=0.9778  val_loss=0.6162  val_acc=0.9013  lr=5.21e-05  (21.2s)
epoch  71/80  train_loss=0.0642  val_slot_acc=0.9778  val_loss=0.6116  val_acc=0.9013  lr=4.32e-05  (21.1s)
epoch  72/80  train_loss=0.0570  val_slot_acc=0.9778  val_loss=0.6108  val_acc=0.9006  lr=3.51e-05  (21.6s)
epoch  73/80  train_loss=0.0631  val_slot_acc=0.9778  val_loss=0.6180  val_acc=0.8978  lr=2.78e-05  (19.2s)
epoch  74/80  train_loss=0.0613  val_slot_acc=0.9778  val_loss=0.6182  val_acc=0.8985  lr=2.13e-05  (20.8s)
epoch  75/80  train_loss=0.0619  val_slot_acc=0.9778  val_loss=0.6164  val_acc=0.8957  lr=1.57e-05  (17.2s)
epoch  76/80  train_loss=0.0582  val_slot_acc=0.9778  val_loss=0.6080  val_acc=0.8985  lr=1.09e-05  (16.4s)
epoch  77/80  train_loss=0.0588  val_slot_acc=0.9778  val_loss=0.6071  val_acc=0.8992  lr=7.00e-06  (16.2s)
epoch  78/80  train_loss=0.0524  val_slot_acc=0.9778  val_loss=0.6059  val_acc=0.8999  lr=3.94e-06  (15.9s)
epoch  79/80  train_loss=0.0633  val_slot_acc=0.9778  val_loss=0.6058  val_acc=0.9013  lr=1.75e-06  (15.3s)
epoch  80/80  train_loss=0.0640  val_slot_acc=0.9778  val_loss=0.6088  val_acc=0.9006  lr=4.39e-07  (14.7s)

Done. Best val_acc=0.9013, checkpoint at checkpoints/exp39j_wide_s1.pt
