Using device: cuda, model: crnn, augment: False, seed: 2
Feature config: {'window_s': 5.0, 'trim': True}
Waveform augmentation on, noise bank: 11 train-split clips
train: 9273 examples (train_fraction=1.0), val: 1409 examples
Slot heads on: 5229 labeled train clips, weight 0.3
Using ConfusablePairLoss (alpha=2.0, gamma=0.0, label_smoothing=0.0)
Model params: 99,373
epoch   1/80  train_loss=3.3658  val_slot_acc=0.3373  val_loss=3.1552  val_acc=0.0177  lr=1.00e-05  (37.7s)
  -> saved new best checkpoint (val_acc=0.0177) to checkpoints/exp39b_speedwide_s2.pt
epoch   2/80  train_loss=3.3159  val_slot_acc=0.3856  val_loss=3.0641  val_acc=0.1675  lr=2.08e-04  (26.6s)
  -> saved new best checkpoint (val_acc=0.1675) to checkpoints/exp39b_speedwide_s2.pt
epoch   3/80  train_loss=3.0828  val_slot_acc=0.4418  val_loss=2.7107  val_acc=0.2505  lr=4.06e-04  (23.6s)
  -> saved new best checkpoint (val_acc=0.2505) to checkpoints/exp39b_speedwide_s2.pt
epoch   4/80  train_loss=2.7280  val_slot_acc=0.5333  val_loss=2.3726  val_acc=0.4684  lr=6.04e-04  (26.7s)
  -> saved new best checkpoint (val_acc=0.4684) to checkpoints/exp39b_speedwide_s2.pt
epoch   5/80  train_loss=2.2170  val_slot_acc=0.6601  val_loss=1.9126  val_acc=0.6004  lr=8.02e-04  (24.7s)
  -> saved new best checkpoint (val_acc=0.6004) to checkpoints/exp39b_speedwide_s2.pt
epoch   6/80  train_loss=1.7624  val_slot_acc=0.6170  val_loss=1.9488  val_acc=0.6253  lr=1.00e-03  (26.2s)
  -> saved new best checkpoint (val_acc=0.6253) to checkpoints/exp39b_speedwide_s2.pt
epoch   7/80  train_loss=1.4436  val_slot_acc=0.8458  val_loss=1.3403  val_acc=0.7367  lr=1.00e-03  (24.1s)
  -> saved new best checkpoint (val_acc=0.7367) to checkpoints/exp39b_speedwide_s2.pt
epoch   8/80  train_loss=1.2444  val_slot_acc=0.9046  val_loss=1.2072  val_acc=0.7743  lr=9.98e-04  (25.7s)
  -> saved new best checkpoint (val_acc=0.7743) to checkpoints/exp39b_speedwide_s2.pt
epoch   9/80  train_loss=1.1023  val_slot_acc=0.9176  val_loss=1.1496  val_acc=0.7949  lr=9.96e-04  (25.6s)
  -> saved new best checkpoint (val_acc=0.7949) to checkpoints/exp39b_speedwide_s2.pt
epoch  10/80  train_loss=0.9855  val_slot_acc=0.9137  val_loss=1.0773  val_acc=0.8148  lr=9.93e-04  (24.1s)
  -> saved new best checkpoint (val_acc=0.8148) to checkpoints/exp39b_speedwide_s2.pt
epoch  11/80  train_loss=0.9038  val_slot_acc=0.9242  val_loss=0.9982  val_acc=0.8105  lr=9.89e-04  (26.0s)
epoch  12/80  train_loss=0.8268  val_slot_acc=0.9451  val_loss=0.9588  val_acc=0.8219  lr=9.84e-04  (24.3s)
  -> saved new best checkpoint (val_acc=0.8219) to checkpoints/exp39b_speedwide_s2.pt
epoch  13/80  train_loss=0.7814  val_slot_acc=0.9373  val_loss=0.9926  val_acc=0.8226  lr=9.79e-04  (26.2s)
  -> saved new best checkpoint (val_acc=0.8226) to checkpoints/exp39b_speedwide_s2.pt
epoch  14/80  train_loss=0.7398  val_slot_acc=0.9556  val_loss=0.8678  val_acc=0.8439  lr=9.72e-04  (21.3s)
  -> saved new best checkpoint (val_acc=0.8439) to checkpoints/exp39b_speedwide_s2.pt
epoch  15/80  train_loss=0.6902  val_slot_acc=0.9595  val_loss=0.8555  val_acc=0.8439  lr=9.65e-04  (26.8s)
epoch  16/80  train_loss=0.6557  val_slot_acc=0.9556  val_loss=0.8123  val_acc=0.8439  lr=9.57e-04  (20.9s)
epoch  17/80  train_loss=0.6241  val_slot_acc=0.9608  val_loss=0.8084  val_acc=0.8453  lr=9.48e-04  (26.7s)
  -> saved new best checkpoint (val_acc=0.8453) to checkpoints/exp39b_speedwide_s2.pt
epoch  18/80  train_loss=0.5943  val_slot_acc=0.9595  val_loss=0.8178  val_acc=0.8488  lr=9.38e-04  (25.4s)
  -> saved new best checkpoint (val_acc=0.8488) to checkpoints/exp39b_speedwide_s2.pt
epoch  19/80  train_loss=0.5830  val_slot_acc=0.9673  val_loss=0.7931  val_acc=0.8495  lr=9.28e-04  (26.6s)
  -> saved new best checkpoint (val_acc=0.8495) to checkpoints/exp39b_speedwide_s2.pt
epoch  20/80  train_loss=0.5345  val_slot_acc=0.9608  val_loss=0.8085  val_acc=0.8559  lr=9.16e-04  (24.0s)
  -> saved new best checkpoint (val_acc=0.8559) to checkpoints/exp39b_speedwide_s2.pt
epoch  21/80  train_loss=0.5103  val_slot_acc=0.9608  val_loss=0.8258  val_acc=0.8453  lr=9.05e-04  (25.9s)
epoch  22/80  train_loss=0.4987  val_slot_acc=0.9582  val_loss=0.7511  val_acc=0.8609  lr=8.92e-04  (22.8s)
  -> saved new best checkpoint (val_acc=0.8609) to checkpoints/exp39b_speedwide_s2.pt
epoch  23/80  train_loss=0.4872  val_slot_acc=0.9660  val_loss=0.7355  val_acc=0.8666  lr=8.78e-04  (26.4s)
  -> saved new best checkpoint (val_acc=0.8666) to checkpoints/exp39b_speedwide_s2.pt
epoch  24/80  train_loss=0.4587  val_slot_acc=0.9647  val_loss=0.7421  val_acc=0.8630  lr=8.64e-04  (24.1s)
epoch  25/80  train_loss=0.4452  val_slot_acc=0.9739  val_loss=0.7498  val_acc=0.8701  lr=8.50e-04  (26.1s)
  -> saved new best checkpoint (val_acc=0.8701) to checkpoints/exp39b_speedwide_s2.pt
epoch  26/80  train_loss=0.4334  val_slot_acc=0.9712  val_loss=0.7211  val_acc=0.8680  lr=8.35e-04  (24.0s)
epoch  27/80  train_loss=0.4180  val_slot_acc=0.9712  val_loss=0.7288  val_acc=0.8581  lr=8.19e-04  (25.8s)
epoch  28/80  train_loss=0.4043  val_slot_acc=0.9699  val_loss=0.7042  val_acc=0.8708  lr=8.02e-04  (24.9s)
  -> saved new best checkpoint (val_acc=0.8708) to checkpoints/exp39b_speedwide_s2.pt
epoch  29/80  train_loss=0.3791  val_slot_acc=0.9712  val_loss=0.7109  val_acc=0.8687  lr=7.85e-04  (23.7s)
epoch  30/80  train_loss=0.3648  val_slot_acc=0.9752  val_loss=0.7197  val_acc=0.8666  lr=7.68e-04  (25.8s)
epoch  31/80  train_loss=0.3597  val_slot_acc=0.9765  val_loss=0.7240  val_acc=0.8737  lr=7.50e-04  (25.5s)
  -> saved new best checkpoint (val_acc=0.8737) to checkpoints/exp39b_speedwide_s2.pt
epoch  32/80  train_loss=0.3366  val_slot_acc=0.9752  val_loss=0.7448  val_acc=0.8701  lr=7.32e-04  (26.3s)
epoch  33/80  train_loss=0.3348  val_slot_acc=0.9791  val_loss=0.6907  val_acc=0.8779  lr=7.13e-04  (26.2s)
  -> saved new best checkpoint (val_acc=0.8779) to checkpoints/exp39b_speedwide_s2.pt
epoch  34/80  train_loss=0.3392  val_slot_acc=0.9712  val_loss=0.6936  val_acc=0.8751  lr=6.94e-04  (27.1s)
epoch  35/80  train_loss=0.3263  val_slot_acc=0.9725  val_loss=0.6894  val_acc=0.8779  lr=6.74e-04  (25.3s)
epoch  36/80  train_loss=0.3100  val_slot_acc=0.9673  val_loss=0.6925  val_acc=0.8772  lr=6.55e-04  (26.2s)
epoch  37/80  train_loss=0.2902  val_slot_acc=0.9752  val_loss=0.7073  val_acc=0.8793  lr=6.34e-04  (26.4s)
  -> saved new best checkpoint (val_acc=0.8793) to checkpoints/exp39b_speedwide_s2.pt
epoch  38/80  train_loss=0.2948  val_slot_acc=0.9725  val_loss=0.7036  val_acc=0.8843  lr=6.14e-04  (25.0s)
  -> saved new best checkpoint (val_acc=0.8843) to checkpoints/exp39b_speedwide_s2.pt
epoch  39/80  train_loss=0.2913  val_slot_acc=0.9765  val_loss=0.6609  val_acc=0.8921  lr=5.94e-04  (26.0s)
  -> saved new best checkpoint (val_acc=0.8921) to checkpoints/exp39b_speedwide_s2.pt
epoch  40/80  train_loss=0.2758  val_slot_acc=0.9804  val_loss=0.6281  val_acc=0.8943  lr=5.73e-04  (25.5s)
  -> saved new best checkpoint (val_acc=0.8943) to checkpoints/exp39b_speedwide_s2.pt
epoch  41/80  train_loss=0.2609  val_slot_acc=0.9791  val_loss=0.6444  val_acc=0.8921  lr=5.52e-04  (24.7s)
epoch  42/80  train_loss=0.2609  val_slot_acc=0.9712  val_loss=0.6973  val_acc=0.8864  lr=5.31e-04  (24.1s)
epoch  43/80  train_loss=0.2513  val_slot_acc=0.9791  val_loss=0.6860  val_acc=0.8850  lr=5.10e-04  (26.2s)
epoch  44/80  train_loss=0.2512  val_slot_acc=0.9804  val_loss=0.6984  val_acc=0.8857  lr=4.90e-04  (24.8s)
epoch  45/80  train_loss=0.2341  val_slot_acc=0.9830  val_loss=0.6806  val_acc=0.8935  lr=4.69e-04  (27.3s)
epoch  46/80  train_loss=0.2221  val_slot_acc=0.9765  val_loss=0.6894  val_acc=0.8900  lr=4.48e-04  (25.4s)
epoch  47/80  train_loss=0.2158  val_slot_acc=0.9830  val_loss=0.7217  val_acc=0.8843  lr=4.27e-04  (25.0s)
epoch  48/80  train_loss=0.2309  val_slot_acc=0.9830  val_loss=0.6775  val_acc=0.8879  lr=4.06e-04  (25.6s)
epoch  49/80  train_loss=0.2243  val_slot_acc=0.9817  val_loss=0.6699  val_acc=0.8914  lr=3.86e-04  (24.3s)
epoch  50/80  train_loss=0.2120  val_slot_acc=0.9752  val_loss=0.6693  val_acc=0.8928  lr=3.66e-04  (26.5s)
epoch  51/80  train_loss=0.2198  val_slot_acc=0.9712  val_loss=0.6872  val_acc=0.8907  lr=3.45e-04  (24.5s)
epoch  52/80  train_loss=0.2036  val_slot_acc=0.9752  val_loss=0.6824  val_acc=0.8907  lr=3.26e-04  (27.5s)
epoch  53/80  train_loss=0.2007  val_slot_acc=0.9804  val_loss=0.6775  val_acc=0.8907  lr=3.06e-04  (23.9s)
epoch  54/80  train_loss=0.1934  val_slot_acc=0.9778  val_loss=0.7159  val_acc=0.8829  lr=2.87e-04  (27.3s)
epoch  55/80  train_loss=0.1881  val_slot_acc=0.9752  val_loss=0.6847  val_acc=0.8907  lr=2.68e-04  (27.1s)
epoch  56/80  train_loss=0.1887  val_slot_acc=0.9791  val_loss=0.6942  val_acc=0.8864  lr=2.50e-04  (27.0s)
epoch  57/80  train_loss=0.1936  val_slot_acc=0.9817  val_loss=0.6668  val_acc=0.8943  lr=2.32e-04  (27.6s)
epoch  58/80  train_loss=0.1826  val_slot_acc=0.9752  val_loss=0.6922  val_acc=0.8907  lr=2.15e-04  (28.5s)
epoch  59/80  train_loss=0.1784  val_slot_acc=0.9817  val_loss=0.6937  val_acc=0.8914  lr=1.98e-04  (29.5s)
epoch  60/80  train_loss=0.1793  val_slot_acc=0.9765  val_loss=0.6970  val_acc=0.8935  lr=1.81e-04  (25.8s)
epoch  61/80  train_loss=0.1732  val_slot_acc=0.9804  val_loss=0.6922  val_acc=0.8914  lr=1.65e-04  (28.5s)
epoch  62/80  train_loss=0.1776  val_slot_acc=0.9778  val_loss=0.7100  val_acc=0.8864  lr=1.50e-04  (27.4s)
epoch  63/80  train_loss=0.1698  val_slot_acc=0.9765  val_loss=0.6855  val_acc=0.8957  lr=1.36e-04  (24.5s)
  -> saved new best checkpoint (val_acc=0.8957) to checkpoints/exp39b_speedwide_s2.pt
epoch  64/80  train_loss=0.1650  val_slot_acc=0.9817  val_loss=0.6894  val_acc=0.8921  lr=1.22e-04  (26.9s)
epoch  65/80  train_loss=0.1632  val_slot_acc=0.9791  val_loss=0.6861  val_acc=0.8914  lr=1.08e-04  (24.4s)
epoch  66/80  train_loss=0.1694  val_slot_acc=0.9830  val_loss=0.6834  val_acc=0.8893  lr=9.55e-05  (27.0s)
epoch  67/80  train_loss=0.1724  val_slot_acc=0.9830  val_loss=0.6843  val_acc=0.8921  lr=8.35e-05  (25.3s)
epoch  68/80  train_loss=0.1617  val_slot_acc=0.9830  val_loss=0.6923  val_acc=0.8914  lr=7.23e-05  (28.1s)
epoch  69/80  train_loss=0.1672  val_slot_acc=0.9817  val_loss=0.6919  val_acc=0.8914  lr=6.18e-05  (25.8s)
epoch  70/80  train_loss=0.1514  val_slot_acc=0.9804  val_loss=0.6852  val_acc=0.8921  lr=5.21e-05  (25.2s)
epoch  71/80  train_loss=0.1441  val_slot_acc=0.9830  val_loss=0.6833  val_acc=0.8964  lr=4.32e-05  (25.4s)
  -> saved new best checkpoint (val_acc=0.8964) to checkpoints/exp39b_speedwide_s2.pt
epoch  72/80  train_loss=0.1457  val_slot_acc=0.9830  val_loss=0.6853  val_acc=0.8943  lr=3.51e-05  (23.8s)
epoch  73/80  train_loss=0.1462  val_slot_acc=0.9817  val_loss=0.6880  val_acc=0.8921  lr=2.78e-05  (26.0s)
epoch  74/80  train_loss=0.1443  val_slot_acc=0.9843  val_loss=0.6867  val_acc=0.8928  lr=2.13e-05  (24.1s)
epoch  75/80  train_loss=0.1533  val_slot_acc=0.9817  val_loss=0.6861  val_acc=0.8935  lr=1.57e-05  (27.4s)
epoch  76/80  train_loss=0.1575  val_slot_acc=0.9830  val_loss=0.6875  val_acc=0.8935  lr=1.09e-05  (23.7s)
epoch  77/80  train_loss=0.1485  val_slot_acc=0.9804  val_loss=0.6832  val_acc=0.8943  lr=7.00e-06  (27.4s)
epoch  78/80  train_loss=0.1462  val_slot_acc=0.9778  val_loss=0.6861  val_acc=0.8943  lr=3.94e-06  (27.2s)
epoch  79/80  train_loss=0.1541  val_slot_acc=0.9791  val_loss=0.6856  val_acc=0.8935  lr=1.75e-06  (29.0s)
epoch  80/80  train_loss=0.1456  val_slot_acc=0.9804  val_loss=0.6895  val_acc=0.8921  lr=4.39e-07  (21.8s)

Done. Best val_acc=0.8964, checkpoint at checkpoints/exp39b_speedwide_s2.pt
