Using device: cuda, model: crnn, augment: False, seed: 0
Feature config: {'window_s': 5.0, 'trim': True}
Waveform augmentation on, noise bank: 11 train-split clips
train: 9273 examples (train_fraction=1.0), val: 1409 examples
Slot heads on: 5229 labeled train clips, weight 0.3
Using ConfusablePairLoss (alpha=2.0, gamma=0.0, label_smoothing=0.1)
Model params: 99,373
epoch   1/80  train_loss=3.4708  val_slot_acc=0.3359  val_loss=3.2429  val_acc=0.0348  lr=1.00e-05  (21.7s)
  -> saved new best checkpoint (val_acc=0.0348) to checkpoints/exp39i_ls01_s0.pt
epoch   2/80  train_loss=3.4268  val_slot_acc=0.3529  val_loss=3.1897  val_acc=0.0468  lr=2.08e-04  (19.5s)
  -> saved new best checkpoint (val_acc=0.0468) to checkpoints/exp39i_ls01_s0.pt
epoch   3/80  train_loss=3.2871  val_slot_acc=0.4131  val_loss=2.9389  val_acc=0.2612  lr=4.06e-04  (19.4s)
  -> saved new best checkpoint (val_acc=0.2612) to checkpoints/exp39i_ls01_s0.pt
epoch   4/80  train_loss=2.9536  val_slot_acc=0.5255  val_loss=2.5624  val_acc=0.4429  lr=6.04e-04  (22.8s)
  -> saved new best checkpoint (val_acc=0.4429) to checkpoints/exp39i_ls01_s0.pt
epoch   5/80  train_loss=2.4851  val_slot_acc=0.6784  val_loss=2.2773  val_acc=0.5749  lr=8.02e-04  (17.7s)
  -> saved new best checkpoint (val_acc=0.5749) to checkpoints/exp39i_ls01_s0.pt
epoch   6/80  train_loss=2.1233  val_slot_acc=0.7320  val_loss=2.0127  val_acc=0.6721  lr=1.00e-03  (18.8s)
  -> saved new best checkpoint (val_acc=0.6721) to checkpoints/exp39i_ls01_s0.pt
epoch   7/80  train_loss=1.8679  val_slot_acc=0.8797  val_loss=1.7929  val_acc=0.7580  lr=1.00e-03  (19.2s)
  -> saved new best checkpoint (val_acc=0.7580) to checkpoints/exp39i_ls01_s0.pt
epoch   8/80  train_loss=1.7201  val_slot_acc=0.9098  val_loss=1.7047  val_acc=0.7899  lr=9.98e-04  (17.6s)
  -> saved new best checkpoint (val_acc=0.7899) to checkpoints/exp39i_ls01_s0.pt
epoch   9/80  train_loss=1.6140  val_slot_acc=0.9359  val_loss=1.5955  val_acc=0.8183  lr=9.96e-04  (18.7s)
  -> saved new best checkpoint (val_acc=0.8183) to checkpoints/exp39i_ls01_s0.pt
epoch  10/80  train_loss=1.5197  val_slot_acc=0.9320  val_loss=1.5783  val_acc=0.8098  lr=9.93e-04  (19.5s)
epoch  11/80  train_loss=1.4603  val_slot_acc=0.9516  val_loss=1.4999  val_acc=0.8318  lr=9.89e-04  (20.1s)
  -> saved new best checkpoint (val_acc=0.8318) to checkpoints/exp39i_ls01_s0.pt
epoch  12/80  train_loss=1.4069  val_slot_acc=0.9608  val_loss=1.4629  val_acc=0.8424  lr=9.84e-04  (18.7s)
  -> saved new best checkpoint (val_acc=0.8424) to checkpoints/exp39i_ls01_s0.pt
epoch  13/80  train_loss=1.3598  val_slot_acc=0.9569  val_loss=1.4226  val_acc=0.8545  lr=9.79e-04  (18.6s)
  -> saved new best checkpoint (val_acc=0.8545) to checkpoints/exp39i_ls01_s0.pt
epoch  14/80  train_loss=1.3205  val_slot_acc=0.9542  val_loss=1.3841  val_acc=0.8666  lr=9.72e-04  (18.4s)
  -> saved new best checkpoint (val_acc=0.8666) to checkpoints/exp39i_ls01_s0.pt
epoch  15/80  train_loss=1.2929  val_slot_acc=0.9608  val_loss=1.3608  val_acc=0.8737  lr=9.65e-04  (17.8s)
  -> saved new best checkpoint (val_acc=0.8737) to checkpoints/exp39i_ls01_s0.pt
epoch  16/80  train_loss=1.2602  val_slot_acc=0.9647  val_loss=1.3577  val_acc=0.8737  lr=9.57e-04  (18.8s)
epoch  17/80  train_loss=1.2339  val_slot_acc=0.9647  val_loss=1.3740  val_acc=0.8652  lr=9.48e-04  (17.9s)
epoch  18/80  train_loss=1.2188  val_slot_acc=0.9556  val_loss=1.3471  val_acc=0.8751  lr=9.38e-04  (18.4s)
  -> saved new best checkpoint (val_acc=0.8751) to checkpoints/exp39i_ls01_s0.pt
epoch  19/80  train_loss=1.2012  val_slot_acc=0.9686  val_loss=1.3646  val_acc=0.8687  lr=9.28e-04  (22.3s)
epoch  20/80  train_loss=1.1766  val_slot_acc=0.9699  val_loss=1.3331  val_acc=0.8829  lr=9.16e-04  (25.6s)
  -> saved new best checkpoint (val_acc=0.8829) to checkpoints/exp39i_ls01_s0.pt
epoch  21/80  train_loss=1.1689  val_slot_acc=0.9752  val_loss=1.3568  val_acc=0.8623  lr=9.05e-04  (18.8s)
epoch  22/80  train_loss=1.1615  val_slot_acc=0.9621  val_loss=1.3479  val_acc=0.8786  lr=8.92e-04  (19.6s)
epoch  23/80  train_loss=1.1458  val_slot_acc=0.9791  val_loss=1.3330  val_acc=0.8772  lr=8.78e-04  (19.6s)
epoch  24/80  train_loss=1.1315  val_slot_acc=0.9712  val_loss=1.3340  val_acc=0.8744  lr=8.64e-04  (19.7s)
epoch  25/80  train_loss=1.1190  val_slot_acc=0.9725  val_loss=1.3194  val_acc=0.8893  lr=8.50e-04  (19.9s)
  -> saved new best checkpoint (val_acc=0.8893) to checkpoints/exp39i_ls01_s0.pt
epoch  26/80  train_loss=1.1127  val_slot_acc=0.9725  val_loss=1.3158  val_acc=0.8857  lr=8.35e-04  (18.7s)
epoch  27/80  train_loss=1.0944  val_slot_acc=0.9739  val_loss=1.2948  val_acc=0.8829  lr=8.19e-04  (18.2s)
epoch  28/80  train_loss=1.0910  val_slot_acc=0.9817  val_loss=1.2846  val_acc=0.8879  lr=8.02e-04  (18.8s)
epoch  29/80  train_loss=1.0700  val_slot_acc=0.9791  val_loss=1.2892  val_acc=0.8914  lr=7.85e-04  (19.0s)
  -> saved new best checkpoint (val_acc=0.8914) to checkpoints/exp39i_ls01_s0.pt
epoch  30/80  train_loss=1.0628  val_slot_acc=0.9712  val_loss=1.2723  val_acc=0.8957  lr=7.68e-04  (17.8s)
  -> saved new best checkpoint (val_acc=0.8957) to checkpoints/exp39i_ls01_s0.pt
epoch  31/80  train_loss=1.0516  val_slot_acc=0.9765  val_loss=1.2924  val_acc=0.8921  lr=7.50e-04  (18.9s)
epoch  32/80  train_loss=1.0514  val_slot_acc=0.9725  val_loss=1.3078  val_acc=0.8815  lr=7.32e-04  (19.1s)
epoch  33/80  train_loss=1.0416  val_slot_acc=0.9817  val_loss=1.2946  val_acc=0.8914  lr=7.13e-04  (18.2s)
epoch  34/80  train_loss=1.0321  val_slot_acc=0.9778  val_loss=1.2739  val_acc=0.8957  lr=6.94e-04  (19.5s)
epoch  35/80  train_loss=1.0195  val_slot_acc=0.9752  val_loss=1.2867  val_acc=0.8950  lr=6.74e-04  (18.6s)
epoch  36/80  train_loss=1.0243  val_slot_acc=0.9791  val_loss=1.3059  val_acc=0.8857  lr=6.55e-04  (19.2s)
epoch  37/80  train_loss=1.0075  val_slot_acc=0.9725  val_loss=1.3039  val_acc=0.8935  lr=6.34e-04  (18.8s)
epoch  38/80  train_loss=1.0128  val_slot_acc=0.9725  val_loss=1.2667  val_acc=0.9035  lr=6.14e-04  (18.0s)
  -> saved new best checkpoint (val_acc=0.9035) to checkpoints/exp39i_ls01_s0.pt
epoch  39/80  train_loss=1.0061  val_slot_acc=0.9739  val_loss=1.2840  val_acc=0.8928  lr=5.94e-04  (18.2s)
epoch  40/80  train_loss=0.9983  val_slot_acc=0.9739  val_loss=1.2632  val_acc=0.9006  lr=5.73e-04  (18.0s)
epoch  41/80  train_loss=0.9966  val_slot_acc=0.9699  val_loss=1.2921  val_acc=0.8950  lr=5.52e-04  (17.9s)
epoch  42/80  train_loss=0.9852  val_slot_acc=0.9712  val_loss=1.2675  val_acc=0.8943  lr=5.31e-04  (18.3s)
epoch  43/80  train_loss=0.9837  val_slot_acc=0.9765  val_loss=1.2605  val_acc=0.8978  lr=5.10e-04  (18.6s)
epoch  44/80  train_loss=0.9889  val_slot_acc=0.9739  val_loss=1.2534  val_acc=0.9028  lr=4.90e-04  (18.1s)
epoch  45/80  train_loss=0.9735  val_slot_acc=0.9778  val_loss=1.2671  val_acc=0.8964  lr=4.69e-04  (19.3s)
epoch  46/80  train_loss=0.9703  val_slot_acc=0.9739  val_loss=1.2651  val_acc=0.8964  lr=4.48e-04  (18.6s)
epoch  47/80  train_loss=0.9691  val_slot_acc=0.9765  val_loss=1.2816  val_acc=0.8978  lr=4.27e-04  (17.1s)
epoch  48/80  train_loss=0.9628  val_slot_acc=0.9791  val_loss=1.2688  val_acc=0.9021  lr=4.06e-04  (25.6s)
epoch  49/80  train_loss=0.9636  val_slot_acc=0.9778  val_loss=1.2705  val_acc=0.8999  lr=3.86e-04  (18.2s)
epoch  50/80  train_loss=0.9591  val_slot_acc=0.9804  val_loss=1.2794  val_acc=0.9006  lr=3.66e-04  (18.8s)
epoch  51/80  train_loss=0.9470  val_slot_acc=0.9791  val_loss=1.2701  val_acc=0.8999  lr=3.45e-04  (18.1s)
epoch  52/80  train_loss=0.9477  val_slot_acc=0.9739  val_loss=1.2654  val_acc=0.9006  lr=3.26e-04  (17.6s)
epoch  53/80  train_loss=0.9484  val_slot_acc=0.9752  val_loss=1.2647  val_acc=0.9013  lr=3.06e-04  (18.4s)
epoch  54/80  train_loss=0.9421  val_slot_acc=0.9752  val_loss=1.2677  val_acc=0.8999  lr=2.87e-04  (18.0s)
epoch  55/80  train_loss=0.9396  val_slot_acc=0.9765  val_loss=1.2575  val_acc=0.9028  lr=2.68e-04  (18.4s)
epoch  56/80  train_loss=0.9363  val_slot_acc=0.9778  val_loss=1.2721  val_acc=0.9013  lr=2.50e-04  (20.1s)
epoch  57/80  train_loss=0.9438  val_slot_acc=0.9739  val_loss=1.2617  val_acc=0.9006  lr=2.32e-04  (20.3s)
epoch  58/80  train_loss=0.9303  val_slot_acc=0.9765  val_loss=1.2583  val_acc=0.9006  lr=2.15e-04  (19.2s)
epoch  59/80  train_loss=0.9341  val_slot_acc=0.9752  val_loss=1.2636  val_acc=0.8992  lr=1.98e-04  (19.0s)
epoch  60/80  train_loss=0.9319  val_slot_acc=0.9778  val_loss=1.2604  val_acc=0.8992  lr=1.81e-04  (17.5s)
epoch  61/80  train_loss=0.9272  val_slot_acc=0.9804  val_loss=1.2680  val_acc=0.8978  lr=1.65e-04  (17.6s)
epoch  62/80  train_loss=0.9250  val_slot_acc=0.9752  val_loss=1.2828  val_acc=0.8950  lr=1.50e-04  (18.3s)
epoch  63/80  train_loss=0.9282  val_slot_acc=0.9778  val_loss=1.2818  val_acc=0.8950  lr=1.36e-04  (17.9s)
epoch  64/80  train_loss=0.9272  val_slot_acc=0.9791  val_loss=1.2749  val_acc=0.8943  lr=1.22e-04  (18.3s)
epoch  65/80  train_loss=0.9171  val_slot_acc=0.9778  val_loss=1.2708  val_acc=0.8971  lr=1.08e-04  (19.8s)
epoch  66/80  train_loss=0.9170  val_slot_acc=0.9765  val_loss=1.2721  val_acc=0.8971  lr=9.55e-05  (19.3s)
epoch  67/80  train_loss=0.9233  val_slot_acc=0.9791  val_loss=1.2672  val_acc=0.8985  lr=8.35e-05  (20.4s)
epoch  68/80  train_loss=0.9191  val_slot_acc=0.9778  val_loss=1.2630  val_acc=0.8992  lr=7.23e-05  (20.3s)
epoch  69/80  train_loss=0.9232  val_slot_acc=0.9804  val_loss=1.2668  val_acc=0.8978  lr=6.18e-05  (20.7s)
epoch  70/80  train_loss=0.9221  val_slot_acc=0.9765  val_loss=1.2656  val_acc=0.8992  lr=5.21e-05  (20.0s)
epoch  71/80  train_loss=0.9180  val_slot_acc=0.9765  val_loss=1.2678  val_acc=0.8964  lr=4.32e-05  (19.5s)
epoch  72/80  train_loss=0.9204  val_slot_acc=0.9778  val_loss=1.2668  val_acc=0.8978  lr=3.51e-05  (19.8s)
epoch  73/80  train_loss=0.9233  val_slot_acc=0.9778  val_loss=1.2659  val_acc=0.8978  lr=2.78e-05  (19.9s)
epoch  74/80  train_loss=0.9190  val_slot_acc=0.9791  val_loss=1.2653  val_acc=0.8964  lr=2.13e-05  (19.2s)
epoch  75/80  train_loss=0.9184  val_slot_acc=0.9791  val_loss=1.2674  val_acc=0.8964  lr=1.57e-05  (19.7s)
epoch  76/80  train_loss=0.9074  val_slot_acc=0.9791  val_loss=1.2647  val_acc=0.8978  lr=1.09e-05  (18.3s)
epoch  77/80  train_loss=0.9118  val_slot_acc=0.9778  val_loss=1.2660  val_acc=0.8957  lr=7.00e-06  (18.1s)
epoch  78/80  train_loss=0.9104  val_slot_acc=0.9791  val_loss=1.2670  val_acc=0.8964  lr=3.94e-06  (17.9s)
epoch  79/80  train_loss=0.9166  val_slot_acc=0.9791  val_loss=1.2646  val_acc=0.8978  lr=1.75e-06  (16.9s)
epoch  80/80  train_loss=0.9180  val_slot_acc=0.9791  val_loss=1.2675  val_acc=0.8964  lr=4.39e-07  (18.4s)

Done. Best val_acc=0.9035, checkpoint at checkpoints/exp39i_ls01_s0.pt
