Using device: cuda, model: crnn, augment: False, seed: 0
Feature config: {'window_s': 5.0, 'trim': True}
Waveform augmentation on, noise bank: 11 train-split clips
train: 9273 examples (train_fraction=1.0), val: 1409 examples
Slot heads on: 5229 labeled train clips, weight 0.3
Using ConfusablePairLoss (alpha=2.0, gamma=0.0, label_smoothing=0.0)
Model params: 99,373
epoch   1/150  train_loss=3.3687  val_slot_acc=0.3346  val_loss=3.1517  val_acc=0.0348  lr=1.00e-05  (20.8s)
  -> saved new best checkpoint (val_acc=0.0348) to checkpoints/exp37b_me2_e150_s0.pt
epoch   2/150  train_loss=3.3196  val_slot_acc=0.3373  val_loss=3.0887  val_acc=0.1029  lr=2.08e-04  (15.3s)
  -> saved new best checkpoint (val_acc=0.1029) to checkpoints/exp37b_me2_e150_s0.pt
epoch   3/150  train_loss=3.1421  val_slot_acc=0.3869  val_loss=2.8014  val_acc=0.2775  lr=4.06e-04  (15.1s)
  -> saved new best checkpoint (val_acc=0.2775) to checkpoints/exp37b_me2_e150_s0.pt
epoch   4/150  train_loss=2.7211  val_slot_acc=0.4980  val_loss=2.3544  val_acc=0.4514  lr=6.04e-04  (14.6s)
  -> saved new best checkpoint (val_acc=0.4514) to checkpoints/exp37b_me2_e150_s0.pt
epoch   5/150  train_loss=2.1586  val_slot_acc=0.7033  val_loss=1.8616  val_acc=0.6175  lr=8.02e-04  (15.1s)
  -> saved new best checkpoint (val_acc=0.6175) to checkpoints/exp37b_me2_e150_s0.pt
epoch   6/150  train_loss=1.7150  val_slot_acc=0.6771  val_loss=1.5998  val_acc=0.6466  lr=1.00e-03  (14.6s)
  -> saved new best checkpoint (val_acc=0.6466) to checkpoints/exp37b_me2_e150_s0.pt
epoch   7/150  train_loss=1.3985  val_slot_acc=0.8680  val_loss=1.3190  val_acc=0.7431  lr=1.00e-03  (15.0s)
  -> saved new best checkpoint (val_acc=0.7431) to checkpoints/exp37b_me2_e150_s0.pt
epoch   8/150  train_loss=1.2022  val_slot_acc=0.9007  val_loss=1.3103  val_acc=0.7452  lr=1.00e-03  (14.9s)
  -> saved new best checkpoint (val_acc=0.7452) to checkpoints/exp37b_me2_e150_s0.pt
epoch   9/150  train_loss=1.0644  val_slot_acc=0.9333  val_loss=1.1252  val_acc=0.7857  lr=9.99e-04  (14.5s)
  -> saved new best checkpoint (val_acc=0.7857) to checkpoints/exp37b_me2_e150_s0.pt
epoch  10/150  train_loss=0.9567  val_slot_acc=0.9033  val_loss=1.0254  val_acc=0.8155  lr=9.98e-04  (14.9s)
  -> saved new best checkpoint (val_acc=0.8155) to checkpoints/exp37b_me2_e150_s0.pt
epoch  11/150  train_loss=0.8826  val_slot_acc=0.9438  val_loss=0.9227  val_acc=0.8304  lr=9.97e-04  (14.8s)
  -> saved new best checkpoint (val_acc=0.8304) to checkpoints/exp37b_me2_e150_s0.pt
epoch  12/150  train_loss=0.8053  val_slot_acc=0.9556  val_loss=0.8732  val_acc=0.8446  lr=9.96e-04  (14.7s)
  -> saved new best checkpoint (val_acc=0.8446) to checkpoints/exp37b_me2_e150_s0.pt
epoch  13/150  train_loss=0.7309  val_slot_acc=0.9569  val_loss=0.8172  val_acc=0.8460  lr=9.94e-04  (15.1s)
  -> saved new best checkpoint (val_acc=0.8460) to checkpoints/exp37b_me2_e150_s0.pt
epoch  14/150  train_loss=0.6801  val_slot_acc=0.9503  val_loss=0.8435  val_acc=0.8389  lr=9.93e-04  (15.4s)
epoch  15/150  train_loss=0.6344  val_slot_acc=0.9608  val_loss=0.8141  val_acc=0.8502  lr=9.91e-04  (15.3s)
  -> saved new best checkpoint (val_acc=0.8502) to checkpoints/exp37b_me2_e150_s0.pt
epoch  16/150  train_loss=0.6073  val_slot_acc=0.9621  val_loss=0.8311  val_acc=0.8467  lr=9.88e-04  (15.2s)
epoch  17/150  train_loss=0.5758  val_slot_acc=0.9595  val_loss=0.8158  val_acc=0.8566  lr=9.86e-04  (15.3s)
  -> saved new best checkpoint (val_acc=0.8566) to checkpoints/exp37b_me2_e150_s0.pt
epoch  18/150  train_loss=0.5490  val_slot_acc=0.9699  val_loss=0.7344  val_acc=0.8559  lr=9.83e-04  (15.1s)
epoch  19/150  train_loss=0.5091  val_slot_acc=0.9725  val_loss=0.7657  val_acc=0.8559  lr=9.80e-04  (15.1s)
epoch  20/150  train_loss=0.4991  val_slot_acc=0.9712  val_loss=0.7750  val_acc=0.8637  lr=9.77e-04  (14.9s)
  -> saved new best checkpoint (val_acc=0.8637) to checkpoints/exp37b_me2_e150_s0.pt
epoch  21/150  train_loss=0.4609  val_slot_acc=0.9699  val_loss=0.7471  val_acc=0.8644  lr=9.74e-04  (14.8s)
  -> saved new best checkpoint (val_acc=0.8644) to checkpoints/exp37b_me2_e150_s0.pt
epoch  22/150  train_loss=0.4577  val_slot_acc=0.9686  val_loss=0.7069  val_acc=0.8687  lr=9.70e-04  (15.2s)
  -> saved new best checkpoint (val_acc=0.8687) to checkpoints/exp37b_me2_e150_s0.pt
epoch  23/150  train_loss=0.4419  val_slot_acc=0.9673  val_loss=0.6971  val_acc=0.8652  lr=9.66e-04  (15.4s)
epoch  24/150  train_loss=0.4233  val_slot_acc=0.9673  val_loss=0.7002  val_acc=0.8701  lr=9.62e-04  (15.2s)
  -> saved new best checkpoint (val_acc=0.8701) to checkpoints/exp37b_me2_e150_s0.pt
epoch  25/150  train_loss=0.4014  val_slot_acc=0.9752  val_loss=0.6960  val_acc=0.8730  lr=9.58e-04  (15.1s)
  -> saved new best checkpoint (val_acc=0.8730) to checkpoints/exp37b_me2_e150_s0.pt
epoch  26/150  train_loss=0.4013  val_slot_acc=0.9804  val_loss=0.7898  val_acc=0.8602  lr=9.54e-04  (14.9s)
epoch  27/150  train_loss=0.3753  val_slot_acc=0.9712  val_loss=0.7358  val_acc=0.8538  lr=9.49e-04  (14.8s)
epoch  28/150  train_loss=0.3647  val_slot_acc=0.9725  val_loss=0.6699  val_acc=0.8836  lr=9.44e-04  (14.6s)
  -> saved new best checkpoint (val_acc=0.8836) to checkpoints/exp37b_me2_e150_s0.pt
epoch  29/150  train_loss=0.3411  val_slot_acc=0.9739  val_loss=0.7318  val_acc=0.8666  lr=9.39e-04  (14.9s)
epoch  30/150  train_loss=0.3304  val_slot_acc=0.9699  val_loss=0.6426  val_acc=0.8907  lr=9.34e-04  (14.6s)
  -> saved new best checkpoint (val_acc=0.8907) to checkpoints/exp37b_me2_e150_s0.pt
epoch  31/150  train_loss=0.3102  val_slot_acc=0.9712  val_loss=0.6558  val_acc=0.8843  lr=9.28e-04  (14.4s)
epoch  32/150  train_loss=0.3123  val_slot_acc=0.9817  val_loss=0.7117  val_acc=0.8744  lr=9.23e-04  (14.6s)
epoch  33/150  train_loss=0.2902  val_slot_acc=0.9817  val_loss=0.6172  val_acc=0.8886  lr=9.17e-04  (14.7s)
epoch  34/150  train_loss=0.2892  val_slot_acc=0.9804  val_loss=0.6469  val_acc=0.8864  lr=9.11e-04  (14.7s)
epoch  35/150  train_loss=0.2725  val_slot_acc=0.9778  val_loss=0.6772  val_acc=0.8772  lr=9.05e-04  (15.0s)
epoch  36/150  train_loss=0.2639  val_slot_acc=0.9752  val_loss=0.6989  val_acc=0.8765  lr=8.98e-04  (14.9s)
epoch  37/150  train_loss=0.2632  val_slot_acc=0.9778  val_loss=0.6919  val_acc=0.8822  lr=8.91e-04  (15.0s)
epoch  38/150  train_loss=0.2672  val_slot_acc=0.9725  val_loss=0.6620  val_acc=0.8850  lr=8.85e-04  (14.8s)
epoch  39/150  train_loss=0.2638  val_slot_acc=0.9856  val_loss=0.6737  val_acc=0.8893  lr=8.78e-04  (14.8s)
epoch  40/150  train_loss=0.2469  val_slot_acc=0.9791  val_loss=0.6786  val_acc=0.8815  lr=8.70e-04  (14.8s)
epoch  41/150  train_loss=0.2290  val_slot_acc=0.9765  val_loss=0.7213  val_acc=0.8751  lr=8.63e-04  (14.6s)
epoch  42/150  train_loss=0.2263  val_slot_acc=0.9869  val_loss=0.6447  val_acc=0.8893  lr=8.55e-04  (14.8s)
epoch  43/150  train_loss=0.2257  val_slot_acc=0.9869  val_loss=0.6656  val_acc=0.8836  lr=8.48e-04  (14.8s)
epoch  44/150  train_loss=0.2189  val_slot_acc=0.9830  val_loss=0.7080  val_acc=0.8850  lr=8.40e-04  (14.9s)
epoch  45/150  train_loss=0.2083  val_slot_acc=0.9830  val_loss=0.6395  val_acc=0.8872  lr=8.32e-04  (16.0s)
epoch  46/150  train_loss=0.2160  val_slot_acc=0.9778  val_loss=0.7303  val_acc=0.8843  lr=8.24e-04  (15.5s)
epoch  47/150  train_loss=0.2089  val_slot_acc=0.9882  val_loss=0.6572  val_acc=0.8943  lr=8.15e-04  (14.7s)
  -> saved new best checkpoint (val_acc=0.8943) to checkpoints/exp37b_me2_e150_s0.pt
epoch  48/150  train_loss=0.1901  val_slot_acc=0.9804  val_loss=0.6614  val_acc=0.8928  lr=8.07e-04  (14.7s)
epoch  49/150  train_loss=0.1947  val_slot_acc=0.9791  val_loss=0.6656  val_acc=0.8907  lr=7.98e-04  (14.8s)
epoch  50/150  train_loss=0.1970  val_slot_acc=0.9778  val_loss=0.6615  val_acc=0.8935  lr=7.89e-04  (14.8s)
epoch  51/150  train_loss=0.1768  val_slot_acc=0.9804  val_loss=0.7212  val_acc=0.8808  lr=7.81e-04  (14.3s)
epoch  52/150  train_loss=0.1721  val_slot_acc=0.9895  val_loss=0.7048  val_acc=0.9006  lr=7.72e-04  (14.7s)
  -> saved new best checkpoint (val_acc=0.9006) to checkpoints/exp37b_me2_e150_s0.pt
epoch  53/150  train_loss=0.1815  val_slot_acc=0.9817  val_loss=0.7193  val_acc=0.8886  lr=7.62e-04  (14.9s)
epoch  54/150  train_loss=0.1681  val_slot_acc=0.9791  val_loss=0.7508  val_acc=0.8900  lr=7.53e-04  (14.9s)
epoch  55/150  train_loss=0.1644  val_slot_acc=0.9778  val_loss=0.7226  val_acc=0.8879  lr=7.44e-04  (15.4s)
epoch  56/150  train_loss=0.1600  val_slot_acc=0.9856  val_loss=0.6831  val_acc=0.8914  lr=7.34e-04  (15.0s)
epoch  57/150  train_loss=0.1676  val_slot_acc=0.9765  val_loss=0.7624  val_acc=0.8801  lr=7.25e-04  (15.3s)
epoch  58/150  train_loss=0.1600  val_slot_acc=0.9817  val_loss=0.6823  val_acc=0.8914  lr=7.15e-04  (15.1s)
epoch  59/150  train_loss=0.1546  val_slot_acc=0.9817  val_loss=0.6957  val_acc=0.8943  lr=7.05e-04  (14.8s)
epoch  60/150  train_loss=0.1436  val_slot_acc=0.9830  val_loss=0.6974  val_acc=0.8921  lr=6.95e-04  (14.8s)
epoch  61/150  train_loss=0.1348  val_slot_acc=0.9817  val_loss=0.6917  val_acc=0.8943  lr=6.85e-04  (14.9s)
epoch  62/150  train_loss=0.1468  val_slot_acc=0.9830  val_loss=0.7313  val_acc=0.8886  lr=6.75e-04  (14.8s)
epoch  63/150  train_loss=0.1635  val_slot_acc=0.9830  val_loss=0.7196  val_acc=0.8893  lr=6.65e-04  (14.6s)
epoch  64/150  train_loss=0.1445  val_slot_acc=0.9804  val_loss=0.7322  val_acc=0.8864  lr=6.55e-04  (14.7s)
epoch  65/150  train_loss=0.1329  val_slot_acc=0.9843  val_loss=0.6968  val_acc=0.8943  lr=6.44e-04  (14.9s)
epoch  66/150  train_loss=0.1229  val_slot_acc=0.9856  val_loss=0.7217  val_acc=0.8935  lr=6.34e-04  (15.7s)
epoch  67/150  train_loss=0.1409  val_slot_acc=0.9908  val_loss=0.7252  val_acc=0.8921  lr=6.23e-04  (15.3s)
epoch  68/150  train_loss=0.1389  val_slot_acc=0.9830  val_loss=0.7323  val_acc=0.8857  lr=6.13e-04  (15.4s)
epoch  69/150  train_loss=0.1339  val_slot_acc=0.9778  val_loss=0.6902  val_acc=0.8964  lr=6.02e-04  (15.5s)
epoch  70/150  train_loss=0.1270  val_slot_acc=0.9908  val_loss=0.7424  val_acc=0.8900  lr=5.92e-04  (15.0s)
epoch  71/150  train_loss=0.1209  val_slot_acc=0.9830  val_loss=0.7454  val_acc=0.8914  lr=5.81e-04  (14.8s)
epoch  72/150  train_loss=0.1241  val_slot_acc=0.9817  val_loss=0.7443  val_acc=0.8935  lr=5.70e-04  (15.0s)
epoch  73/150  train_loss=0.1180  val_slot_acc=0.9856  val_loss=0.7243  val_acc=0.8879  lr=5.59e-04  (15.2s)
epoch  74/150  train_loss=0.1222  val_slot_acc=0.9843  val_loss=0.7089  val_acc=0.8928  lr=5.49e-04  (14.8s)
epoch  75/150  train_loss=0.1248  val_slot_acc=0.9882  val_loss=0.7279  val_acc=0.8928  lr=5.38e-04  (14.8s)
epoch  76/150  train_loss=0.1087  val_slot_acc=0.9830  val_loss=0.7665  val_acc=0.8886  lr=5.27e-04  (14.8s)
epoch  77/150  train_loss=0.1094  val_slot_acc=0.9895  val_loss=0.7315  val_acc=0.8921  lr=5.16e-04  (14.6s)
epoch  78/150  train_loss=0.1137  val_slot_acc=0.9869  val_loss=0.7039  val_acc=0.8943  lr=5.05e-04  (14.6s)
epoch  79/150  train_loss=0.1102  val_slot_acc=0.9856  val_loss=0.7169  val_acc=0.8921  lr=4.95e-04  (14.7s)
epoch  80/150  train_loss=0.0989  val_slot_acc=0.9869  val_loss=0.7021  val_acc=0.8992  lr=4.84e-04  (14.7s)
epoch  81/150  train_loss=0.1005  val_slot_acc=0.9882  val_loss=0.7294  val_acc=0.8921  lr=4.73e-04  (9.3s)
epoch  82/150  train_loss=0.0998  val_slot_acc=0.9908  val_loss=0.7133  val_acc=0.8893  lr=4.62e-04  (9.6s)
epoch  83/150  train_loss=0.1105  val_slot_acc=0.9895  val_loss=0.7438  val_acc=0.9006  lr=4.51e-04  (9.8s)
epoch  84/150  train_loss=0.1004  val_slot_acc=0.9895  val_loss=0.7641  val_acc=0.8822  lr=4.41e-04  (10.6s)
epoch  85/150  train_loss=0.0992  val_slot_acc=0.9869  val_loss=0.7495  val_acc=0.8935  lr=4.30e-04  (9.8s)
epoch  86/150  train_loss=0.1013  val_slot_acc=0.9869  val_loss=0.7429  val_acc=0.8957  lr=4.19e-04  (9.5s)
epoch  87/150  train_loss=0.0900  val_slot_acc=0.9869  val_loss=0.7441  val_acc=0.8893  lr=4.08e-04  (9.5s)
epoch  88/150  train_loss=0.0990  val_slot_acc=0.9895  val_loss=0.7057  val_acc=0.8971  lr=3.98e-04  (9.4s)
epoch  89/150  train_loss=0.0873  val_slot_acc=0.9830  val_loss=0.7316  val_acc=0.8971  lr=3.87e-04  (9.7s)
epoch  90/150  train_loss=0.0842  val_slot_acc=0.9843  val_loss=0.7517  val_acc=0.8985  lr=3.77e-04  (10.6s)
epoch  91/150  train_loss=0.0975  val_slot_acc=0.9856  val_loss=0.7143  val_acc=0.8978  lr=3.66e-04  (15.8s)
epoch  92/150  train_loss=0.0760  val_slot_acc=0.9882  val_loss=0.7318  val_acc=0.9035  lr=3.56e-04  (14.3s)
  -> saved new best checkpoint (val_acc=0.9035) to checkpoints/exp37b_me2_e150_s0.pt
epoch  93/150  train_loss=0.0803  val_slot_acc=0.9869  val_loss=0.7082  val_acc=0.8928  lr=3.45e-04  (13.8s)
epoch  94/150  train_loss=0.0788  val_slot_acc=0.9882  val_loss=0.7375  val_acc=0.8978  lr=3.35e-04  (12.9s)
epoch  95/150  train_loss=0.0866  val_slot_acc=0.9856  val_loss=0.7500  val_acc=0.8886  lr=3.25e-04  (15.5s)
epoch  96/150  train_loss=0.0854  val_slot_acc=0.9908  val_loss=0.7288  val_acc=0.8935  lr=3.15e-04  (16.6s)
epoch  97/150  train_loss=0.0808  val_slot_acc=0.9869  val_loss=0.7484  val_acc=0.8886  lr=3.05e-04  (13.5s)
epoch  98/150  train_loss=0.0777  val_slot_acc=0.9895  val_loss=0.7490  val_acc=0.8957  lr=2.95e-04  (14.3s)
epoch  99/150  train_loss=0.0776  val_slot_acc=0.9882  val_loss=0.7119  val_acc=0.8978  lr=2.85e-04  (14.3s)
epoch 100/150  train_loss=0.0768  val_slot_acc=0.9869  val_loss=0.6775  val_acc=0.9049  lr=2.75e-04  (15.2s)
  -> saved new best checkpoint (val_acc=0.9049) to checkpoints/exp37b_me2_e150_s0.pt
epoch 101/150  train_loss=0.0786  val_slot_acc=0.9895  val_loss=0.7182  val_acc=0.8999  lr=2.66e-04  (16.0s)
epoch 102/150  train_loss=0.0782  val_slot_acc=0.9895  val_loss=0.7298  val_acc=0.8999  lr=2.56e-04  (14.3s)
epoch 103/150  train_loss=0.0722  val_slot_acc=0.9895  val_loss=0.6959  val_acc=0.9006  lr=2.47e-04  (13.4s)
epoch 104/150  train_loss=0.0752  val_slot_acc=0.9882  val_loss=0.6942  val_acc=0.9028  lr=2.38e-04  (14.8s)
epoch 105/150  train_loss=0.0753  val_slot_acc=0.9882  val_loss=0.7146  val_acc=0.9070  lr=2.28e-04  (15.5s)
  -> saved new best checkpoint (val_acc=0.9070) to checkpoints/exp37b_me2_e150_s0.pt
epoch 106/150  train_loss=0.0668  val_slot_acc=0.9895  val_loss=0.7047  val_acc=0.9013  lr=2.19e-04  (15.0s)
epoch 107/150  train_loss=0.0733  val_slot_acc=0.9895  val_loss=0.7104  val_acc=0.9035  lr=2.11e-04  (13.5s)
epoch 108/150  train_loss=0.0708  val_slot_acc=0.9869  val_loss=0.7109  val_acc=0.8964  lr=2.02e-04  (15.8s)
epoch 109/150  train_loss=0.0737  val_slot_acc=0.9869  val_loss=0.7011  val_acc=0.9035  lr=1.93e-04  (15.0s)
epoch 110/150  train_loss=0.0764  val_slot_acc=0.9908  val_loss=0.7016  val_acc=0.9049  lr=1.85e-04  (13.7s)
epoch 111/150  train_loss=0.0739  val_slot_acc=0.9895  val_loss=0.7182  val_acc=0.9028  lr=1.76e-04  (14.2s)
epoch 112/150  train_loss=0.0683  val_slot_acc=0.9908  val_loss=0.7229  val_acc=0.9013  lr=1.68e-04  (14.5s)
epoch 113/150  train_loss=0.0689  val_slot_acc=0.9908  val_loss=0.7317  val_acc=0.9013  lr=1.60e-04  (14.9s)
epoch 114/150  train_loss=0.0659  val_slot_acc=0.9895  val_loss=0.7436  val_acc=0.9013  lr=1.52e-04  (14.2s)
epoch 115/150  train_loss=0.0605  val_slot_acc=0.9882  val_loss=0.7327  val_acc=0.8999  lr=1.45e-04  (13.8s)
epoch 116/150  train_loss=0.0632  val_slot_acc=0.9895  val_loss=0.7270  val_acc=0.9006  lr=1.37e-04  (14.7s)
epoch 117/150  train_loss=0.0676  val_slot_acc=0.9908  val_loss=0.7229  val_acc=0.8999  lr=1.30e-04  (15.3s)
epoch 118/150  train_loss=0.0596  val_slot_acc=0.9908  val_loss=0.7042  val_acc=0.9063  lr=1.22e-04  (13.7s)
epoch 119/150  train_loss=0.0669  val_slot_acc=0.9908  val_loss=0.7224  val_acc=0.9028  lr=1.15e-04  (13.6s)
epoch 120/150  train_loss=0.0595  val_slot_acc=0.9922  val_loss=0.7004  val_acc=0.9035  lr=1.09e-04  (15.7s)
epoch 121/150  train_loss=0.0681  val_slot_acc=0.9895  val_loss=0.6986  val_acc=0.9056  lr=1.02e-04  (13.6s)
epoch 122/150  train_loss=0.0597  val_slot_acc=0.9895  val_loss=0.6899  val_acc=0.9070  lr=9.55e-05  (13.5s)
epoch 123/150  train_loss=0.0578  val_slot_acc=0.9895  val_loss=0.7112  val_acc=0.9021  lr=8.92e-05  (13.0s)
epoch 124/150  train_loss=0.0619  val_slot_acc=0.9895  val_loss=0.6994  val_acc=0.9021  lr=8.31e-05  (14.9s)
epoch 125/150  train_loss=0.0567  val_slot_acc=0.9895  val_loss=0.6905  val_acc=0.9021  lr=7.73e-05  (13.0s)
epoch 126/150  train_loss=0.0607  val_slot_acc=0.9882  val_loss=0.7088  val_acc=0.9028  lr=7.16e-05  (12.3s)
epoch 127/150  train_loss=0.0590  val_slot_acc=0.9895  val_loss=0.7026  val_acc=0.9013  lr=6.61e-05  (14.4s)
epoch 128/150  train_loss=0.0582  val_slot_acc=0.9869  val_loss=0.6996  val_acc=0.9042  lr=6.08e-05  (14.3s)
epoch 129/150  train_loss=0.0652  val_slot_acc=0.9895  val_loss=0.7044  val_acc=0.9035  lr=5.57e-05  (12.8s)
epoch 130/150  train_loss=0.0602  val_slot_acc=0.9895  val_loss=0.7172  val_acc=0.9021  lr=5.09e-05  (13.1s)
epoch 131/150  train_loss=0.0565  val_slot_acc=0.9895  val_loss=0.7327  val_acc=0.8978  lr=4.62e-05  (15.4s)
epoch 132/150  train_loss=0.0571  val_slot_acc=0.9908  val_loss=0.7249  val_acc=0.9013  lr=4.18e-05  (14.5s)
epoch 133/150  train_loss=0.0497  val_slot_acc=0.9908  val_loss=0.7200  val_acc=0.9013  lr=3.75e-05  (13.2s)
epoch 134/150  train_loss=0.0606  val_slot_acc=0.9895  val_loss=0.7129  val_acc=0.9049  lr=3.35e-05  (12.5s)
epoch 135/150  train_loss=0.0545  val_slot_acc=0.9908  val_loss=0.7102  val_acc=0.9035  lr=2.97e-05  (15.3s)
epoch 136/150  train_loss=0.0555  val_slot_acc=0.9882  val_loss=0.7036  val_acc=0.9035  lr=2.62e-05  (14.8s)
epoch 137/150  train_loss=0.0578  val_slot_acc=0.9882  val_loss=0.7023  val_acc=0.9042  lr=2.28e-05  (11.7s)
epoch 138/150  train_loss=0.0606  val_slot_acc=0.9882  val_loss=0.7026  val_acc=0.9028  lr=1.97e-05  (13.8s)
epoch 139/150  train_loss=0.0591  val_slot_acc=0.9882  val_loss=0.7065  val_acc=0.9035  lr=1.68e-05  (14.6s)
epoch 140/150  train_loss=0.0660  val_slot_acc=0.9882  val_loss=0.7036  val_acc=0.9028  lr=1.41e-05  (13.1s)
epoch 141/150  train_loss=0.0595  val_slot_acc=0.9882  val_loss=0.7060  val_acc=0.9035  lr=1.17e-05  (13.6s)
epoch 142/150  train_loss=0.0511  val_slot_acc=0.9895  val_loss=0.7079  val_acc=0.9028  lr=9.48e-06  (14.1s)
epoch 143/150  train_loss=0.0537  val_slot_acc=0.9882  val_loss=0.7081  val_acc=0.9035  lr=7.49e-06  (14.1s)
epoch 144/150  train_loss=0.0545  val_slot_acc=0.9882  val_loss=0.7101  val_acc=0.9021  lr=5.74e-06  (13.6s)
epoch 145/150  train_loss=0.0534  val_slot_acc=0.9882  val_loss=0.7110  val_acc=0.9028  lr=4.22e-06  (13.5s)
epoch 146/150  train_loss=0.0659  val_slot_acc=0.9882  val_loss=0.7092  val_acc=0.9021  lr=2.93e-06  (14.7s)
epoch 147/150  train_loss=0.0527  val_slot_acc=0.9882  val_loss=0.7071  val_acc=0.9035  lr=1.88e-06  (13.1s)
epoch 148/150  train_loss=0.0547  val_slot_acc=0.9882  val_loss=0.7094  val_acc=0.9035  lr=1.06e-06  (13.1s)
epoch 149/150  train_loss=0.0565  val_slot_acc=0.9882  val_loss=0.7132  val_acc=0.9021  lr=4.69e-07  (14.0s)
epoch 150/150  train_loss=0.0535  val_slot_acc=0.9882  val_loss=0.7124  val_acc=0.9021  lr=1.17e-07  (12.3s)

Done. Best val_acc=0.9070, checkpoint at checkpoints/exp37b_me2_e150_s0.pt
