Using device: cuda, model: crnn, augment: False, seed: 2
Feature config: {'window_s': 5.0, 'trim': True}
Waveform augmentation on, noise bank: 11 train-split clips
train: 9273 examples (train_fraction=1.0), val: 1409 examples
Slot heads on: 5229 labeled train clips, weight 0.3
Using ConfusablePairLoss (alpha=2.0, gamma=0.0, label_smoothing=0.0)
Model params: 99,373
epoch   1/150  train_loss=3.3659  val_slot_acc=0.3373  val_loss=3.1532  val_acc=0.0163  lr=1.00e-05  (20.8s)
  -> saved new best checkpoint (val_acc=0.0163) to checkpoints/exp37b_me2_e150_s2.pt
epoch   2/150  train_loss=3.3106  val_slot_acc=0.3908  val_loss=3.0440  val_acc=0.1533  lr=2.08e-04  (15.1s)
  -> saved new best checkpoint (val_acc=0.1533) to checkpoints/exp37b_me2_e150_s2.pt
epoch   3/150  train_loss=3.0441  val_slot_acc=0.4431  val_loss=2.6204  val_acc=0.2874  lr=4.06e-04  (14.9s)
  -> saved new best checkpoint (val_acc=0.2874) to checkpoints/exp37b_me2_e150_s2.pt
epoch   4/150  train_loss=2.6570  val_slot_acc=0.5176  val_loss=2.3000  val_acc=0.4571  lr=6.04e-04  (14.8s)
  -> saved new best checkpoint (val_acc=0.4571) to checkpoints/exp37b_me2_e150_s2.pt
epoch   5/150  train_loss=2.1433  val_slot_acc=0.6719  val_loss=1.8203  val_acc=0.5962  lr=8.02e-04  (14.9s)
  -> saved new best checkpoint (val_acc=0.5962) to checkpoints/exp37b_me2_e150_s2.pt
epoch   6/150  train_loss=1.6948  val_slot_acc=0.7464  val_loss=1.5591  val_acc=0.6707  lr=1.00e-03  (14.9s)
  -> saved new best checkpoint (val_acc=0.6707) to checkpoints/exp37b_me2_e150_s2.pt
epoch   7/150  train_loss=1.3890  val_slot_acc=0.8784  val_loss=1.2913  val_acc=0.7310  lr=1.00e-03  (15.1s)
  -> saved new best checkpoint (val_acc=0.7310) to checkpoints/exp37b_me2_e150_s2.pt
epoch   8/150  train_loss=1.1988  val_slot_acc=0.9216  val_loss=1.1630  val_acc=0.7807  lr=1.00e-03  (14.6s)
  -> saved new best checkpoint (val_acc=0.7807) to checkpoints/exp37b_me2_e150_s2.pt
epoch   9/150  train_loss=1.0621  val_slot_acc=0.9386  val_loss=1.0957  val_acc=0.8013  lr=9.99e-04  (14.7s)
  -> saved new best checkpoint (val_acc=0.8013) to checkpoints/exp37b_me2_e150_s2.pt
epoch  10/150  train_loss=0.9584  val_slot_acc=0.9359  val_loss=0.9751  val_acc=0.8183  lr=9.98e-04  (15.0s)
  -> saved new best checkpoint (val_acc=0.8183) to checkpoints/exp37b_me2_e150_s2.pt
epoch  11/150  train_loss=0.8495  val_slot_acc=0.9307  val_loss=1.0373  val_acc=0.8133  lr=9.97e-04  (14.7s)
epoch  12/150  train_loss=0.7781  val_slot_acc=0.9451  val_loss=0.9186  val_acc=0.8368  lr=9.96e-04  (14.8s)
  -> saved new best checkpoint (val_acc=0.8368) to checkpoints/exp37b_me2_e150_s2.pt
epoch  13/150  train_loss=0.7096  val_slot_acc=0.9634  val_loss=0.9726  val_acc=0.8254  lr=9.94e-04  (15.3s)
epoch  14/150  train_loss=0.6803  val_slot_acc=0.9634  val_loss=0.8903  val_acc=0.8375  lr=9.93e-04  (15.4s)
  -> saved new best checkpoint (val_acc=0.8375) to checkpoints/exp37b_me2_e150_s2.pt
epoch  15/150  train_loss=0.6481  val_slot_acc=0.9595  val_loss=0.8250  val_acc=0.8417  lr=9.91e-04  (15.2s)
  -> saved new best checkpoint (val_acc=0.8417) to checkpoints/exp37b_me2_e150_s2.pt
epoch  16/150  train_loss=0.6009  val_slot_acc=0.9765  val_loss=0.7676  val_acc=0.8581  lr=9.88e-04  (15.2s)
  -> saved new best checkpoint (val_acc=0.8581) to checkpoints/exp37b_me2_e150_s2.pt
epoch  17/150  train_loss=0.5769  val_slot_acc=0.9712  val_loss=0.8322  val_acc=0.8410  lr=9.86e-04  (15.4s)
epoch  18/150  train_loss=0.5391  val_slot_acc=0.9725  val_loss=0.7751  val_acc=0.8616  lr=9.83e-04  (15.0s)
  -> saved new best checkpoint (val_acc=0.8616) to checkpoints/exp37b_me2_e150_s2.pt
epoch  19/150  train_loss=0.5036  val_slot_acc=0.9699  val_loss=0.7324  val_acc=0.8510  lr=9.80e-04  (14.9s)
epoch  20/150  train_loss=0.4943  val_slot_acc=0.9699  val_loss=0.7489  val_acc=0.8623  lr=9.77e-04  (14.9s)
  -> saved new best checkpoint (val_acc=0.8623) to checkpoints/exp37b_me2_e150_s2.pt
epoch  21/150  train_loss=0.4558  val_slot_acc=0.9739  val_loss=0.7343  val_acc=0.8680  lr=9.74e-04  (14.9s)
  -> saved new best checkpoint (val_acc=0.8680) to checkpoints/exp37b_me2_e150_s2.pt
epoch  22/150  train_loss=0.4475  val_slot_acc=0.9686  val_loss=0.7127  val_acc=0.8659  lr=9.70e-04  (15.3s)
epoch  23/150  train_loss=0.4346  val_slot_acc=0.9739  val_loss=0.7804  val_acc=0.8488  lr=9.66e-04  (15.4s)
epoch  24/150  train_loss=0.4315  val_slot_acc=0.9804  val_loss=0.7581  val_acc=0.8659  lr=9.62e-04  (15.2s)
epoch  25/150  train_loss=0.4051  val_slot_acc=0.9686  val_loss=0.7099  val_acc=0.8666  lr=9.58e-04  (15.1s)
epoch  26/150  train_loss=0.3761  val_slot_acc=0.9778  val_loss=0.6602  val_acc=0.8829  lr=9.54e-04  (14.7s)
  -> saved new best checkpoint (val_acc=0.8829) to checkpoints/exp37b_me2_e150_s2.pt
epoch  27/150  train_loss=0.3714  val_slot_acc=0.9686  val_loss=0.6982  val_acc=0.8708  lr=9.49e-04  (14.8s)
epoch  28/150  train_loss=0.3535  val_slot_acc=0.9673  val_loss=0.6705  val_acc=0.8730  lr=9.44e-04  (15.0s)
epoch  29/150  train_loss=0.3349  val_slot_acc=0.9817  val_loss=0.6886  val_acc=0.8808  lr=9.39e-04  (14.7s)
epoch  30/150  train_loss=0.3218  val_slot_acc=0.9791  val_loss=0.7213  val_acc=0.8680  lr=9.34e-04  (14.8s)
epoch  31/150  train_loss=0.3165  val_slot_acc=0.9712  val_loss=0.7074  val_acc=0.8758  lr=9.28e-04  (14.6s)
epoch  32/150  train_loss=0.3227  val_slot_acc=0.9725  val_loss=0.6827  val_acc=0.8793  lr=9.23e-04  (14.4s)
epoch  33/150  train_loss=0.3002  val_slot_acc=0.9725  val_loss=0.6790  val_acc=0.8793  lr=9.17e-04  (14.5s)
epoch  34/150  train_loss=0.2883  val_slot_acc=0.9699  val_loss=0.7019  val_acc=0.8801  lr=9.11e-04  (14.8s)
epoch  35/150  train_loss=0.2942  val_slot_acc=0.9712  val_loss=0.6839  val_acc=0.8829  lr=9.05e-04  (14.9s)
epoch  36/150  train_loss=0.2591  val_slot_acc=0.9647  val_loss=0.7227  val_acc=0.8801  lr=8.98e-04  (14.7s)
epoch  37/150  train_loss=0.2666  val_slot_acc=0.9725  val_loss=0.6931  val_acc=0.8786  lr=8.91e-04  (14.9s)
epoch  38/150  train_loss=0.2579  val_slot_acc=0.9686  val_loss=0.7593  val_acc=0.8737  lr=8.85e-04  (14.7s)
epoch  39/150  train_loss=0.2616  val_slot_acc=0.9712  val_loss=0.6895  val_acc=0.8843  lr=8.78e-04  (15.0s)
  -> saved new best checkpoint (val_acc=0.8843) to checkpoints/exp37b_me2_e150_s2.pt
epoch  40/150  train_loss=0.2465  val_slot_acc=0.9699  val_loss=0.7159  val_acc=0.8765  lr=8.70e-04  (14.9s)
epoch  41/150  train_loss=0.2389  val_slot_acc=0.9673  val_loss=0.7351  val_acc=0.8893  lr=8.63e-04  (14.5s)
  -> saved new best checkpoint (val_acc=0.8893) to checkpoints/exp37b_me2_e150_s2.pt
epoch  42/150  train_loss=0.2471  val_slot_acc=0.9791  val_loss=0.7039  val_acc=0.8772  lr=8.55e-04  (14.5s)
epoch  43/150  train_loss=0.2245  val_slot_acc=0.9647  val_loss=0.7549  val_acc=0.8708  lr=8.48e-04  (14.9s)
epoch  44/150  train_loss=0.2371  val_slot_acc=0.9634  val_loss=0.7382  val_acc=0.8779  lr=8.40e-04  (14.7s)
epoch  45/150  train_loss=0.2027  val_slot_acc=0.9791  val_loss=0.7843  val_acc=0.8701  lr=8.32e-04  (16.3s)
epoch  46/150  train_loss=0.2017  val_slot_acc=0.9686  val_loss=0.7199  val_acc=0.8815  lr=8.24e-04  (15.2s)
epoch  47/150  train_loss=0.1927  val_slot_acc=0.9817  val_loss=0.7514  val_acc=0.8779  lr=8.15e-04  (14.8s)
epoch  48/150  train_loss=0.1994  val_slot_acc=0.9725  val_loss=0.7554  val_acc=0.8715  lr=8.07e-04  (14.5s)
epoch  49/150  train_loss=0.1901  val_slot_acc=0.9739  val_loss=0.7320  val_acc=0.8822  lr=7.98e-04  (14.9s)
epoch  50/150  train_loss=0.1891  val_slot_acc=0.9752  val_loss=0.7073  val_acc=0.8815  lr=7.89e-04  (14.8s)
epoch  51/150  train_loss=0.1820  val_slot_acc=0.9765  val_loss=0.7626  val_acc=0.8815  lr=7.81e-04  (14.3s)
epoch  52/150  train_loss=0.1763  val_slot_acc=0.9778  val_loss=0.7073  val_acc=0.8850  lr=7.72e-04  (14.8s)
epoch  53/150  train_loss=0.1680  val_slot_acc=0.9725  val_loss=0.7849  val_acc=0.8751  lr=7.62e-04  (14.9s)
epoch  54/150  train_loss=0.1723  val_slot_acc=0.9725  val_loss=0.7641  val_acc=0.8850  lr=7.53e-04  (15.1s)
epoch  55/150  train_loss=0.1791  val_slot_acc=0.9752  val_loss=0.7269  val_acc=0.8886  lr=7.44e-04  (15.4s)
epoch  56/150  train_loss=0.1570  val_slot_acc=0.9778  val_loss=0.7411  val_acc=0.8822  lr=7.34e-04  (14.9s)
epoch  57/150  train_loss=0.1570  val_slot_acc=0.9712  val_loss=0.7438  val_acc=0.8886  lr=7.25e-04  (15.3s)
epoch  58/150  train_loss=0.1500  val_slot_acc=0.9739  val_loss=0.7432  val_acc=0.8935  lr=7.15e-04  (14.9s)
  -> saved new best checkpoint (val_acc=0.8935) to checkpoints/exp37b_me2_e150_s2.pt
epoch  59/150  train_loss=0.1468  val_slot_acc=0.9699  val_loss=0.7655  val_acc=0.8808  lr=7.05e-04  (14.9s)
epoch  60/150  train_loss=0.1484  val_slot_acc=0.9699  val_loss=0.7706  val_acc=0.8772  lr=6.95e-04  (14.9s)
epoch  61/150  train_loss=0.1361  val_slot_acc=0.9699  val_loss=0.7317  val_acc=0.8914  lr=6.85e-04  (14.9s)
epoch  62/150  train_loss=0.1386  val_slot_acc=0.9765  val_loss=0.7558  val_acc=0.8850  lr=6.75e-04  (14.5s)
epoch  63/150  train_loss=0.1398  val_slot_acc=0.9712  val_loss=0.7781  val_acc=0.8793  lr=6.65e-04  (14.6s)
epoch  64/150  train_loss=0.1505  val_slot_acc=0.9752  val_loss=0.7554  val_acc=0.8829  lr=6.55e-04  (14.9s)
epoch  65/150  train_loss=0.1352  val_slot_acc=0.9725  val_loss=0.7319  val_acc=0.8864  lr=6.44e-04  (15.0s)
epoch  66/150  train_loss=0.1493  val_slot_acc=0.9712  val_loss=0.7349  val_acc=0.8879  lr=6.34e-04  (15.7s)
epoch  67/150  train_loss=0.1342  val_slot_acc=0.9712  val_loss=0.7652  val_acc=0.8857  lr=6.23e-04  (15.2s)
epoch  68/150  train_loss=0.1208  val_slot_acc=0.9712  val_loss=0.7608  val_acc=0.8801  lr=6.13e-04  (15.5s)
epoch  69/150  train_loss=0.1094  val_slot_acc=0.9686  val_loss=0.7559  val_acc=0.8815  lr=6.02e-04  (15.5s)
epoch  70/150  train_loss=0.1243  val_slot_acc=0.9660  val_loss=0.8206  val_acc=0.8843  lr=5.92e-04  (14.9s)
epoch  71/150  train_loss=0.1219  val_slot_acc=0.9739  val_loss=0.7521  val_acc=0.8886  lr=5.81e-04  (14.7s)
epoch  72/150  train_loss=0.1303  val_slot_acc=0.9699  val_loss=0.7575  val_acc=0.8836  lr=5.70e-04  (15.2s)
epoch  73/150  train_loss=0.1156  val_slot_acc=0.9765  val_loss=0.7702  val_acc=0.8900  lr=5.59e-04  (15.0s)
epoch  74/150  train_loss=0.1110  val_slot_acc=0.9712  val_loss=0.8089  val_acc=0.8879  lr=5.49e-04  (14.7s)
epoch  75/150  train_loss=0.1066  val_slot_acc=0.9634  val_loss=0.7919  val_acc=0.8893  lr=5.38e-04  (14.8s)
epoch  76/150  train_loss=0.1021  val_slot_acc=0.9778  val_loss=0.7750  val_acc=0.8872  lr=5.27e-04  (14.7s)
epoch  77/150  train_loss=0.1085  val_slot_acc=0.9765  val_loss=0.7254  val_acc=0.8907  lr=5.16e-04  (14.6s)
epoch  78/150  train_loss=0.0994  val_slot_acc=0.9752  val_loss=0.7878  val_acc=0.8843  lr=5.05e-04  (14.6s)
epoch  79/150  train_loss=0.0985  val_slot_acc=0.9739  val_loss=0.7565  val_acc=0.8900  lr=4.95e-04  (14.8s)
epoch  80/150  train_loss=0.1045  val_slot_acc=0.9804  val_loss=0.7714  val_acc=0.8900  lr=4.84e-04  (14.9s)
epoch  81/150  train_loss=0.0925  val_slot_acc=0.9791  val_loss=0.7705  val_acc=0.8872  lr=4.73e-04  (9.4s)
epoch  82/150  train_loss=0.1018  val_slot_acc=0.9739  val_loss=0.7685  val_acc=0.8822  lr=4.62e-04  (9.6s)
epoch  83/150  train_loss=0.1071  val_slot_acc=0.9804  val_loss=0.7520  val_acc=0.8850  lr=4.51e-04  (10.0s)
epoch  84/150  train_loss=0.0938  val_slot_acc=0.9804  val_loss=0.7895  val_acc=0.8857  lr=4.41e-04  (10.1s)
epoch  85/150  train_loss=0.0995  val_slot_acc=0.9817  val_loss=0.8218  val_acc=0.8815  lr=4.30e-04  (10.0s)
epoch  86/150  train_loss=0.0868  val_slot_acc=0.9778  val_loss=0.8215  val_acc=0.8843  lr=4.19e-04  (9.6s)
epoch  87/150  train_loss=0.0861  val_slot_acc=0.9791  val_loss=0.8107  val_acc=0.8843  lr=4.08e-04  (9.4s)
epoch  88/150  train_loss=0.0839  val_slot_acc=0.9739  val_loss=0.8204  val_acc=0.8815  lr=3.98e-04  (9.4s)
epoch  89/150  train_loss=0.0841  val_slot_acc=0.9765  val_loss=0.7998  val_acc=0.8836  lr=3.87e-04  (9.3s)
epoch  90/150  train_loss=0.0926  val_slot_acc=0.9791  val_loss=0.8222  val_acc=0.8843  lr=3.77e-04  (9.9s)
epoch  91/150  train_loss=0.0959  val_slot_acc=0.9699  val_loss=0.8090  val_acc=0.8801  lr=3.66e-04  (15.5s)
epoch  92/150  train_loss=0.0836  val_slot_acc=0.9752  val_loss=0.8115  val_acc=0.8850  lr=3.56e-04  (14.0s)
epoch  93/150  train_loss=0.0804  val_slot_acc=0.9778  val_loss=0.8053  val_acc=0.8900  lr=3.45e-04  (12.5s)
epoch  94/150  train_loss=0.0981  val_slot_acc=0.9739  val_loss=0.8325  val_acc=0.8815  lr=3.35e-04  (14.2s)
epoch  95/150  train_loss=0.0800  val_slot_acc=0.9739  val_loss=0.7996  val_acc=0.8850  lr=3.25e-04  (15.3s)
epoch  96/150  train_loss=0.0768  val_slot_acc=0.9778  val_loss=0.7808  val_acc=0.8893  lr=3.15e-04  (13.6s)
epoch  97/150  train_loss=0.0765  val_slot_acc=0.9830  val_loss=0.7987  val_acc=0.8857  lr=3.05e-04  (12.3s)
epoch  98/150  train_loss=0.0769  val_slot_acc=0.9752  val_loss=0.7886  val_acc=0.8822  lr=2.95e-04  (14.1s)
epoch  99/150  train_loss=0.0732  val_slot_acc=0.9778  val_loss=0.8167  val_acc=0.8879  lr=2.85e-04  (13.6s)
epoch 100/150  train_loss=0.0635  val_slot_acc=0.9791  val_loss=0.8158  val_acc=0.8857  lr=2.75e-04  (12.8s)
epoch 101/150  train_loss=0.0687  val_slot_acc=0.9791  val_loss=0.7862  val_acc=0.8864  lr=2.66e-04  (12.8s)
epoch 102/150  train_loss=0.0671  val_slot_acc=0.9765  val_loss=0.8292  val_acc=0.8829  lr=2.56e-04  (15.0s)
epoch 103/150  train_loss=0.0650  val_slot_acc=0.9817  val_loss=0.8255  val_acc=0.8843  lr=2.47e-04  (14.1s)
epoch 104/150  train_loss=0.0694  val_slot_acc=0.9830  val_loss=0.7949  val_acc=0.8893  lr=2.38e-04  (12.2s)
epoch 105/150  train_loss=0.0720  val_slot_acc=0.9765  val_loss=0.7859  val_acc=0.8893  lr=2.28e-04  (14.0s)
epoch 106/150  train_loss=0.0677  val_slot_acc=0.9725  val_loss=0.7911  val_acc=0.8843  lr=2.19e-04  (15.3s)
epoch 107/150  train_loss=0.0668  val_slot_acc=0.9739  val_loss=0.7679  val_acc=0.8850  lr=2.11e-04  (15.3s)
epoch 108/150  train_loss=0.0710  val_slot_acc=0.9804  val_loss=0.8078  val_acc=0.8872  lr=2.02e-04  (13.0s)
epoch 109/150  train_loss=0.0709  val_slot_acc=0.9778  val_loss=0.8087  val_acc=0.8864  lr=1.93e-04  (13.9s)
epoch 110/150  train_loss=0.0621  val_slot_acc=0.9739  val_loss=0.8169  val_acc=0.8864  lr=1.85e-04  (13.9s)
epoch 111/150  train_loss=0.0604  val_slot_acc=0.9752  val_loss=0.7891  val_acc=0.8879  lr=1.76e-04  (15.0s)
epoch 112/150  train_loss=0.0598  val_slot_acc=0.9752  val_loss=0.7907  val_acc=0.8872  lr=1.68e-04  (14.0s)
epoch 113/150  train_loss=0.0616  val_slot_acc=0.9739  val_loss=0.7900  val_acc=0.8850  lr=1.60e-04  (15.1s)
epoch 114/150  train_loss=0.0656  val_slot_acc=0.9725  val_loss=0.8226  val_acc=0.8850  lr=1.52e-04  (13.3s)
epoch 115/150  train_loss=0.0614  val_slot_acc=0.9712  val_loss=0.7735  val_acc=0.8886  lr=1.45e-04  (13.7s)
epoch 116/150  train_loss=0.0577  val_slot_acc=0.9765  val_loss=0.7895  val_acc=0.8864  lr=1.37e-04  (14.9s)
epoch 117/150  train_loss=0.0629  val_slot_acc=0.9712  val_loss=0.7989  val_acc=0.8872  lr=1.30e-04  (15.7s)
epoch 118/150  train_loss=0.0609  val_slot_acc=0.9699  val_loss=0.7978  val_acc=0.8857  lr=1.22e-04  (12.4s)
epoch 119/150  train_loss=0.0578  val_slot_acc=0.9765  val_loss=0.8184  val_acc=0.8864  lr=1.15e-04  (12.8s)
epoch 120/150  train_loss=0.0582  val_slot_acc=0.9765  val_loss=0.8072  val_acc=0.8872  lr=1.09e-04  (15.2s)
epoch 121/150  train_loss=0.0550  val_slot_acc=0.9739  val_loss=0.8023  val_acc=0.8893  lr=1.02e-04  (14.0s)
epoch 122/150  train_loss=0.0558  val_slot_acc=0.9739  val_loss=0.7901  val_acc=0.8914  lr=9.55e-05  (11.9s)
epoch 123/150  train_loss=0.0585  val_slot_acc=0.9739  val_loss=0.7840  val_acc=0.8886  lr=8.92e-05  (14.2s)
epoch 124/150  train_loss=0.0600  val_slot_acc=0.9739  val_loss=0.7823  val_acc=0.8900  lr=8.31e-05  (14.5s)
epoch 125/150  train_loss=0.0553  val_slot_acc=0.9752  val_loss=0.7777  val_acc=0.8893  lr=7.73e-05  (13.9s)
epoch 126/150  train_loss=0.0521  val_slot_acc=0.9739  val_loss=0.7770  val_acc=0.8907  lr=7.16e-05  (12.4s)
epoch 127/150  train_loss=0.0470  val_slot_acc=0.9752  val_loss=0.7959  val_acc=0.8872  lr=6.61e-05  (13.7s)
epoch 128/150  train_loss=0.0501  val_slot_acc=0.9752  val_loss=0.7848  val_acc=0.8872  lr=6.08e-05  (15.1s)
epoch 129/150  train_loss=0.0516  val_slot_acc=0.9752  val_loss=0.7807  val_acc=0.8893  lr=5.57e-05  (12.9s)
epoch 130/150  train_loss=0.0559  val_slot_acc=0.9739  val_loss=0.7859  val_acc=0.8921  lr=5.09e-05  (12.7s)
epoch 131/150  train_loss=0.0519  val_slot_acc=0.9739  val_loss=0.7818  val_acc=0.8921  lr=4.62e-05  (15.1s)
epoch 132/150  train_loss=0.0518  val_slot_acc=0.9739  val_loss=0.7940  val_acc=0.8893  lr=4.18e-05  (15.1s)
epoch 133/150  train_loss=0.0554  val_slot_acc=0.9739  val_loss=0.7876  val_acc=0.8900  lr=3.75e-05  (13.3s)
epoch 134/150  train_loss=0.0460  val_slot_acc=0.9739  val_loss=0.7947  val_acc=0.8886  lr=3.35e-05  (12.9s)
epoch 135/150  train_loss=0.0504  val_slot_acc=0.9739  val_loss=0.7885  val_acc=0.8886  lr=2.97e-05  (15.0s)
epoch 136/150  train_loss=0.0501  val_slot_acc=0.9739  val_loss=0.7978  val_acc=0.8872  lr=2.62e-05  (15.9s)
epoch 137/150  train_loss=0.0532  val_slot_acc=0.9739  val_loss=0.7937  val_acc=0.8872  lr=2.28e-05  (15.0s)
epoch 138/150  train_loss=0.0509  val_slot_acc=0.9739  val_loss=0.7893  val_acc=0.8879  lr=1.97e-05  (12.9s)
epoch 139/150  train_loss=0.0485  val_slot_acc=0.9739  val_loss=0.7858  val_acc=0.8886  lr=1.68e-05  (13.7s)
epoch 140/150  train_loss=0.0533  val_slot_acc=0.9739  val_loss=0.7858  val_acc=0.8900  lr=1.41e-05  (15.4s)
epoch 141/150  train_loss=0.0577  val_slot_acc=0.9739  val_loss=0.7848  val_acc=0.8893  lr=1.17e-05  (12.6s)
epoch 142/150  train_loss=0.0488  val_slot_acc=0.9739  val_loss=0.7839  val_acc=0.8893  lr=9.48e-06  (13.4s)
epoch 143/150  train_loss=0.0536  val_slot_acc=0.9739  val_loss=0.7818  val_acc=0.8886  lr=7.49e-06  (14.4s)
epoch 144/150  train_loss=0.0517  val_slot_acc=0.9739  val_loss=0.7862  val_acc=0.8879  lr=5.74e-06  (14.3s)
epoch 145/150  train_loss=0.0499  val_slot_acc=0.9739  val_loss=0.7880  val_acc=0.8893  lr=4.22e-06  (13.7s)
epoch 146/150  train_loss=0.0502  val_slot_acc=0.9725  val_loss=0.7903  val_acc=0.8886  lr=2.93e-06  (13.7s)
epoch 147/150  train_loss=0.0532  val_slot_acc=0.9739  val_loss=0.7892  val_acc=0.8900  lr=1.88e-06  (14.8s)
epoch 148/150  train_loss=0.0467  val_slot_acc=0.9739  val_loss=0.7880  val_acc=0.8893  lr=1.06e-06  (14.2s)
epoch 149/150  train_loss=0.0498  val_slot_acc=0.9739  val_loss=0.7874  val_acc=0.8893  lr=4.69e-07  (13.3s)
epoch 150/150  train_loss=0.0535  val_slot_acc=0.9739  val_loss=0.7896  val_acc=0.8893  lr=1.17e-07  (13.5s)

Done. Best val_acc=0.8935, checkpoint at checkpoints/exp37b_me2_e150_s2.pt
