Using device: cuda, model: crnn, augment: False, seed: 2
Feature config: {'window_s': 5.0, 'trim': True}
Waveform augmentation on, noise bank: 11 train-split clips
train: 9273 examples (train_fraction=1.0), val: 1409 examples
Slot heads on: 5229 labeled train clips, weight 0.3
Using ConfusablePairLoss (alpha=2.0, gamma=0.0, label_smoothing=0.0)
Model params: 99,373
/mnt/jfs_hpc/home/quiel.andrew.quiwa/quielq-vcm/.venv/lib/python3.12/site-packages/torch/nn/modules/rnn.py:1440: UserWarning: RNN module weights are not part of single contiguous chunk of memory. This means they need to be compacted at every call, possibly greatly increasing memory usage. To compact weights again call flatten_parameters(). (Triggered internally at /__w/pytorch/pytorch/aten/src/ATen/native/cudnn/RNN.cpp:1481.)
  result = _VF.gru(
epoch   1/80  train_loss=3.3659  val_slot_acc=0.3203  val_loss=3.1587  val_acc=0.0958  lr=1.00e-05  (23.4s)
  -> saved new best checkpoint (val_acc=0.0958) to checkpoints/exp39e_ema_s2.pt
epoch   2/80  train_loss=3.3108  val_slot_acc=0.3216  val_loss=3.1586  val_acc=0.0958  lr=2.08e-04  (14.3s)
epoch   3/80  train_loss=3.0426  val_slot_acc=0.3203  val_loss=3.1579  val_acc=0.0958  lr=4.06e-04  (14.6s)
epoch   4/80  train_loss=2.6473  val_slot_acc=0.3203  val_loss=3.1565  val_acc=0.0958  lr=6.04e-04  (19.0s)
epoch   5/80  train_loss=2.1455  val_slot_acc=0.3203  val_loss=3.1553  val_acc=0.0376  lr=8.02e-04  (17.3s)
epoch   6/80  train_loss=1.6875  val_slot_acc=0.3203  val_loss=3.1544  val_acc=0.0440  lr=1.00e-03  (11.9s)
epoch   7/80  train_loss=1.3776  val_slot_acc=0.3203  val_loss=3.1544  val_acc=0.0447  lr=1.00e-03  (13.4s)
epoch   8/80  train_loss=1.1775  val_slot_acc=0.3268  val_loss=3.1561  val_acc=0.0447  lr=9.98e-04  (13.6s)
epoch   9/80  train_loss=1.0411  val_slot_acc=0.3268  val_loss=3.1610  val_acc=0.0447  lr=9.96e-04  (12.3s)
epoch  10/80  train_loss=0.9523  val_slot_acc=0.3268  val_loss=3.1707  val_acc=0.0263  lr=9.93e-04  (12.9s)
epoch  11/80  train_loss=0.8465  val_slot_acc=0.3281  val_loss=3.1876  val_acc=0.0263  lr=9.89e-04  (15.0s)
epoch  12/80  train_loss=0.7739  val_slot_acc=0.3281  val_loss=3.2122  val_acc=0.0263  lr=9.84e-04  (15.4s)
epoch  13/80  train_loss=0.7219  val_slot_acc=0.3281  val_loss=3.2484  val_acc=0.0291  lr=9.79e-04  (13.3s)
epoch  14/80  train_loss=0.6909  val_slot_acc=0.3307  val_loss=3.3151  val_acc=0.0291  lr=9.72e-04  (13.6s)
epoch  15/80  train_loss=0.6432  val_slot_acc=0.3307  val_loss=3.4256  val_acc=0.0291  lr=9.65e-04  (13.8s)
epoch  16/80  train_loss=0.6024  val_slot_acc=0.3307  val_loss=3.5830  val_acc=0.0291  lr=9.57e-04  (15.0s)
epoch  17/80  train_loss=0.5726  val_slot_acc=0.3386  val_loss=3.7813  val_acc=0.0291  lr=9.48e-04  (14.9s)
epoch  18/80  train_loss=0.5299  val_slot_acc=0.3386  val_loss=3.9683  val_acc=0.0291  lr=9.38e-04  (14.4s)
epoch  19/80  train_loss=0.4987  val_slot_acc=0.3477  val_loss=4.1460  val_acc=0.0291  lr=9.28e-04  (16.1s)
epoch  20/80  train_loss=0.4928  val_slot_acc=0.3477  val_loss=4.3013  val_acc=0.0291  lr=9.16e-04  (16.0s)
epoch  21/80  train_loss=0.4617  val_slot_acc=0.3477  val_loss=4.4329  val_acc=0.0291  lr=9.05e-04  (14.5s)
epoch  22/80  train_loss=0.4549  val_slot_acc=0.3477  val_loss=4.5536  val_acc=0.0291  lr=8.92e-04  (15.0s)
epoch  23/80  train_loss=0.4207  val_slot_acc=0.3477  val_loss=4.6639  val_acc=0.0291  lr=8.78e-04  (14.6s)
epoch  24/80  train_loss=0.4098  val_slot_acc=0.3477  val_loss=4.7665  val_acc=0.0291  lr=8.64e-04  (14.9s)
epoch  25/80  train_loss=0.3896  val_slot_acc=0.3477  val_loss=4.8610  val_acc=0.0291  lr=8.50e-04  (14.7s)
epoch  26/80  train_loss=0.3741  val_slot_acc=0.3477  val_loss=4.9496  val_acc=0.0291  lr=8.35e-04  (14.9s)
epoch  27/80  train_loss=0.3585  val_slot_acc=0.3477  val_loss=5.0396  val_acc=0.0291  lr=8.19e-04  (16.3s)
epoch  28/80  train_loss=0.3351  val_slot_acc=0.3477  val_loss=5.1268  val_acc=0.0291  lr=8.02e-04  (17.7s)
epoch  29/80  train_loss=0.3268  val_slot_acc=0.3477  val_loss=5.2077  val_acc=0.0291  lr=7.85e-04  (18.3s)
epoch  30/80  train_loss=0.3133  val_slot_acc=0.3477  val_loss=5.2870  val_acc=0.0291  lr=7.68e-04  (16.8s)
epoch  31/80  train_loss=0.3075  val_slot_acc=0.3477  val_loss=5.3532  val_acc=0.0291  lr=7.50e-04  (17.4s)
epoch  32/80  train_loss=0.3021  val_slot_acc=0.3477  val_loss=5.4122  val_acc=0.0291  lr=7.32e-04  (16.7s)
epoch  33/80  train_loss=0.2855  val_slot_acc=0.3477  val_loss=5.4700  val_acc=0.0291  lr=7.13e-04  (14.8s)
epoch  34/80  train_loss=0.2750  val_slot_acc=0.3477  val_loss=5.5023  val_acc=0.0284  lr=6.94e-04  (15.9s)
epoch  35/80  train_loss=0.2823  val_slot_acc=0.3477  val_loss=5.4849  val_acc=0.0291  lr=6.74e-04  (15.1s)
epoch  36/80  train_loss=0.2656  val_slot_acc=0.3477  val_loss=5.4216  val_acc=0.0326  lr=6.55e-04  (15.4s)
epoch  37/80  train_loss=0.2532  val_slot_acc=0.3451  val_loss=5.2840  val_acc=0.0369  lr=6.34e-04  (15.8s)
epoch  38/80  train_loss=0.2491  val_slot_acc=0.3621  val_loss=5.0702  val_acc=0.0504  lr=6.14e-04  (15.8s)
epoch  39/80  train_loss=0.2408  val_slot_acc=0.3686  val_loss=4.7626  val_acc=0.0625  lr=5.94e-04  (16.6s)
epoch  40/80  train_loss=0.2365  val_slot_acc=0.3935  val_loss=4.3922  val_acc=0.0837  lr=5.73e-04  (15.1s)
epoch  41/80  train_loss=0.2329  val_slot_acc=0.4431  val_loss=3.9774  val_acc=0.1178  lr=5.52e-04  (14.6s)
  -> saved new best checkpoint (val_acc=0.1178) to checkpoints/exp39e_ema_s2.pt
epoch  42/80  train_loss=0.2157  val_slot_acc=0.4863  val_loss=3.5359  val_acc=0.1547  lr=5.31e-04  (15.6s)
  -> saved new best checkpoint (val_acc=0.1547) to checkpoints/exp39e_ema_s2.pt
epoch  43/80  train_loss=0.2094  val_slot_acc=0.5399  val_loss=3.0870  val_acc=0.2143  lr=5.10e-04  (16.3s)
  -> saved new best checkpoint (val_acc=0.2143) to checkpoints/exp39e_ema_s2.pt
epoch  44/80  train_loss=0.2139  val_slot_acc=0.6052  val_loss=2.6524  val_acc=0.2981  lr=4.90e-04  (15.5s)
  -> saved new best checkpoint (val_acc=0.2981) to checkpoints/exp39e_ema_s2.pt
epoch  45/80  train_loss=0.1984  val_slot_acc=0.6771  val_loss=2.2530  val_acc=0.4010  lr=4.69e-04  (16.1s)
  -> saved new best checkpoint (val_acc=0.4010) to checkpoints/exp39e_ema_s2.pt
epoch  46/80  train_loss=0.1923  val_slot_acc=0.7268  val_loss=1.9334  val_acc=0.4982  lr=4.48e-04  (15.6s)
  -> saved new best checkpoint (val_acc=0.4982) to checkpoints/exp39e_ema_s2.pt
epoch  47/80  train_loss=0.1754  val_slot_acc=0.7752  val_loss=1.6765  val_acc=0.5692  lr=4.27e-04  (15.9s)
  -> saved new best checkpoint (val_acc=0.5692) to checkpoints/exp39e_ema_s2.pt
epoch  48/80  train_loss=0.1752  val_slot_acc=0.8248  val_loss=1.4741  val_acc=0.6231  lr=4.06e-04  (15.7s)
  -> saved new best checkpoint (val_acc=0.6231) to checkpoints/exp39e_ema_s2.pt
epoch  49/80  train_loss=0.1791  val_slot_acc=0.8614  val_loss=1.3011  val_acc=0.6757  lr=3.86e-04  (15.6s)
  -> saved new best checkpoint (val_acc=0.6757) to checkpoints/exp39e_ema_s2.pt
epoch  50/80  train_loss=0.1624  val_slot_acc=0.8824  val_loss=1.1686  val_acc=0.7161  lr=3.66e-04  (15.4s)
  -> saved new best checkpoint (val_acc=0.7161) to checkpoints/exp39e_ema_s2.pt
epoch  51/80  train_loss=0.1751  val_slot_acc=0.8967  val_loss=1.0677  val_acc=0.7537  lr=3.45e-04  (15.4s)
  -> saved new best checkpoint (val_acc=0.7537) to checkpoints/exp39e_ema_s2.pt
epoch  52/80  train_loss=0.1632  val_slot_acc=0.9085  val_loss=0.9877  val_acc=0.7807  lr=3.26e-04  (15.7s)
  -> saved new best checkpoint (val_acc=0.7807) to checkpoints/exp39e_ema_s2.pt
epoch  53/80  train_loss=0.1571  val_slot_acc=0.9216  val_loss=0.9214  val_acc=0.8070  lr=3.06e-04  (15.6s)
  -> saved new best checkpoint (val_acc=0.8070) to checkpoints/exp39e_ema_s2.pt
epoch  54/80  train_loss=0.1567  val_slot_acc=0.9294  val_loss=0.8734  val_acc=0.8240  lr=2.87e-04  (17.3s)
  -> saved new best checkpoint (val_acc=0.8240) to checkpoints/exp39e_ema_s2.pt
epoch  55/80  train_loss=0.1578  val_slot_acc=0.9451  val_loss=0.8388  val_acc=0.8361  lr=2.68e-04  (17.4s)
  -> saved new best checkpoint (val_acc=0.8361) to checkpoints/exp39e_ema_s2.pt
epoch  56/80  train_loss=0.1547  val_slot_acc=0.9490  val_loss=0.8126  val_acc=0.8424  lr=2.50e-04  (15.9s)
  -> saved new best checkpoint (val_acc=0.8424) to checkpoints/exp39e_ema_s2.pt
epoch  57/80  train_loss=0.1552  val_slot_acc=0.9503  val_loss=0.7910  val_acc=0.8474  lr=2.32e-04  (16.9s)
  -> saved new best checkpoint (val_acc=0.8474) to checkpoints/exp39e_ema_s2.pt
epoch  58/80  train_loss=0.1485  val_slot_acc=0.9529  val_loss=0.7736  val_acc=0.8531  lr=2.15e-04  (18.4s)
  -> saved new best checkpoint (val_acc=0.8531) to checkpoints/exp39e_ema_s2.pt
epoch  59/80  train_loss=0.1366  val_slot_acc=0.9556  val_loss=0.7592  val_acc=0.8517  lr=1.98e-04  (17.3s)
epoch  60/80  train_loss=0.1420  val_slot_acc=0.9582  val_loss=0.7480  val_acc=0.8573  lr=1.81e-04  (15.5s)
  -> saved new best checkpoint (val_acc=0.8573) to checkpoints/exp39e_ema_s2.pt
epoch  61/80  train_loss=0.1419  val_slot_acc=0.9621  val_loss=0.7380  val_acc=0.8616  lr=1.65e-04  (15.3s)
  -> saved new best checkpoint (val_acc=0.8616) to checkpoints/exp39e_ema_s2.pt
epoch  62/80  train_loss=0.1418  val_slot_acc=0.9634  val_loss=0.7296  val_acc=0.8616  lr=1.50e-04  (14.9s)
epoch  63/80  train_loss=0.1348  val_slot_acc=0.9647  val_loss=0.7216  val_acc=0.8637  lr=1.36e-04  (14.9s)
  -> saved new best checkpoint (val_acc=0.8637) to checkpoints/exp39e_ema_s2.pt
epoch  64/80  train_loss=0.1339  val_slot_acc=0.9660  val_loss=0.7153  val_acc=0.8659  lr=1.22e-04  (15.3s)
  -> saved new best checkpoint (val_acc=0.8659) to checkpoints/exp39e_ema_s2.pt
epoch  65/80  train_loss=0.1308  val_slot_acc=0.9699  val_loss=0.7107  val_acc=0.8715  lr=1.08e-04  (15.2s)
  -> saved new best checkpoint (val_acc=0.8715) to checkpoints/exp39e_ema_s2.pt
epoch  66/80  train_loss=0.1288  val_slot_acc=0.9699  val_loss=0.7057  val_acc=0.8715  lr=9.55e-05  (14.8s)
epoch  67/80  train_loss=0.1342  val_slot_acc=0.9725  val_loss=0.7016  val_acc=0.8737  lr=8.35e-05  (15.6s)
  -> saved new best checkpoint (val_acc=0.8737) to checkpoints/exp39e_ema_s2.pt
epoch  68/80  train_loss=0.1236  val_slot_acc=0.9725  val_loss=0.6981  val_acc=0.8737  lr=7.23e-05  (17.8s)
epoch  69/80  train_loss=0.1180  val_slot_acc=0.9739  val_loss=0.6951  val_acc=0.8737  lr=6.18e-05  (18.3s)
epoch  70/80  train_loss=0.1272  val_slot_acc=0.9725  val_loss=0.6924  val_acc=0.8765  lr=5.21e-05  (16.4s)
  -> saved new best checkpoint (val_acc=0.8765) to checkpoints/exp39e_ema_s2.pt
epoch  71/80  train_loss=0.1173  val_slot_acc=0.9752  val_loss=0.6895  val_acc=0.8772  lr=4.32e-05  (16.5s)
  -> saved new best checkpoint (val_acc=0.8772) to checkpoints/exp39e_ema_s2.pt
epoch  72/80  train_loss=0.1275  val_slot_acc=0.9765  val_loss=0.6876  val_acc=0.8765  lr=3.51e-05  (16.2s)
epoch  73/80  train_loss=0.1209  val_slot_acc=0.9752  val_loss=0.6862  val_acc=0.8786  lr=2.78e-05  (14.7s)
  -> saved new best checkpoint (val_acc=0.8786) to checkpoints/exp39e_ema_s2.pt
epoch  74/80  train_loss=0.1177  val_slot_acc=0.9752  val_loss=0.6848  val_acc=0.8801  lr=2.13e-05  (15.0s)
  -> saved new best checkpoint (val_acc=0.8801) to checkpoints/exp39e_ema_s2.pt
epoch  75/80  train_loss=0.1201  val_slot_acc=0.9752  val_loss=0.6837  val_acc=0.8808  lr=1.57e-05  (15.7s)
  -> saved new best checkpoint (val_acc=0.8808) to checkpoints/exp39e_ema_s2.pt
epoch  76/80  train_loss=0.1181  val_slot_acc=0.9752  val_loss=0.6829  val_acc=0.8808  lr=1.09e-05  (14.0s)
epoch  77/80  train_loss=0.1236  val_slot_acc=0.9778  val_loss=0.6822  val_acc=0.8808  lr=7.00e-06  (11.6s)
epoch  78/80  train_loss=0.1140  val_slot_acc=0.9791  val_loss=0.6815  val_acc=0.8815  lr=3.94e-06  (10.9s)
  -> saved new best checkpoint (val_acc=0.8815) to checkpoints/exp39e_ema_s2.pt
epoch  79/80  train_loss=0.1138  val_slot_acc=0.9804  val_loss=0.6809  val_acc=0.8808  lr=1.75e-06  (11.5s)
epoch  80/80  train_loss=0.1262  val_slot_acc=0.9804  val_loss=0.6800  val_acc=0.8808  lr=4.39e-07  (11.1s)

Done. Best val_acc=0.8815, checkpoint at checkpoints/exp39e_ema_s2.pt
