Using device: cuda, model: crnn, augment: False, seed: 0
Feature config: {'window_s': 5.0, 'trim': True}
Waveform augmentation on, noise bank: 11 train-split clips
train: 9273 examples (train_fraction=1.0), val: 1409 examples
Slot heads on: 5229 labeled train clips, weight 0.3
Using ConfusablePairLoss (alpha=2.0, gamma=0.0, label_smoothing=0.0)
Model params: 99,373
/mnt/jfs_hpc/home/quiel.andrew.quiwa/quielq-vcm/.venv/lib/python3.12/site-packages/torch/nn/modules/rnn.py:1440: UserWarning: RNN module weights are not part of single contiguous chunk of memory. This means they need to be compacted at every call, possibly greatly increasing memory usage. To compact weights again call flatten_parameters(). (Triggered internally at /__w/pytorch/pytorch/aten/src/ATen/native/cudnn/RNN.cpp:1481.)
  result = _VF.gru(
epoch   1/80  train_loss=3.3687  val_slot_acc=0.3399  val_loss=3.1544  val_acc=0.0440  lr=1.00e-05  (22.2s)
  -> saved new best checkpoint (val_acc=0.0440) to checkpoints/exp39e_ema_s0.pt
epoch   2/80  train_loss=3.3194  val_slot_acc=0.3399  val_loss=3.1544  val_acc=0.0440  lr=2.08e-04  (13.9s)
epoch   3/80  train_loss=3.1456  val_slot_acc=0.3399  val_loss=3.1541  val_acc=0.0440  lr=4.06e-04  (16.0s)
epoch   4/80  train_loss=2.7216  val_slot_acc=0.3399  val_loss=3.1532  val_acc=0.0440  lr=6.04e-04  (14.7s)
epoch   5/80  train_loss=2.1657  val_slot_acc=0.3399  val_loss=3.1517  val_acc=0.0440  lr=8.02e-04  (13.8s)
epoch   6/80  train_loss=1.7264  val_slot_acc=0.3399  val_loss=3.1502  val_acc=0.0440  lr=1.00e-03  (12.0s)
epoch   7/80  train_loss=1.4184  val_slot_acc=0.3399  val_loss=3.1498  val_acc=0.0348  lr=1.00e-03  (15.1s)
epoch   8/80  train_loss=1.2371  val_slot_acc=0.3516  val_loss=3.1525  val_acc=0.0291  lr=9.98e-04  (14.7s)
epoch   9/80  train_loss=1.0971  val_slot_acc=0.3516  val_loss=3.1615  val_acc=0.0291  lr=9.96e-04  (11.7s)
epoch  10/80  train_loss=0.9758  val_slot_acc=0.3516  val_loss=3.1805  val_acc=0.0291  lr=9.93e-04  (12.9s)
epoch  11/80  train_loss=0.8950  val_slot_acc=0.3386  val_loss=3.2153  val_acc=0.0291  lr=9.89e-04  (13.8s)
epoch  12/80  train_loss=0.8227  val_slot_acc=0.3386  val_loss=3.2710  val_acc=0.0291  lr=9.84e-04  (15.3s)
epoch  13/80  train_loss=0.7583  val_slot_acc=0.3386  val_loss=3.3582  val_acc=0.0291  lr=9.79e-04  (13.9s)
epoch  14/80  train_loss=0.7023  val_slot_acc=0.3386  val_loss=3.4740  val_acc=0.0291  lr=9.72e-04  (14.9s)
epoch  15/80  train_loss=0.6669  val_slot_acc=0.3386  val_loss=3.6141  val_acc=0.0291  lr=9.65e-04  (15.1s)
epoch  16/80  train_loss=0.6303  val_slot_acc=0.3386  val_loss=3.7791  val_acc=0.0291  lr=9.57e-04  (14.4s)
epoch  17/80  train_loss=0.5874  val_slot_acc=0.3386  val_loss=3.9519  val_acc=0.0291  lr=9.48e-04  (12.9s)
epoch  18/80  train_loss=0.5757  val_slot_acc=0.3386  val_loss=4.1032  val_acc=0.0291  lr=9.38e-04  (13.1s)
epoch  19/80  train_loss=0.5308  val_slot_acc=0.3386  val_loss=4.2503  val_acc=0.0291  lr=9.28e-04  (13.3s)
epoch  20/80  train_loss=0.5074  val_slot_acc=0.3386  val_loss=4.3630  val_acc=0.0291  lr=9.16e-04  (14.3s)
epoch  21/80  train_loss=0.4861  val_slot_acc=0.3386  val_loss=4.4563  val_acc=0.0291  lr=9.05e-04  (14.4s)
epoch  22/80  train_loss=0.4836  val_slot_acc=0.3386  val_loss=4.5163  val_acc=0.0291  lr=8.92e-04  (15.1s)
epoch  23/80  train_loss=0.4637  val_slot_acc=0.3386  val_loss=4.5457  val_acc=0.0291  lr=8.78e-04  (16.2s)
epoch  24/80  train_loss=0.4331  val_slot_acc=0.3386  val_loss=4.5586  val_acc=0.0291  lr=8.64e-04  (15.0s)
epoch  25/80  train_loss=0.4196  val_slot_acc=0.3386  val_loss=4.5780  val_acc=0.0291  lr=8.50e-04  (13.7s)
epoch  26/80  train_loss=0.4079  val_slot_acc=0.3386  val_loss=4.5948  val_acc=0.0291  lr=8.35e-04  (15.8s)
epoch  27/80  train_loss=0.3802  val_slot_acc=0.3386  val_loss=4.6245  val_acc=0.0291  lr=8.19e-04  (15.8s)
epoch  28/80  train_loss=0.3717  val_slot_acc=0.3386  val_loss=4.6577  val_acc=0.0298  lr=8.02e-04  (19.2s)
epoch  29/80  train_loss=0.3661  val_slot_acc=0.3386  val_loss=4.6808  val_acc=0.0405  lr=7.85e-04  (18.7s)
epoch  30/80  train_loss=0.3399  val_slot_acc=0.3399  val_loss=4.7050  val_acc=0.0412  lr=7.68e-04  (16.4s)
epoch  31/80  train_loss=0.3199  val_slot_acc=0.3490  val_loss=4.7197  val_acc=0.0362  lr=7.50e-04  (14.2s)
epoch  32/80  train_loss=0.3293  val_slot_acc=0.3490  val_loss=4.7256  val_acc=0.0355  lr=7.32e-04  (13.5s)
epoch  33/80  train_loss=0.3149  val_slot_acc=0.3503  val_loss=4.7130  val_acc=0.0376  lr=7.13e-04  (15.0s)
epoch  34/80  train_loss=0.2952  val_slot_acc=0.3595  val_loss=4.6632  val_acc=0.0369  lr=6.94e-04  (15.7s)
epoch  35/80  train_loss=0.2792  val_slot_acc=0.3556  val_loss=4.5726  val_acc=0.0362  lr=6.74e-04  (15.7s)
epoch  36/80  train_loss=0.2901  val_slot_acc=0.3699  val_loss=4.4178  val_acc=0.0426  lr=6.55e-04  (15.5s)
epoch  37/80  train_loss=0.2644  val_slot_acc=0.3856  val_loss=4.1792  val_acc=0.0589  lr=6.34e-04  (15.5s)
  -> saved new best checkpoint (val_acc=0.0589) to checkpoints/exp39e_ema_s0.pt
epoch  38/80  train_loss=0.2775  val_slot_acc=0.4131  val_loss=3.8672  val_acc=0.0816  lr=6.14e-04  (15.8s)
  -> saved new best checkpoint (val_acc=0.0816) to checkpoints/exp39e_ema_s0.pt
epoch  39/80  train_loss=0.2612  val_slot_acc=0.4444  val_loss=3.5053  val_acc=0.1221  lr=5.94e-04  (19.4s)
  -> saved new best checkpoint (val_acc=0.1221) to checkpoints/exp39e_ema_s0.pt
epoch  40/80  train_loss=0.2469  val_slot_acc=0.4889  val_loss=3.1066  val_acc=0.1852  lr=5.73e-04  (16.0s)
  -> saved new best checkpoint (val_acc=0.1852) to checkpoints/exp39e_ema_s0.pt
epoch  41/80  train_loss=0.2492  val_slot_acc=0.5229  val_loss=2.6887  val_acc=0.2782  lr=5.52e-04  (14.9s)
  -> saved new best checkpoint (val_acc=0.2782) to checkpoints/exp39e_ema_s0.pt
epoch  42/80  train_loss=0.2202  val_slot_acc=0.6013  val_loss=2.2866  val_acc=0.3946  lr=5.31e-04  (13.7s)
  -> saved new best checkpoint (val_acc=0.3946) to checkpoints/exp39e_ema_s0.pt
epoch  43/80  train_loss=0.2132  val_slot_acc=0.6706  val_loss=1.9636  val_acc=0.4954  lr=5.10e-04  (14.5s)
  -> saved new best checkpoint (val_acc=0.4954) to checkpoints/exp39e_ema_s0.pt
epoch  44/80  train_loss=0.2252  val_slot_acc=0.7255  val_loss=1.6961  val_acc=0.5720  lr=4.90e-04  (15.6s)
  -> saved new best checkpoint (val_acc=0.5720) to checkpoints/exp39e_ema_s0.pt
epoch  45/80  train_loss=0.2190  val_slot_acc=0.7660  val_loss=1.4891  val_acc=0.6451  lr=4.69e-04  (15.7s)
  -> saved new best checkpoint (val_acc=0.6451) to checkpoints/exp39e_ema_s0.pt
epoch  46/80  train_loss=0.2178  val_slot_acc=0.7987  val_loss=1.3282  val_acc=0.7012  lr=4.48e-04  (16.0s)
  -> saved new best checkpoint (val_acc=0.7012) to checkpoints/exp39e_ema_s0.pt
epoch  47/80  train_loss=0.2137  val_slot_acc=0.8353  val_loss=1.2018  val_acc=0.7480  lr=4.27e-04  (15.5s)
  -> saved new best checkpoint (val_acc=0.7480) to checkpoints/exp39e_ema_s0.pt
epoch  48/80  train_loss=0.1996  val_slot_acc=0.8536  val_loss=1.1077  val_acc=0.7800  lr=4.06e-04  (15.6s)
  -> saved new best checkpoint (val_acc=0.7800) to checkpoints/exp39e_ema_s0.pt
epoch  49/80  train_loss=0.1957  val_slot_acc=0.8732  val_loss=1.0389  val_acc=0.7991  lr=3.86e-04  (16.1s)
  -> saved new best checkpoint (val_acc=0.7991) to checkpoints/exp39e_ema_s0.pt
epoch  50/80  train_loss=0.1821  val_slot_acc=0.8954  val_loss=0.9838  val_acc=0.8169  lr=3.66e-04  (15.5s)
  -> saved new best checkpoint (val_acc=0.8169) to checkpoints/exp39e_ema_s0.pt
epoch  51/80  train_loss=0.1879  val_slot_acc=0.9150  val_loss=0.9401  val_acc=0.8261  lr=3.45e-04  (15.4s)
  -> saved new best checkpoint (val_acc=0.8261) to checkpoints/exp39e_ema_s0.pt
epoch  52/80  train_loss=0.1756  val_slot_acc=0.9307  val_loss=0.9031  val_acc=0.8353  lr=3.26e-04  (15.6s)
  -> saved new best checkpoint (val_acc=0.8353) to checkpoints/exp39e_ema_s0.pt
epoch  53/80  train_loss=0.1763  val_slot_acc=0.9346  val_loss=0.8734  val_acc=0.8439  lr=3.06e-04  (15.3s)
  -> saved new best checkpoint (val_acc=0.8439) to checkpoints/exp39e_ema_s0.pt
epoch  54/80  train_loss=0.1676  val_slot_acc=0.9451  val_loss=0.8491  val_acc=0.8517  lr=2.87e-04  (15.3s)
  -> saved new best checkpoint (val_acc=0.8517) to checkpoints/exp39e_ema_s0.pt
epoch  55/80  train_loss=0.1747  val_slot_acc=0.9529  val_loss=0.8293  val_acc=0.8566  lr=2.68e-04  (17.2s)
  -> saved new best checkpoint (val_acc=0.8566) to checkpoints/exp39e_ema_s0.pt
epoch  56/80  train_loss=0.1647  val_slot_acc=0.9595  val_loss=0.8128  val_acc=0.8623  lr=2.50e-04  (17.7s)
  -> saved new best checkpoint (val_acc=0.8623) to checkpoints/exp39e_ema_s0.pt
epoch  57/80  train_loss=0.1651  val_slot_acc=0.9647  val_loss=0.7999  val_acc=0.8666  lr=2.32e-04  (16.2s)
  -> saved new best checkpoint (val_acc=0.8666) to checkpoints/exp39e_ema_s0.pt
epoch  58/80  train_loss=0.1587  val_slot_acc=0.9673  val_loss=0.7882  val_acc=0.8722  lr=2.15e-04  (16.8s)
  -> saved new best checkpoint (val_acc=0.8722) to checkpoints/exp39e_ema_s0.pt
epoch  59/80  train_loss=0.1603  val_slot_acc=0.9686  val_loss=0.7803  val_acc=0.8744  lr=1.98e-04  (17.8s)
  -> saved new best checkpoint (val_acc=0.8744) to checkpoints/exp39e_ema_s0.pt
epoch  60/80  train_loss=0.1498  val_slot_acc=0.9712  val_loss=0.7733  val_acc=0.8793  lr=1.81e-04  (17.6s)
  -> saved new best checkpoint (val_acc=0.8793) to checkpoints/exp39e_ema_s0.pt
epoch  61/80  train_loss=0.1455  val_slot_acc=0.9752  val_loss=0.7676  val_acc=0.8801  lr=1.65e-04  (15.1s)
  -> saved new best checkpoint (val_acc=0.8801) to checkpoints/exp39e_ema_s0.pt
epoch  62/80  train_loss=0.1439  val_slot_acc=0.9765  val_loss=0.7629  val_acc=0.8808  lr=1.50e-04  (14.9s)
  -> saved new best checkpoint (val_acc=0.8808) to checkpoints/exp39e_ema_s0.pt
epoch  63/80  train_loss=0.1472  val_slot_acc=0.9791  val_loss=0.7590  val_acc=0.8822  lr=1.36e-04  (14.9s)
  -> saved new best checkpoint (val_acc=0.8822) to checkpoints/exp39e_ema_s0.pt
epoch  64/80  train_loss=0.1507  val_slot_acc=0.9791  val_loss=0.7562  val_acc=0.8822  lr=1.22e-04  (15.1s)
epoch  65/80  train_loss=0.1419  val_slot_acc=0.9778  val_loss=0.7537  val_acc=0.8822  lr=1.08e-04  (14.9s)
epoch  66/80  train_loss=0.1334  val_slot_acc=0.9791  val_loss=0.7516  val_acc=0.8829  lr=9.55e-05  (15.5s)
  -> saved new best checkpoint (val_acc=0.8829) to checkpoints/exp39e_ema_s0.pt
epoch  67/80  train_loss=0.1433  val_slot_acc=0.9791  val_loss=0.7493  val_acc=0.8850  lr=8.35e-05  (15.4s)
  -> saved new best checkpoint (val_acc=0.8850) to checkpoints/exp39e_ema_s0.pt
epoch  68/80  train_loss=0.1372  val_slot_acc=0.9791  val_loss=0.7477  val_acc=0.8850  lr=7.23e-05  (15.2s)
epoch  69/80  train_loss=0.1389  val_slot_acc=0.9778  val_loss=0.7466  val_acc=0.8843  lr=6.18e-05  (13.7s)
epoch  70/80  train_loss=0.1359  val_slot_acc=0.9804  val_loss=0.7456  val_acc=0.8843  lr=5.21e-05  (12.6s)
epoch  71/80  train_loss=0.1328  val_slot_acc=0.9804  val_loss=0.7445  val_acc=0.8829  lr=4.32e-05  (13.4s)
epoch  72/80  train_loss=0.1316  val_slot_acc=0.9804  val_loss=0.7438  val_acc=0.8829  lr=3.51e-05  (14.7s)
epoch  73/80  train_loss=0.1377  val_slot_acc=0.9804  val_loss=0.7435  val_acc=0.8843  lr=2.78e-05  (15.4s)
epoch  74/80  train_loss=0.1336  val_slot_acc=0.9804  val_loss=0.7427  val_acc=0.8850  lr=2.13e-05  (16.1s)
epoch  75/80  train_loss=0.1343  val_slot_acc=0.9804  val_loss=0.7421  val_acc=0.8850  lr=1.57e-05  (14.8s)
epoch  76/80  train_loss=0.1255  val_slot_acc=0.9804  val_loss=0.7416  val_acc=0.8843  lr=1.09e-05  (15.1s)
epoch  77/80  train_loss=0.1255  val_slot_acc=0.9804  val_loss=0.7413  val_acc=0.8836  lr=7.00e-06  (15.7s)
epoch  78/80  train_loss=0.1261  val_slot_acc=0.9804  val_loss=0.7409  val_acc=0.8829  lr=3.94e-06  (13.9s)
epoch  79/80  train_loss=0.1241  val_slot_acc=0.9804  val_loss=0.7406  val_acc=0.8815  lr=1.75e-06  (11.8s)
epoch  80/80  train_loss=0.1249  val_slot_acc=0.9804  val_loss=0.7403  val_acc=0.8815  lr=4.39e-07  (11.4s)

Done. Best val_acc=0.8850, checkpoint at checkpoints/exp39e_ema_s0.pt
