Using device: cuda, model: crnn, augment: False, seed: 2
Feature config: {'window_s': 5.0, 'trim': True}
Waveform augmentation on, noise bank: 11 train-split clips
--extra-oos-clips: 1500 numerals clips added as OUT_OF_SCOPE
train: 10773 examples (train_fraction=1.0), val: 1409 examples
Slot heads on: 5229 labeled train clips, weight 0.3
Using ConfusablePairLoss (alpha=2.0, gamma=0.0, label_smoothing=0.0)
Model params: 99,373
epoch   1/80  train_loss=3.3616  val_slot_acc=0.3281  val_loss=3.5887  val_acc=0.0170  lr=1.00e-05  (28.5s)
  -> saved new best checkpoint (val_acc=0.0170) to checkpoints/exp39d_numoos_s2.pt
epoch   2/80  train_loss=3.3049  val_slot_acc=0.3830  val_loss=3.4085  val_acc=0.1859  lr=2.08e-04  (30.3s)
  -> saved new best checkpoint (val_acc=0.1859) to checkpoints/exp39d_numoos_s2.pt
epoch   3/80  train_loss=2.9491  val_slot_acc=0.4562  val_loss=2.7755  val_acc=0.4003  lr=4.06e-04  (28.7s)
  -> saved new best checkpoint (val_acc=0.4003) to checkpoints/exp39d_numoos_s2.pt
epoch   4/80  train_loss=2.4086  val_slot_acc=0.6039  val_loss=2.2688  val_acc=0.5458  lr=6.04e-04  (31.2s)
  -> saved new best checkpoint (val_acc=0.5458) to checkpoints/exp39d_numoos_s2.pt
epoch   5/80  train_loss=1.8227  val_slot_acc=0.7425  val_loss=1.9467  val_acc=0.6011  lr=8.02e-04  (25.1s)
  -> saved new best checkpoint (val_acc=0.6011) to checkpoints/exp39d_numoos_s2.pt
epoch   6/80  train_loss=1.4363  val_slot_acc=0.8745  val_loss=1.6065  val_acc=0.7346  lr=1.00e-03  (25.3s)
  -> saved new best checkpoint (val_acc=0.7346) to checkpoints/exp39d_numoos_s2.pt
epoch   7/80  train_loss=1.1680  val_slot_acc=0.8941  val_loss=1.3436  val_acc=0.7686  lr=1.00e-03  (19.5s)
  -> saved new best checkpoint (val_acc=0.7686) to checkpoints/exp39d_numoos_s2.pt
epoch   8/80  train_loss=0.9994  val_slot_acc=0.9333  val_loss=1.2237  val_acc=0.8006  lr=9.98e-04  (18.5s)
  -> saved new best checkpoint (val_acc=0.8006) to checkpoints/exp39d_numoos_s2.pt
epoch   9/80  train_loss=0.8567  val_slot_acc=0.9163  val_loss=1.1363  val_acc=0.8041  lr=9.96e-04  (16.3s)
  -> saved new best checkpoint (val_acc=0.8041) to checkpoints/exp39d_numoos_s2.pt
epoch  10/80  train_loss=0.7878  val_slot_acc=0.9425  val_loss=1.0373  val_acc=0.8162  lr=9.93e-04  (17.2s)
  -> saved new best checkpoint (val_acc=0.8162) to checkpoints/exp39d_numoos_s2.pt
epoch  11/80  train_loss=0.7061  val_slot_acc=0.9438  val_loss=1.0238  val_acc=0.8261  lr=9.89e-04  (16.7s)
  -> saved new best checkpoint (val_acc=0.8261) to checkpoints/exp39d_numoos_s2.pt
epoch  12/80  train_loss=0.6654  val_slot_acc=0.9516  val_loss=0.9971  val_acc=0.8304  lr=9.84e-04  (13.5s)
  -> saved new best checkpoint (val_acc=0.8304) to checkpoints/exp39d_numoos_s2.pt
epoch  13/80  train_loss=0.6066  val_slot_acc=0.9608  val_loss=0.8187  val_acc=0.8552  lr=9.79e-04  (16.7s)
  -> saved new best checkpoint (val_acc=0.8552) to checkpoints/exp39d_numoos_s2.pt
epoch  14/80  train_loss=0.5834  val_slot_acc=0.9464  val_loss=0.8750  val_acc=0.8460  lr=9.72e-04  (18.3s)
epoch  15/80  train_loss=0.5410  val_slot_acc=0.9542  val_loss=0.8366  val_acc=0.8538  lr=9.65e-04  (18.4s)
epoch  16/80  train_loss=0.5014  val_slot_acc=0.9595  val_loss=0.8417  val_acc=0.8566  lr=9.57e-04  (18.5s)
  -> saved new best checkpoint (val_acc=0.8566) to checkpoints/exp39d_numoos_s2.pt
epoch  17/80  train_loss=0.4767  val_slot_acc=0.9621  val_loss=0.8458  val_acc=0.8517  lr=9.48e-04  (18.6s)
epoch  18/80  train_loss=0.4463  val_slot_acc=0.9608  val_loss=0.8098  val_acc=0.8652  lr=9.38e-04  (21.6s)
  -> saved new best checkpoint (val_acc=0.8652) to checkpoints/exp39d_numoos_s2.pt
epoch  19/80  train_loss=0.4275  val_slot_acc=0.9621  val_loss=0.7593  val_acc=0.8673  lr=9.28e-04  (16.5s)
  -> saved new best checkpoint (val_acc=0.8673) to checkpoints/exp39d_numoos_s2.pt
epoch  20/80  train_loss=0.4155  val_slot_acc=0.9647  val_loss=0.8399  val_acc=0.8495  lr=9.16e-04  (16.1s)
epoch  21/80  train_loss=0.4111  val_slot_acc=0.9673  val_loss=0.8040  val_acc=0.8602  lr=9.05e-04  (18.9s)
epoch  22/80  train_loss=0.3853  val_slot_acc=0.9595  val_loss=0.7966  val_acc=0.8680  lr=8.92e-04  (14.8s)
  -> saved new best checkpoint (val_acc=0.8680) to checkpoints/exp39d_numoos_s2.pt
epoch  23/80  train_loss=0.3656  val_slot_acc=0.9595  val_loss=0.8301  val_acc=0.8517  lr=8.78e-04  (16.8s)
epoch  24/80  train_loss=0.3593  val_slot_acc=0.9621  val_loss=0.7440  val_acc=0.8616  lr=8.64e-04  (15.3s)
epoch  25/80  train_loss=0.3409  val_slot_acc=0.9673  val_loss=0.7018  val_acc=0.8751  lr=8.50e-04  (15.8s)
  -> saved new best checkpoint (val_acc=0.8751) to checkpoints/exp39d_numoos_s2.pt
epoch  26/80  train_loss=0.3262  val_slot_acc=0.9647  val_loss=0.7663  val_acc=0.8687  lr=8.35e-04  (15.0s)
epoch  27/80  train_loss=0.3150  val_slot_acc=0.9686  val_loss=0.7499  val_acc=0.8687  lr=8.19e-04  (15.2s)
epoch  28/80  train_loss=0.3038  val_slot_acc=0.9621  val_loss=0.7542  val_acc=0.8737  lr=8.02e-04  (14.8s)
epoch  29/80  train_loss=0.2855  val_slot_acc=0.9621  val_loss=0.8153  val_acc=0.8659  lr=7.85e-04  (15.3s)
epoch  30/80  train_loss=0.2689  val_slot_acc=0.9673  val_loss=0.7669  val_acc=0.8708  lr=7.68e-04  (15.8s)
epoch  31/80  train_loss=0.2859  val_slot_acc=0.9725  val_loss=0.8085  val_acc=0.8644  lr=7.50e-04  (16.5s)
epoch  32/80  train_loss=0.2557  val_slot_acc=0.9660  val_loss=0.7290  val_acc=0.8751  lr=7.32e-04  (16.0s)
epoch  33/80  train_loss=0.2576  val_slot_acc=0.9582  val_loss=0.7374  val_acc=0.8730  lr=7.13e-04  (16.3s)
epoch  34/80  train_loss=0.2394  val_slot_acc=0.9725  val_loss=0.7679  val_acc=0.8730  lr=6.94e-04  (16.9s)
epoch  35/80  train_loss=0.2414  val_slot_acc=0.9804  val_loss=0.7236  val_acc=0.8801  lr=6.74e-04  (17.6s)
  -> saved new best checkpoint (val_acc=0.8801) to checkpoints/exp39d_numoos_s2.pt
epoch  36/80  train_loss=0.2291  val_slot_acc=0.9673  val_loss=0.7458  val_acc=0.8680  lr=6.55e-04  (18.6s)
epoch  37/80  train_loss=0.2294  val_slot_acc=0.9686  val_loss=0.7159  val_acc=0.8694  lr=6.34e-04  (16.1s)
epoch  38/80  train_loss=0.2291  val_slot_acc=0.9699  val_loss=0.7240  val_acc=0.8744  lr=6.14e-04  (18.4s)
epoch  39/80  train_loss=0.2081  val_slot_acc=0.9699  val_loss=0.6988  val_acc=0.8765  lr=5.94e-04  (16.0s)
epoch  40/80  train_loss=0.2051  val_slot_acc=0.9673  val_loss=0.6691  val_acc=0.8872  lr=5.73e-04  (16.0s)
  -> saved new best checkpoint (val_acc=0.8872) to checkpoints/exp39d_numoos_s2.pt
epoch  41/80  train_loss=0.2060  val_slot_acc=0.9699  val_loss=0.6744  val_acc=0.8907  lr=5.52e-04  (15.2s)
  -> saved new best checkpoint (val_acc=0.8907) to checkpoints/exp39d_numoos_s2.pt
epoch  42/80  train_loss=0.1953  val_slot_acc=0.9699  val_loss=0.7026  val_acc=0.8822  lr=5.31e-04  (16.7s)
epoch  43/80  train_loss=0.1916  val_slot_acc=0.9725  val_loss=0.6895  val_acc=0.8765  lr=5.10e-04  (15.5s)
epoch  44/80  train_loss=0.1975  val_slot_acc=0.9647  val_loss=0.7105  val_acc=0.8737  lr=4.90e-04  (16.1s)
epoch  45/80  train_loss=0.1825  val_slot_acc=0.9660  val_loss=0.6870  val_acc=0.8822  lr=4.69e-04  (16.4s)
epoch  46/80  train_loss=0.1744  val_slot_acc=0.9621  val_loss=0.7078  val_acc=0.8737  lr=4.48e-04  (16.4s)
epoch  47/80  train_loss=0.1687  val_slot_acc=0.9660  val_loss=0.7178  val_acc=0.8772  lr=4.27e-04  (18.5s)
epoch  48/80  train_loss=0.1667  val_slot_acc=0.9673  val_loss=0.7471  val_acc=0.8758  lr=4.06e-04  (16.1s)
epoch  49/80  train_loss=0.1635  val_slot_acc=0.9673  val_loss=0.7332  val_acc=0.8822  lr=3.86e-04  (15.7s)
epoch  50/80  train_loss=0.1523  val_slot_acc=0.9660  val_loss=0.6933  val_acc=0.8921  lr=3.66e-04  (18.5s)
  -> saved new best checkpoint (val_acc=0.8921) to checkpoints/exp39d_numoos_s2.pt
epoch  51/80  train_loss=0.1619  val_slot_acc=0.9686  val_loss=0.6871  val_acc=0.8829  lr=3.45e-04  (15.7s)
epoch  52/80  train_loss=0.1497  val_slot_acc=0.9712  val_loss=0.7565  val_acc=0.8715  lr=3.26e-04  (18.9s)
epoch  53/80  train_loss=0.1596  val_slot_acc=0.9699  val_loss=0.7026  val_acc=0.8779  lr=3.06e-04  (18.1s)
epoch  54/80  train_loss=0.1411  val_slot_acc=0.9686  val_loss=0.6865  val_acc=0.8872  lr=2.87e-04  (19.5s)
epoch  55/80  train_loss=0.1435  val_slot_acc=0.9712  val_loss=0.6844  val_acc=0.8836  lr=2.68e-04  (17.5s)
epoch  56/80  train_loss=0.1427  val_slot_acc=0.9739  val_loss=0.6867  val_acc=0.8822  lr=2.50e-04  (16.3s)
epoch  57/80  train_loss=0.1373  val_slot_acc=0.9699  val_loss=0.7061  val_acc=0.8843  lr=2.32e-04  (17.0s)
epoch  58/80  train_loss=0.1393  val_slot_acc=0.9725  val_loss=0.7015  val_acc=0.8822  lr=2.15e-04  (20.4s)
epoch  59/80  train_loss=0.1301  val_slot_acc=0.9739  val_loss=0.7168  val_acc=0.8758  lr=1.98e-04  (18.9s)
epoch  60/80  train_loss=0.1274  val_slot_acc=0.9699  val_loss=0.7038  val_acc=0.8815  lr=1.81e-04  (17.5s)
epoch  61/80  train_loss=0.1340  val_slot_acc=0.9712  val_loss=0.6794  val_acc=0.8900  lr=1.65e-04  (16.0s)
epoch  62/80  train_loss=0.1339  val_slot_acc=0.9725  val_loss=0.6765  val_acc=0.8950  lr=1.50e-04  (15.1s)
  -> saved new best checkpoint (val_acc=0.8950) to checkpoints/exp39d_numoos_s2.pt
epoch  63/80  train_loss=0.1187  val_slot_acc=0.9712  val_loss=0.6894  val_acc=0.8943  lr=1.36e-04  (15.6s)
epoch  64/80  train_loss=0.1282  val_slot_acc=0.9686  val_loss=0.6795  val_acc=0.8971  lr=1.22e-04  (14.6s)
  -> saved new best checkpoint (val_acc=0.8971) to checkpoints/exp39d_numoos_s2.pt
epoch  65/80  train_loss=0.1251  val_slot_acc=0.9725  val_loss=0.6941  val_acc=0.8872  lr=1.08e-04  (15.1s)
epoch  66/80  train_loss=0.1203  val_slot_acc=0.9699  val_loss=0.6784  val_acc=0.8921  lr=9.55e-05  (14.8s)
epoch  67/80  train_loss=0.1164  val_slot_acc=0.9739  val_loss=0.6866  val_acc=0.8893  lr=8.35e-05  (15.1s)
epoch  68/80  train_loss=0.1184  val_slot_acc=0.9725  val_loss=0.6877  val_acc=0.8928  lr=7.23e-05  (15.2s)
epoch  69/80  train_loss=0.1113  val_slot_acc=0.9739  val_loss=0.6726  val_acc=0.8928  lr=6.18e-05  (14.9s)
epoch  70/80  train_loss=0.1181  val_slot_acc=0.9712  val_loss=0.6793  val_acc=0.8921  lr=5.21e-05  (15.8s)
epoch  71/80  train_loss=0.1167  val_slot_acc=0.9725  val_loss=0.6947  val_acc=0.8914  lr=4.32e-05  (14.9s)
epoch  72/80  train_loss=0.1104  val_slot_acc=0.9739  val_loss=0.6820  val_acc=0.8943  lr=3.51e-05  (15.2s)
epoch  73/80  train_loss=0.1150  val_slot_acc=0.9725  val_loss=0.6844  val_acc=0.8928  lr=2.78e-05  (14.0s)
epoch  74/80  train_loss=0.1118  val_slot_acc=0.9739  val_loss=0.6838  val_acc=0.8879  lr=2.13e-05  (15.2s)
epoch  75/80  train_loss=0.1149  val_slot_acc=0.9725  val_loss=0.6886  val_acc=0.8921  lr=1.57e-05  (14.9s)
epoch  76/80  train_loss=0.1068  val_slot_acc=0.9739  val_loss=0.6885  val_acc=0.8914  lr=1.09e-05  (14.3s)
epoch  77/80  train_loss=0.1125  val_slot_acc=0.9739  val_loss=0.6877  val_acc=0.8935  lr=7.00e-06  (13.5s)
epoch  78/80  train_loss=0.1079  val_slot_acc=0.9739  val_loss=0.6881  val_acc=0.8943  lr=3.94e-06  (11.2s)
epoch  79/80  train_loss=0.1099  val_slot_acc=0.9739  val_loss=0.6865  val_acc=0.8943  lr=1.75e-06  (12.1s)
epoch  80/80  train_loss=0.1107  val_slot_acc=0.9739  val_loss=0.6831  val_acc=0.8928  lr=4.39e-07  (12.0s)

Done. Best val_acc=0.8971, checkpoint at checkpoints/exp39d_numoos_s2.pt
