Using device: cuda, model: crnn, augment: True, seed: 1
Feature config: {'window_s': 5.0, 'trim': True}
Waveform augmentation on, noise bank: 11 train-split clips
--extra-oos-clips: 1500 numerals clips added as OUT_OF_SCOPE
train: 10773 examples (train_fraction=1.0), val: 1409 examples
Using knowledge distillation (weight=1.0, temperature=3.0) from data/me2/ensemble37_labels.csv
Slot heads on: 5229 labeled train clips, weight 0.3
Using ConfusablePairLoss (alpha=2.0, gamma=0.0, label_smoothing=0.0)
Model params: 181,936
epoch   1/80  train_loss=17.2554  val_slot_acc=0.3268  val_loss=3.5926  val_acc=0.0965  lr=1.00e-05  (25.6s)
  -> saved new best checkpoint (val_acc=0.0965) to checkpoints/exp40b_combo_distill_s1.pt
epoch   2/80  train_loss=16.5024  val_slot_acc=0.3569  val_loss=3.5237  val_acc=0.1718  lr=2.08e-04  (24.8s)
  -> saved new best checkpoint (val_acc=0.1718) to checkpoints/exp40b_combo_distill_s1.pt
epoch   3/80  train_loss=14.8818  val_slot_acc=0.3974  val_loss=3.3616  val_acc=0.2023  lr=4.06e-04  (23.4s)
  -> saved new best checkpoint (val_acc=0.2023) to checkpoints/exp40b_combo_distill_s1.pt
epoch   4/80  train_loss=13.7237  val_slot_acc=0.4196  val_loss=3.1602  val_acc=0.3350  lr=6.04e-04  (24.4s)
  -> saved new best checkpoint (val_acc=0.3350) to checkpoints/exp40b_combo_distill_s1.pt
epoch   5/80  train_loss=11.7226  val_slot_acc=0.5072  val_loss=2.8948  val_acc=0.5323  lr=8.02e-04  (25.6s)
  -> saved new best checkpoint (val_acc=0.5323) to checkpoints/exp40b_combo_distill_s1.pt
epoch   6/80  train_loss=8.1187  val_slot_acc=0.6078  val_loss=2.2341  val_acc=0.6828  lr=1.00e-03  (27.3s)
  -> saved new best checkpoint (val_acc=0.6828) to checkpoints/exp40b_combo_distill_s1.pt
epoch   7/80  train_loss=5.9812  val_slot_acc=0.6863  val_loss=1.9429  val_acc=0.7438  lr=1.00e-03  (22.8s)
  -> saved new best checkpoint (val_acc=0.7438) to checkpoints/exp40b_combo_distill_s1.pt
epoch   8/80  train_loss=4.8023  val_slot_acc=0.7320  val_loss=1.4553  val_acc=0.7850  lr=9.98e-04  (22.2s)
  -> saved new best checkpoint (val_acc=0.7850) to checkpoints/exp40b_combo_distill_s1.pt
epoch   9/80  train_loss=4.0323  val_slot_acc=0.7699  val_loss=1.3646  val_acc=0.8084  lr=9.96e-04  (20.6s)
  -> saved new best checkpoint (val_acc=0.8084) to checkpoints/exp40b_combo_distill_s1.pt
epoch  10/80  train_loss=3.5139  val_slot_acc=0.7830  val_loss=1.3838  val_acc=0.8013  lr=9.93e-04  (20.9s)
epoch  11/80  train_loss=3.1065  val_slot_acc=0.8562  val_loss=1.1908  val_acc=0.8282  lr=9.89e-04  (22.0s)
  -> saved new best checkpoint (val_acc=0.8282) to checkpoints/exp40b_combo_distill_s1.pt
epoch  12/80  train_loss=2.7929  val_slot_acc=0.8654  val_loss=0.9773  val_acc=0.8502  lr=9.84e-04  (20.1s)
  -> saved new best checkpoint (val_acc=0.8502) to checkpoints/exp40b_combo_distill_s1.pt
epoch  13/80  train_loss=2.5791  val_slot_acc=0.8797  val_loss=0.9536  val_acc=0.8531  lr=9.79e-04  (20.3s)
  -> saved new best checkpoint (val_acc=0.8531) to checkpoints/exp40b_combo_distill_s1.pt
epoch  14/80  train_loss=2.3923  val_slot_acc=0.9124  val_loss=1.0048  val_acc=0.8531  lr=9.72e-04  (20.8s)
epoch  15/80  train_loss=2.1868  val_slot_acc=0.8915  val_loss=0.8928  val_acc=0.8616  lr=9.65e-04  (19.8s)
  -> saved new best checkpoint (val_acc=0.8616) to checkpoints/exp40b_combo_distill_s1.pt
epoch  16/80  train_loss=2.1368  val_slot_acc=0.9229  val_loss=0.8849  val_acc=0.8616  lr=9.57e-04  (24.3s)
epoch  17/80  train_loss=1.9970  val_slot_acc=0.9137  val_loss=0.8535  val_acc=0.8609  lr=9.48e-04  (29.6s)
epoch  18/80  train_loss=1.9102  val_slot_acc=0.9438  val_loss=0.8653  val_acc=0.8602  lr=9.38e-04  (21.1s)
epoch  19/80  train_loss=1.7937  val_slot_acc=0.9477  val_loss=0.7699  val_acc=0.8694  lr=9.28e-04  (22.1s)
  -> saved new best checkpoint (val_acc=0.8694) to checkpoints/exp40b_combo_distill_s1.pt
epoch  20/80  train_loss=1.7808  val_slot_acc=0.9477  val_loss=0.7715  val_acc=0.8758  lr=9.16e-04  (20.3s)
  -> saved new best checkpoint (val_acc=0.8758) to checkpoints/exp40b_combo_distill_s1.pt
epoch  21/80  train_loss=1.7183  val_slot_acc=0.9412  val_loss=0.8169  val_acc=0.8708  lr=9.05e-04  (22.0s)
epoch  22/80  train_loss=1.6355  val_slot_acc=0.9503  val_loss=0.7191  val_acc=0.8801  lr=8.92e-04  (21.4s)
  -> saved new best checkpoint (val_acc=0.8801) to checkpoints/exp40b_combo_distill_s1.pt
epoch  23/80  train_loss=1.6035  val_slot_acc=0.9647  val_loss=0.7073  val_acc=0.8893  lr=8.78e-04  (21.1s)
  -> saved new best checkpoint (val_acc=0.8893) to checkpoints/exp40b_combo_distill_s1.pt
epoch  24/80  train_loss=1.5903  val_slot_acc=0.9634  val_loss=0.7242  val_acc=0.8779  lr=8.64e-04  (21.0s)
epoch  25/80  train_loss=1.5122  val_slot_acc=0.9503  val_loss=0.7056  val_acc=0.8815  lr=8.50e-04  (23.0s)
epoch  26/80  train_loss=1.4675  val_slot_acc=0.9490  val_loss=0.7130  val_acc=0.8843  lr=8.35e-04  (21.2s)
epoch  27/80  train_loss=1.4198  val_slot_acc=0.9542  val_loss=0.6978  val_acc=0.8872  lr=8.19e-04  (20.8s)
epoch  28/80  train_loss=1.4301  val_slot_acc=0.9542  val_loss=0.6262  val_acc=0.8992  lr=8.02e-04  (21.7s)
  -> saved new best checkpoint (val_acc=0.8992) to checkpoints/exp40b_combo_distill_s1.pt
epoch  29/80  train_loss=1.3668  val_slot_acc=0.9490  val_loss=0.6777  val_acc=0.8914  lr=7.85e-04  (20.6s)
epoch  30/80  train_loss=1.3577  val_slot_acc=0.9647  val_loss=0.6397  val_acc=0.8957  lr=7.68e-04  (21.5s)
epoch  31/80  train_loss=1.3534  val_slot_acc=0.9516  val_loss=0.6973  val_acc=0.8907  lr=7.50e-04  (20.8s)
epoch  32/80  train_loss=1.3235  val_slot_acc=0.9595  val_loss=0.7077  val_acc=0.8907  lr=7.32e-04  (24.5s)
epoch  33/80  train_loss=1.3052  val_slot_acc=0.9542  val_loss=0.6208  val_acc=0.9006  lr=7.13e-04  (21.1s)
  -> saved new best checkpoint (val_acc=0.9006) to checkpoints/exp40b_combo_distill_s1.pt
epoch  34/80  train_loss=1.2516  val_slot_acc=0.9660  val_loss=0.6321  val_acc=0.8957  lr=6.94e-04  (21.6s)
epoch  35/80  train_loss=1.2467  val_slot_acc=0.9582  val_loss=0.5905  val_acc=0.9013  lr=6.74e-04  (20.5s)
  -> saved new best checkpoint (val_acc=0.9013) to checkpoints/exp40b_combo_distill_s1.pt
epoch  36/80  train_loss=1.1915  val_slot_acc=0.9608  val_loss=0.6658  val_acc=0.8928  lr=6.55e-04  (21.1s)
epoch  37/80  train_loss=1.1968  val_slot_acc=0.9621  val_loss=0.6926  val_acc=0.9006  lr=6.34e-04  (20.6s)
epoch  38/80  train_loss=1.1764  val_slot_acc=0.9660  val_loss=0.6191  val_acc=0.8999  lr=6.14e-04  (21.6s)
epoch  39/80  train_loss=1.1180  val_slot_acc=0.9673  val_loss=0.6187  val_acc=0.9070  lr=5.94e-04  (21.6s)
  -> saved new best checkpoint (val_acc=0.9070) to checkpoints/exp40b_combo_distill_s1.pt
epoch  40/80  train_loss=1.1403  val_slot_acc=0.9556  val_loss=0.6132  val_acc=0.9035  lr=5.73e-04  (21.2s)
epoch  41/80  train_loss=1.1138  val_slot_acc=0.9608  val_loss=0.6147  val_acc=0.9006  lr=5.52e-04  (22.6s)
epoch  42/80  train_loss=1.0975  val_slot_acc=0.9608  val_loss=0.6004  val_acc=0.9013  lr=5.31e-04  (21.3s)
epoch  43/80  train_loss=1.1093  val_slot_acc=0.9621  val_loss=0.6402  val_acc=0.8999  lr=5.10e-04  (22.0s)
epoch  44/80  train_loss=1.1116  val_slot_acc=0.9608  val_loss=0.6170  val_acc=0.9006  lr=4.90e-04  (39.8s)
epoch  45/80  train_loss=1.0640  val_slot_acc=0.9621  val_loss=0.5847  val_acc=0.9106  lr=4.69e-04  (22.9s)
  -> saved new best checkpoint (val_acc=0.9106) to checkpoints/exp40b_combo_distill_s1.pt
epoch  46/80  train_loss=1.0602  val_slot_acc=0.9647  val_loss=0.6025  val_acc=0.9056  lr=4.48e-04  (22.5s)
epoch  47/80  train_loss=1.0379  val_slot_acc=0.9647  val_loss=0.6022  val_acc=0.9042  lr=4.27e-04  (21.1s)
epoch  48/80  train_loss=1.0589  val_slot_acc=0.9647  val_loss=0.5957  val_acc=0.9006  lr=4.06e-04  (22.6s)
epoch  49/80  train_loss=1.0174  val_slot_acc=0.9634  val_loss=0.5727  val_acc=0.9084  lr=3.86e-04  (22.0s)
epoch  50/80  train_loss=0.9866  val_slot_acc=0.9699  val_loss=0.5693  val_acc=0.9092  lr=3.66e-04  (21.7s)
epoch  51/80  train_loss=1.0111  val_slot_acc=0.9634  val_loss=0.5728  val_acc=0.9099  lr=3.45e-04  (19.7s)
epoch  52/80  train_loss=1.0059  val_slot_acc=0.9673  val_loss=0.5732  val_acc=0.9106  lr=3.26e-04  (22.2s)
epoch  53/80  train_loss=0.9545  val_slot_acc=0.9673  val_loss=0.6012  val_acc=0.9092  lr=3.06e-04  (21.5s)
epoch  54/80  train_loss=0.9651  val_slot_acc=0.9699  val_loss=0.5810  val_acc=0.9099  lr=2.87e-04  (22.0s)
epoch  55/80  train_loss=0.9392  val_slot_acc=0.9660  val_loss=0.5993  val_acc=0.9099  lr=2.68e-04  (20.9s)
epoch  56/80  train_loss=0.9614  val_slot_acc=0.9725  val_loss=0.5854  val_acc=0.9084  lr=2.50e-04  (21.9s)
epoch  57/80  train_loss=0.9568  val_slot_acc=0.9712  val_loss=0.5787  val_acc=0.9106  lr=2.32e-04  (22.1s)
epoch  58/80  train_loss=0.9389  val_slot_acc=0.9686  val_loss=0.5822  val_acc=0.9070  lr=2.15e-04  (20.6s)
epoch  59/80  train_loss=0.9332  val_slot_acc=0.9686  val_loss=0.5942  val_acc=0.9056  lr=1.98e-04  (21.4s)
epoch  60/80  train_loss=0.9137  val_slot_acc=0.9725  val_loss=0.5775  val_acc=0.9056  lr=1.81e-04  (22.1s)
epoch  61/80  train_loss=0.9121  val_slot_acc=0.9686  val_loss=0.5951  val_acc=0.9063  lr=1.65e-04  (22.2s)
epoch  62/80  train_loss=0.8984  val_slot_acc=0.9673  val_loss=0.5696  val_acc=0.9092  lr=1.50e-04  (22.1s)
epoch  63/80  train_loss=0.9262  val_slot_acc=0.9673  val_loss=0.5734  val_acc=0.9148  lr=1.36e-04  (21.6s)
  -> saved new best checkpoint (val_acc=0.9148) to checkpoints/exp40b_combo_distill_s1.pt
epoch  64/80  train_loss=0.9123  val_slot_acc=0.9660  val_loss=0.5639  val_acc=0.9120  lr=1.22e-04  (21.4s)
epoch  65/80  train_loss=0.8915  val_slot_acc=0.9712  val_loss=0.5559  val_acc=0.9120  lr=1.08e-04  (22.0s)
epoch  66/80  train_loss=0.8859  val_slot_acc=0.9647  val_loss=0.5687  val_acc=0.9106  lr=9.55e-05  (21.4s)
epoch  67/80  train_loss=0.9103  val_slot_acc=0.9686  val_loss=0.5687  val_acc=0.9134  lr=8.35e-05  (21.9s)
epoch  68/80  train_loss=0.9045  val_slot_acc=0.9634  val_loss=0.5615  val_acc=0.9141  lr=7.23e-05  (20.1s)
epoch  69/80  train_loss=0.8759  val_slot_acc=0.9647  val_loss=0.5536  val_acc=0.9120  lr=6.18e-05  (21.1s)
epoch  70/80  train_loss=0.8827  val_slot_acc=0.9660  val_loss=0.5595  val_acc=0.9127  lr=5.21e-05  (20.5s)
epoch  71/80  train_loss=0.8730  val_slot_acc=0.9647  val_loss=0.5534  val_acc=0.9134  lr=4.32e-05  (20.3s)
epoch  72/80  train_loss=0.8762  val_slot_acc=0.9660  val_loss=0.5524  val_acc=0.9134  lr=3.51e-05  (21.1s)
epoch  73/80  train_loss=0.8757  val_slot_acc=0.9673  val_loss=0.5542  val_acc=0.9134  lr=2.78e-05  (19.4s)
epoch  74/80  train_loss=0.8639  val_slot_acc=0.9647  val_loss=0.5550  val_acc=0.9148  lr=2.13e-05  (20.9s)
epoch  75/80  train_loss=0.8701  val_slot_acc=0.9660  val_loss=0.5543  val_acc=0.9141  lr=1.57e-05  (20.9s)
epoch  76/80  train_loss=0.8868  val_slot_acc=0.9673  val_loss=0.5528  val_acc=0.9141  lr=1.09e-05  (18.4s)
epoch  77/80  train_loss=0.8758  val_slot_acc=0.9660  val_loss=0.5558  val_acc=0.9148  lr=7.00e-06  (21.0s)
epoch  78/80  train_loss=0.8709  val_slot_acc=0.9660  val_loss=0.5558  val_acc=0.9134  lr=3.94e-06  (19.0s)
epoch  79/80  train_loss=0.8768  val_slot_acc=0.9660  val_loss=0.5573  val_acc=0.9134  lr=1.75e-06  (19.5s)
epoch  80/80  train_loss=0.8821  val_slot_acc=0.9660  val_loss=0.5545  val_acc=0.9141  lr=4.39e-07  (14.6s)

Done. Best val_acc=0.9148, checkpoint at checkpoints/exp40b_combo_distill_s1.pt
